Component: ARM Compiler 5.05 update 2 (build 169) Tool: armlink [4d0f33]

==============================================================================

Section Cross References

    hw_config.o(i.Enter_LowPowerMode) refers to usb_pwr.o(.data) for bDeviceState
    hw_config.o(i.Get_SerialNum) refers to hw_config.o(i.IntToUnicode) for IntToUnicode
    hw_config.o(i.Get_SerialNum) refers to usb_desc.o(.data) for MASS_StringSerial
    hw_config.o(i.Leave_LowPowerMode) refers to usb_init.o(.bss) for Device_Info
    hw_config.o(i.Leave_LowPowerMode) refers to usb_pwr.o(.data) for bDeviceState
    hw_config.o(i.Led_Config) refers to stm32373c_eval.o(i.STM_EVAL_LEDInit) for STM_EVAL_LEDInit
    hw_config.o(i.Led_RW_OFF) refers to stm32373c_eval.o(i.STM_EVAL_LEDOff) for STM_EVAL_LEDOff
    hw_config.o(i.Led_RW_ON) refers to stm32373c_eval.o(i.STM_EVAL_LEDOn) for STM_EVAL_LEDOn
    hw_config.o(i.MAL_Config) refers to mass_mal.o(i.MAL_Init) for MAL_Init
    hw_config.o(i.Set_System) refers to stm32f37x_rcc.o(i.RCC_APB2PeriphClockCmd) for RCC_APB2PeriphClockCmd
    hw_config.o(i.Set_System) refers to stm32f37x_rcc.o(i.RCC_AHBPeriphClockCmd) for RCC_AHBPeriphClockCmd
    hw_config.o(i.Set_System) refers to stm32f37x_gpio.o(i.GPIO_Init) for GPIO_Init
    hw_config.o(i.Set_System) refers to stm32f37x_gpio.o(i.GPIO_PinAFConfig) for GPIO_PinAFConfig
    hw_config.o(i.Set_System) refers to stm32f37x_exti.o(i.EXTI_ClearITPendingBit) for EXTI_ClearITPendingBit
    hw_config.o(i.Set_System) refers to stm32f37x_exti.o(i.EXTI_Init) for EXTI_Init
    hw_config.o(i.Set_System) refers to hw_config.o(.data) for .data
    hw_config.o(i.Set_USBClock) refers to stm32f37x_rcc.o(i.RCC_USBCLKConfig) for RCC_USBCLKConfig
    hw_config.o(i.Set_USBClock) refers to stm32f37x_rcc.o(i.RCC_APB1PeriphClockCmd) for RCC_APB1PeriphClockCmd
    hw_config.o(i.USB_Cable_Config) refers to stm32f37x_gpio.o(i.GPIO_SetBits) for GPIO_SetBits
    hw_config.o(i.USB_Cable_Config) refers to stm32f37x_gpio.o(i.GPIO_Init) for GPIO_Init
    hw_config.o(i.USB_Configured_LED) refers to stm32373c_eval.o(i.STM_EVAL_LEDOn) for STM_EVAL_LEDOn
    hw_config.o(i.USB_Interrupts_Config) refers to stm32f37x_misc.o(i.NVIC_PriorityGroupConfig) for NVIC_PriorityGroupConfig
    hw_config.o(i.USB_Interrupts_Config) refers to stm32f37x_misc.o(i.NVIC_Init) for NVIC_Init
    hw_config.o(i.USB_NotConfigured_LED) refers to stm32373c_eval.o(i.STM_EVAL_LEDOff) for STM_EVAL_LEDOff
    main.o(i.main) refers to hw_config.o(i.MAL_Config) for MAL_Config
    main.o(i.main) refers to hw_config.o(i.Set_System) for Set_System
    main.o(i.main) refers to hw_config.o(i.Set_USBClock) for Set_USBClock
    main.o(i.main) refers to hw_config.o(i.Led_Config) for Led_Config
    main.o(i.main) refers to stm32373c_eval.o(i.STM_EVAL_LEDOn) for STM_EVAL_LEDOn
    main.o(i.main) refers to hw_config.o(i.USB_Interrupts_Config) for USB_Interrupts_Config
    main.o(i.main) refers to usb_init.o(i.USB_Init) for USB_Init
    main.o(i.main) refers to hw_config.o(i.USB_Configured_LED) for USB_Configured_LED
    main.o(i.main) refers to main.o(.data) for .data
    main.o(i.main) refers to usb_pwr.o(.data) for bDeviceState
    mass_mal.o(i.MAL_Init) refers to stm32f37x_flash.o(i.FLASH_Unlock) for FLASH_Unlock
    mass_mal.o(i.MAL_Init) refers to stm32f37x_flash.o(i.FLASH_ClearFlag) for FLASH_ClearFlag
    mass_mal.o(i.MAL_Init) refers to stm32f37x_flash.o(i.FLASH_ErasePage) for FLASH_ErasePage
    mass_mal.o(i.MAL_Init) refers to stm32f37x_flash.o(i.FLASH_GetFlagStatus) for FLASH_GetFlagStatus
    mass_mal.o(i.MAL_Init) refers to stm32f37x_flash.o(i.FLASH_ProgramWord) for FLASH_ProgramWord
    mass_mal.o(i.MAL_Init) refers to stm32f37x_flash.o(i.FLASH_ProgramHalfWord) for FLASH_ProgramHalfWord
    mass_mal.o(i.MAL_Init) refers to stm32f37x_flash.o(i.FLASH_Lock) for FLASH_Lock
    mass_mal.o(i.MAL_Init) refers to mass_mal.o(.data) for .data
    mass_mal.o(i.MAL_Init) refers to mass_mal.o(.constdata) for .constdata
    mass_mal.o(i.MAL_Write) refers to stm32f37x_flash.o(i.FLASH_Unlock) for FLASH_Unlock
    mass_mal.o(i.MAL_Write) refers to stm32f37x_flash.o(i.FLASH_GetFlagStatus) for FLASH_GetFlagStatus
    mass_mal.o(i.MAL_Write) refers to stm32f37x_flash.o(i.FLASH_ClearFlag) for FLASH_ClearFlag
    mass_mal.o(i.MAL_Write) refers to stm32f37x_flash.o(i.FLASH_ErasePage) for FLASH_ErasePage
    mass_mal.o(i.MAL_Write) refers to stm32f37x_flash.o(i.FLASH_ProgramWord) for FLASH_ProgramWord
    mass_mal.o(i.MAL_Write) refers to stm32f37x_flash.o(i.FLASH_Lock) for FLASH_Lock
    mass_mal.o(i.MAL_Write) refers to mass_mal.o(.bss) for .bss
    memory.o(i.Read_Memory) refers to usb_sil.o(i.USB_SIL_Write) for USB_SIL_Write
    memory.o(i.Read_Memory) refers to usb_regs.o(i.SetEPTxCount) for SetEPTxCount
    memory.o(i.Read_Memory) refers to usb_regs.o(i.SetEPTxStatus) for SetEPTxStatus
    memory.o(i.Read_Memory) refers to hw_config.o(i.Led_RW_ON) for Led_RW_ON
[...]
    Removing stm32f37x_i2c.o(i.I2C_GetTransferDirection), (18 bytes).
    Removing stm32f37x_i2c.o(i.I2C_ITConfig), (16 bytes).
    Removing stm32f37x_i2c.o(i.I2C_IdleClockTimeoutCmd), (20 bytes).
    Removing stm32f37x_i2c.o(i.I2C_Init), (96 bytes).
    Removing stm32f37x_i2c.o(i.I2C_MasterRequestConfig), (20 bytes).
    Removing stm32f37x_i2c.o(i.I2C_NumberOfBytesConfig), (14 bytes).
    Removing stm32f37x_i2c.o(i.I2C_OwnAddress2Config), (30 bytes).
    Removing stm32f37x_i2c.o(i.I2C_PECRequestCmd), (20 bytes).
    Removing stm32f37x_i2c.o(i.I2C_ReadRegister), (10 bytes).
    Removing stm32f37x_i2c.o(i.I2C_ReceiveData), (6 bytes).
    Removing stm32f37x_i2c.o(i.I2C_ReloadCmd), (20 bytes).
    Removing stm32f37x_i2c.o(i.I2C_SMBusAlertCmd), (20 bytes).
    Removing stm32f37x_i2c.o(i.I2C_SendData), (4 bytes).
    Removing stm32f37x_i2c.o(i.I2C_SlaveAddressConfig), (16 bytes).
    Removing stm32f37x_i2c.o(i.I2C_SlaveByteControlCmd), (20 bytes).
    Removing stm32f37x_i2c.o(i.I2C_SoftwareResetCmd), (20 bytes).
    Removing stm32f37x_i2c.o(i.I2C_StopModeCmd), (20 bytes).
    Removing stm32f37x_i2c.o(i.I2C_StretchClockCmd), (20 bytes).
    Removing stm32f37x_i2c.o(i.I2C_StructInit), (22 bytes).
    Removing stm32f37x_i2c.o(i.I2C_TimeoutAConfig), (16 bytes).
    Removing stm32f37x_i2c.o(i.I2C_TimeoutBConfig), (24 bytes).
    Removing stm32f37x_i2c.o(i.I2C_TransferHandling), (32 bytes).
    Removing stm32f37x_usart.o(.rev16_text), (4 bytes).
    Removing stm32f37x_usart.o(.revsh_text), (4 bytes).
    Removing stm32f37x_usart.o(.rrx_text), (6 bytes).
    Removing stm32f37x_usart.o(i.USART_AddressDetectionConfig), (16 bytes).
    Removing stm32f37x_usart.o(i.USART_AutoBaudRateCmd), (20 bytes).
    Removing stm32f37x_usart.o(i.USART_AutoBaudRateConfig), (16 bytes).
    Removing stm32f37x_usart.o(i.USART_ClearFlag), (4 bytes).
    Removing stm32f37x_usart.o(i.USART_ClearITPendingBit), (10 bytes).
    Removing stm32f37x_usart.o(i.USART_ClockInit), (28 bytes).
    Removing stm32f37x_usart.o(i.USART_ClockStructInit), (12 bytes).
    Removing stm32f37x_usart.o(i.USART_Cmd), (20 bytes).
    Removing stm32f37x_usart.o(i.USART_DECmd), (20 bytes).
    Removing stm32f37x_usart.o(i.USART_DEPolarityConfig), (16 bytes).
    Removing stm32f37x_usart.o(i.USART_DMACmd), (16 bytes).
    Removing stm32f37x_usart.o(i.USART_DMAReceptionErrorConfig), (16 bytes).
    Removing stm32f37x_usart.o(i.USART_DataInvCmd), (20 bytes).
    Removing stm32f37x_usart.o(i.USART_DeInit), (84 bytes).
    Removing stm32f37x_usart.o(i.USART_DirectionModeCmd), (16 bytes).
    Removing stm32f37x_usart.o(i.USART_GetFlagStatus), (14 bytes).
    Removing stm32f37x_usart.o(i.USART_GetITStatus), (58 bytes).
    Removing stm32f37x_usart.o(i.USART_HalfDuplexCmd), (20 bytes).
    Removing stm32f37x_usart.o(i.USART_ITConfig), (40 bytes).
    Removing stm32f37x_usart.o(i.USART_Init), (172 bytes).
    Removing stm32f37x_usart.o(i.USART_InvPinCmd), (16 bytes).
    Removing stm32f37x_usart.o(i.USART_IrDACmd), (20 bytes).
    Removing stm32f37x_usart.o(i.USART_IrDAConfig), (16 bytes).
    Removing stm32f37x_usart.o(i.USART_LINBreakDetectLengthConfig), (16 bytes).
    Removing stm32f37x_usart.o(i.USART_LINCmd), (20 bytes).
    Removing stm32f37x_usart.o(i.USART_MSBFirstCmd), (20 bytes).
    Removing stm32f37x_usart.o(i.USART_MuteModeCmd), (20 bytes).
    Removing stm32f37x_usart.o(i.USART_MuteModeWakeUpConfig), (16 bytes).
    Removing stm32f37x_usart.o(i.USART_OneBitMethodCmd), (20 bytes).
    Removing stm32f37x_usart.o(i.USART_OverSampling8Cmd), (20 bytes).
    Removing stm32f37x_usart.o(i.USART_OverrunDetectionConfig), (16 bytes).
    Removing stm32f37x_usart.o(i.USART_ReceiveData), (8 bytes).
    Removing stm32f37x_usart.o(i.USART_ReceiverTimeOutCmd), (20 bytes).
    Removing stm32f37x_usart.o(i.USART_RequestCmd), (16 bytes).
    Removing stm32f37x_usart.o(i.USART_STOPModeCmd), (20 bytes).
    Removing stm32f37x_usart.o(i.USART_SWAPPinCmd), (20 bytes).
    Removing stm32f37x_usart.o(i.USART_SendData), (8 bytes).
    Removing stm32f37x_usart.o(i.USART_SetAddress), (18 bytes).
    Removing stm32f37x_usart.o(i.USART_SetAutoRetryCount), (18 bytes).
    Removing stm32f37x_usart.o(i.USART_SetBlockLength), (18 bytes).
    Removing stm32f37x_usart.o(i.USART_SetDEAssertionTime), (18 bytes).
    Removing stm32f37x_usart.o(i.USART_SetDEDeassertionTime), (18 bytes).
    Removing stm32f37x_usart.o(i.USART_SetGuardTime), (16 bytes).
    Removing stm32f37x_usart.o(i.USART_SetPrescaler), (16 bytes).
    Removing stm32f37x_usart.o(i.USART_SetReceiverTimeOut), (16 bytes).
    Removing stm32f37x_usart.o(i.USART_SmartCardCmd), (20 bytes).
    Removing stm32f37x_usart.o(i.USART_SmartCardNACKCmd), (20 bytes).
    Removing stm32f37x_usart.o(i.USART_StopModeWakeUpSourceConfig), (16 bytes).
    Removing stm32f37x_usart.o(i.USART_StructInit), (22 bytes).
    Removing stm32373c_eval.o(.rev16_text), (4 bytes).
    Removing stm32373c_eval.o(.revsh_text), (4 bytes).
    Removing stm32373c_eval.o(.rrx_text), (6 bytes).
    Removing stm32373c_eval.o(i.LM75_LowLevel_DeInit), (88 bytes).
    Removing stm32373c_eval.o(i.LM75_LowLevel_Init), (128 bytes).
    Removing stm32373c_eval.o(i.SD_LowLevel_DeInit), (120 bytes).
    Removing stm32373c_eval.o(i.SD_LowLevel_Init), (268 bytes).
    Removing stm32373c_eval.o(i.STM_EVAL_COMInit), (188 bytes).
    Removing stm32373c_eval.o(i.STM_EVAL_LEDToggle), (28 bytes).
    Removing stm32373c_eval.o(i.STM_EVAL_PBGetState), (36 bytes).
    Removing stm32373c_eval.o(i.STM_EVAL_PBInit), (168 bytes).
    Removing stm32373c_eval.o(i.sEE_I2C_LowLevel_DeInit), (84 bytes).
    Removing stm32373c_eval.o(i.sEE_I2C_LowLevel_Init), (112 bytes).

390 unused section(s) (total 10433 bytes) removed from the image.

==============================================================================

Image Symbol Table

    Local Symbols

    Symbol Name                              Value     Ov Type        Size  Object(Section)

    ../clib/../cmprslib/zerorunl2.c          0x00000000   Number         0  __dczerorl2.o ABSOLUTE
    ../clib/microlib/init/entry.s            0x00000000   Number         0  entry7b.o ABSOLUTE
    ../clib/microlib/init/entry.s            0x00000000   Number         0  entry8a.o ABSOLUTE
    ../clib/microlib/init/entry.s            0x00000000   Number         0  entry10a.o ABSOLUTE
    ../clib/microlib/init/entry.s            0x00000000   Number         0  entry8b.o ABSOLUTE
    ../clib/microlib/init/entry.s            0x00000000   Number         0  entry9a.o ABSOLUTE
    ../clib/microlib/init/entry.s            0x00000000   Number         0  entry9b.o ABSOLUTE
    ../clib/microlib/init/entry.s            0x00000000   Number         0  entry10b.o ABSOLUTE
    ../clib/microlib/init/entry.s            0x00000000   Number         0  entry11a.o ABSOLUTE
    ../clib/microlib/init/entry.s            0x00000000   Number         0  entry11b.o ABSOLUTE
    ../clib/microlib/init/entry.s            0x00000000   Number         0  entry.o ABSOLUTE
    ../clib/microlib/init/entry.s            0x00000000   Number         0  entry2.o ABSOLUTE
    ../clib/microlib/init/entry.s            0x00000000   Number         0  entry5.o ABSOLUTE
    ../clib/microlib/init/entry.s            0x00000000   Number         0  entry7a.o ABSOLUTE
    ..\..\..\Libraries\CMSIS\Device\ST\STM32F37x\Source\Templates\arm\startup_stm32f37x.s 0x00000000   Number         0  startup_stm32f37x.o ABSOLUTE
    ..\..\..\Libraries\STM32F37x_StdPeriph_Driver\src\stm32f37x_dma.c 0x00000000   Number         0  stm32f37x_dma.o ABSOLUTE
    ..\..\..\Libraries\STM32F37x_StdPeriph_Driver\src\stm32f37x_exti.c 0x00000000   Number         0  stm32f37x_exti.o ABSOLUTE
    ..\..\..\Libraries\STM32F37x_StdPeriph_Driver\src\stm32f37x_flash.c 0x00000000   Number         0  stm32f37x_flash.o ABSOLUTE
    ..\..\..\Libraries\STM32F37x_StdPeriph_Driver\src\stm32f37x_gpio.c 0x00000000   Number         0  stm32f37x_gpio.o ABSOLUTE
    ..\..\..\Libraries\STM32F37x_StdPeriph_Driver\src\stm32f37x_i2c.c 0x00000000   Number         0  stm32f37x_i2c.o ABSOLUTE
    ..\..\..\Libraries\STM32F37x_StdPeriph_Driver\src\stm32f37x_misc.c 0x00000000   Number         0  stm32f37x_misc.o ABSOLUTE
    ..\..\..\Libraries\STM32F37x_StdPeriph_Driver\src\stm32f37x_pwr.c 0x00000000   Number         0  stm32f37x_pwr.o ABSOLUTE
    ..\..\..\Libraries\STM32F37x_StdPeriph_Driver\src\stm32f37x_rcc.c 0x00000000   Number         0  stm32f37x_rcc.o ABSOLUTE
    ..\..\..\Libraries\STM32F37x_StdPeriph_Driver\src\stm32f37x_spi.c 0x00000000   Number         0  stm32f37x_spi.o ABSOLUTE
    ..\..\..\Libraries\STM32F37x_StdPeriph_Driver\src\stm32f37x_syscfg.c 0x00000000   Number         0  stm32f37x_syscfg.o ABSOLUTE
    ..\..\..\Libraries\STM32F37x_StdPeriph_Driver\src\stm32f37x_usart.c 0x00000000   Number         0  stm32f37x_usart.o ABSOLUTE
    ..\..\..\Libraries\STM32_USB-FS-Device_Driver\src\usb_core.c 0x00000000   Number         0  usb_core.o ABSOLUTE
    ..\..\..\Libraries\STM32_USB-FS-Device_Driver\src\usb_init.c 0x00000000   Number         0  usb_init.o ABSOLUTE
    ..\..\..\Libraries\STM32_USB-FS-Device_Driver\src\usb_int.c 0x00000000   Number         0  usb_int.o ABSOLUTE
    ..\..\..\Libraries\STM32_USB-FS-Device_Driver\src\usb_mem.c 0x00000000   Number         0  usb_mem.o ABSOLUTE
    ..\..\..\Libraries\STM32_USB-FS-Device_Driver\src\usb_regs.c 0x00000000   Number         0  usb_regs.o ABSOLUTE
    ..\..\..\Libraries\STM32_USB-FS-Device_Driver\src\usb_sil.c 0x00000000   Number         0  usb_sil.o ABSOLUTE
    ..\..\..\Utilities\STM32_EVAL\STM32373C_EVAL\stm32373c_eval.c 0x00000000   Number         0  stm32373c_eval.o ABSOLUTE
    ..\\..\\..\\Libraries\\STM32F37x_StdPeriph_Driver\\src\\stm32f37x_dma.c 0x00000000   Number         0  stm32f37x_dma.o ABSOLUTE
    ..\\..\\..\\Libraries\\STM32F37x_StdPeriph_Driver\\src\\stm32f37x_exti.c 0x00000000   Number         0  stm32f37x_exti.o ABSOLUTE
    ..\\..\\..\\Libraries\\STM32F37x_StdPeriph_Driver\\src\\stm32f37x_flash.c 0x00000000   Number         0  stm32f37x_flash.o ABSOLUTE
    ..\\..\\..\\Libraries\\STM32F37x_StdPeriph_Driver\\src\\stm32f37x_gpio.c 0x00000000   Number         0  stm32f37x_gpio.o ABSOLUTE
    ..\\..\\..\\Libraries\\STM32F37x_StdPeriph_Driver\\src\\stm32f37x_i2c.c 0x00000000   Number         0  stm32f37x_i2c.o ABSOLUTE
    ..\\..\\..\\Libraries\\STM32F37x_StdPeriph_Driver\\src\\stm32f37x_misc.c 0x00000000   Number         0  stm32f37x_misc.o ABSOLUTE
    ..\\..\\..\\Libraries\\STM32F37x_StdPeriph_Driver\\src\\stm32f37x_pwr.c 0x00000000   Number         0  stm32f37x_pwr.o ABSOLUTE
    ..\\..\\..\\Libraries\\STM32F37x_StdPeriph_Driver\\src\\stm32f37x_rcc.c 0x00000000   Number         0  stm32f37x_rcc.o ABSOLUTE
    ..\\..\\..\\Libraries\\STM32F37x_StdPeriph_Driver\\src\\stm32f37x_spi.c 0x00000000   Number         0  stm32f37x_spi.o ABSOLUTE
    ..\\..\\..\\Libraries\\STM32F37x_StdPeriph_Driver\\src\\stm32f37x_syscfg.c 0x00000000   Number         0  stm32f37x_syscfg.o ABSOLUTE
    ..\\..\\..\\Libraries\\STM32F37x_StdPeriph_Driver\\src\\stm32f37x_usart.c 0x00000000   Number         0  stm32f37x_usart.o ABSOLUTE
    ..\\..\\..\\Libraries\\STM32_USB-FS-Device_Driver\\src\\usb_core.c 0x00000000   Number         0  usb_core.o ABSOLUTE
    ..\\..\\..\\Libraries\\STM32_USB-FS-Device_Driver\\src\\usb_init.c 0x00000000   Number         0  usb_init.o ABSOLUTE
    ..\\..\\..\\Libraries\\STM32_USB-FS-Device_Driver\\src\\usb_int.c 0x00000000   Number         0  usb_int.o ABSOLUTE
    ..\\..\\..\\Libraries\\STM32_USB-FS-Device_Driver\\src\\usb_mem.c 0x00000000   Number         0  usb_mem.o ABSOLUTE
    ..\\..\\..\\Libraries\\STM32_USB-FS-Device_Driver\\src\\usb_regs.c 0x00000000   Number         0  usb_regs.o ABSOLUTE
    ..\\..\\..\\Libraries\\STM32_USB-FS-Device_Driver\\src\\usb_sil.c 0x00000000   Number         0  usb_sil.o ABSOLUTE
    ..\\..\\..\\Utilities\\STM32_EVAL\\STM32373C_EVAL\\stm32373c_eval.c 0x00000000   Number         0  stm32373c_eval.o ABSOLUTE
    ..\\src\\hw_config.c                     0x00000000   Number         0  hw_config.o ABSOLUTE
    ..\\src\\main.c                          0x00000000   Number         0  main.o ABSOLUTE
    ..\\src\\mass_mal.c                      0x00000000   Number         0  mass_mal.o ABSOLUTE
    ..\\src\\memory.c                        0x00000000   Number         0  memory.o ABSOLUTE
    ..\\src\\scsi_data.c                     0x00000000   Number         0  scsi_data.o ABSOLUTE
    ..\\src\\stm32_it.c                      0x00000000   Number         0  stm32_it.o ABSOLUTE
    ..\\src\\system_stm32f37x.c              0x00000000   Number         0  system_stm32f37x.o ABSOLUTE
    ..\\src\\usb_bot.c                       0x00000000   Number         0  usb_bot.o ABSOLUTE
    ..\\src\\usb_desc.c                      0x00000000   Number         0  usb_desc.o ABSOLUTE
    ..\\src\\usb_endp.c                      0x00000000   Number         0  usb_endp.o ABSOLUTE
    ..\\src\\usb_istr.c                      0x00000000   Number         0  usb_istr.o ABSOLUTE
    ..\\src\\usb_prop.c                      0x00000000   Number         0  usb_prop.o ABSOLUTE
    ..\\src\\usb_pwr.c                       0x00000000   Number         0  usb_pwr.o ABSOLUTE
    ..\\src\\usb_scsi.c                      0x00000000   Number         0  usb_scsi.o ABSOLUTE
    ..\src\hw_config.c                       0x00000000   Number         0  hw_config.o ABSOLUTE
    ..\src\main.c                            0x00000000   Number         0  main.o ABSOLUTE
    ..\src\mass_mal.c                        0x00000000   Number         0  mass_mal.o ABSOLUTE
    ..\src\memory.c                          0x00000000   Number         0  memory.o ABSOLUTE
    ..\src\scsi_data.c                       0x00000000   Number         0  scsi_data.o ABSOLUTE
    ..\src\stm32_it.c                        0x00000000   Number         0  stm32_it.o ABSOLUTE
    ..\src\system_stm32f37x.c                0x00000000   Number         0  system_stm32f37x.o ABSOLUTE
    ..\src\usb_bot.c                         0x00000000   Number         0  usb_bot.o ABSOLUTE
    ..\src\usb_desc.c                        0x00000000   Number         0  usb_desc.o ABSOLUTE
    ..\src\usb_endp.c                        0x00000000   Number         0  usb_endp.o ABSOLUTE
    ..\src\usb_istr.c                        0x00000000   Number         0  usb_istr.o ABSOLUTE
    ..\src\usb_prop.c                        0x00000000   Number         0  usb_prop.o ABSOLUTE
    ..\src\usb_pwr.c                         0x00000000   Number         0  usb_pwr.o ABSOLUTE
    ..\src\usb_scsi.c                        0x00000000   Number         0  usb_scsi.o ABSOLUTE
    dc.s                                     0x00000000   Number         0  dc.o ABSOLUTE
    handlers.s                               0x00000000   Number         0  handlers.o ABSOLUTE
    init.s                                   0x00000000   Number         0  init.o ABSOLUTE
    RESET                                    0x08000000   Section      392  startup_stm32f37x.o(RESET)
    .ARM.Collect$$$$00000000                 0x08000188   Section        0  entry.o(.ARM.Collect$$$$00000000)
    .ARM.Collect$$$$00000001                 0x08000188   Section        4  entry2.o(.ARM.Collect$$$$00000001)
    .ARM.Collect$$$$00000004                 0x0800018c   Section        4  entry5.o(.ARM.Collect$$$$00000004)
    .ARM.Collect$$$$00000008                 0x08000190   Section        0  entry7b.o(.ARM.Collect$$$$00000008)
    .ARM.Collect$$$$0000000A                 0x08000190   Section        0  entry8b.o(.ARM.Collect$$$$0000000A)
    .ARM.Collect$$$$0000000B                 0x08000190   Section        8  entry9a.o(.ARM.Collect$$$$0000000B)
    .ARM.Collect$$$$0000000D                 0x08000198   Section        0  entry10a.o(.ARM.Collect$$$$0000000D)
    .ARM.Collect$$$$0000000F                 0x08000198   Section        0  entry11a.o(.ARM.Collect$$$$0000000F)
    .ARM.Collect$$$$00002712                 0x08000198   Section        4  entry2.o(.ARM.Collect$$$$00002712)
    __lit__00000000                          0x08000198   Data           4  entry2.o(.ARM.Collect$$$$00002712)
    .text                                    0x0800019c   Section       36  startup_stm32f37x.o(.text)
    $v0                                      0x0800019c   Number         0  startup_stm32f37x.o(.text)
    .text                                    0x080001c0   Section       36  init.o(.text)
    .text                                    0x080001e4   Section        0  __dczerorl2.o(.text)
    i.Bot_Abort                              0x0800023a   Section        0  usb_bot.o(i.Bot_Abort)
    i.BusFault_Handler                       0x0800026c   Section        0  stm32_it.o(i.BusFault_Handler)
    i.ByteSwap                               0x0800026e   Section        0  usb_regs.o(i.ByteSwap)
    i.CBW_Decode                             0x08000278   Section        0  usb_bot.o(i.CBW_Decode)
    i.CTR_LP                                 0x08000410   Section        0  usb_int.o(i.CTR_LP)
    i.ClearDTOG_RX                           0x0800056c   Section        0  usb_regs.o(i.ClearDTOG_RX)
    i.ClearDTOG_TX                           0x08000594   Section        0  usb_regs.o(i.ClearDTOG_TX)
    i.Clear_Status_Out                       0x080005bc   Section        0  usb_regs.o(i.Clear_Status_Out)
    i.DataStageIn                            0x080005dc   Section        0  usb_core.o(i.DataStageIn)
    DataStageIn                              0x080005dd   Thumb Code   156  usb_core.o(i.DataStageIn)
    i.DataStageOut                           0x08000690   Section        0  usb_core.o(i.DataStageOut)
    DataStageOut                             0x08000691   Thumb Code   142  usb_core.o(i.DataStageOut)
    i.Data_Setup0                            0x08000734   Section        0  usb_core.o(i.Data_Setup0)
    Data_Setup0                              0x08000735   Thumb Code   376  usb_core.o(i.Data_Setup0)
    i.DebugMon_Handler                       0x080008d0   Section        0  stm32_it.o(i.DebugMon_Handler)
    i.EP1_IN_Callback                        0x080008d2   Section        0  usb_endp.o(i.EP1_IN_Callback)
    i.EP2_OUT_Callback                       0x080008d6   Section        0  usb_endp.o(i.EP2_OUT_Callback)
    i.EXTI_ClearITPendingBit                 0x080008dc   Section        0  stm32f37x_exti.o(i.EXTI_ClearITPendingBit)
    i.EXTI_Init                              0x080008e8   Section        0  stm32f37x_exti.o(i.EXTI_Init)
    i.FLASH_ClearFlag                        0x08000958   Section        0  stm32f37x_flash.o(i.FLASH_ClearFlag)
    i.FLASH_ErasePage                        0x08000964   Section        0  stm32f37x_flash.o(i.FLASH_ErasePage)
    i.FLASH_GetFlagStatus                    0x080009a0   Section        0  stm32f37x_flash.o(i.FLASH_GetFlagStatus)
    i.FLASH_GetStatus                        0x080009b4   Section        0  stm32f37x_flash.o(i.FLASH_GetStatus)
    i.FLASH_Lock                             0x080009dc   Section        0  stm32f37x_flash.o(i.FLASH_Lock)
    i.FLASH_ProgramHalfWord                  0x080009ec   Section        0  stm32f37x_flash.o(i.FLASH_ProgramHalfWord)
    i.FLASH_ProgramWord                      0x08000a20   Section        0  stm32f37x_flash.o(i.FLASH_ProgramWord)
    i.FLASH_Unlock                           0x08000a6c   Section        0  stm32f37x_flash.o(i.FLASH_Unlock)
    i.FLASH_WaitForLastOperation             0x08000a8c   Section        0  stm32f37x_flash.o(i.FLASH_WaitForLastOperation)
    i.GPIO_Init                              0x08000ab0   Section        0  stm32f37x_gpio.o(i.GPIO_Init)
    i.GPIO_PinAFConfig                       0x08000b28   Section        0  stm32f37x_gpio.o(i.GPIO_PinAFConfig)
    i.GPIO_SetBits                           0x08000b48   Section        0  stm32f37x_gpio.o(i.GPIO_SetBits)
    i.GetEPRxAddr                            0x08000b4c   Section        0  usb_regs.o(i.GetEPRxAddr)
    i.GetEPRxCount                           0x08000b6c   Section        0  usb_regs.o(i.GetEPRxCount)
    i.GetEPRxStatus                          0x08000b8c   Section        0  usb_regs.o(i.GetEPRxStatus)
    i.GetEPTxAddr                            0x08000ba4   Section        0  usb_regs.o(i.GetEPTxAddr)
    i.Get_Max_Lun                            0x08000bc0   Section        0  usb_prop.o(i.Get_Max_Lun)
    i.Get_SerialNum                          0x08000bdc   Section        0  hw_config.o(i.Get_SerialNum)
    i.HardFault_Handler                      0x08000c10   Section        0  stm32_it.o(i.HardFault_Handler)
    i.In0_Process                            0x08000c14   Section        0  usb_core.o(i.In0_Process)
    i.IntToUnicode                           0x08000c70   Section        0  hw_config.o(i.IntToUnicode)
    IntToUnicode                             0x08000c71   Thumb Code    56  hw_config.o(i.IntToUnicode)
    i.Leave_LowPowerMode                     0x08000ca8   Section        0  hw_config.o(i.Leave_LowPowerMode)
    i.Led_Config                             0x08000cc4   Section        0  hw_config.o(i.Led_Config)
    i.Led_RW_OFF                             0x08000cd6   Section        0  hw_config.o(i.Led_RW_OFF)
    i.Led_RW_ON                              0x08000cdc   Section        0  hw_config.o(i.Led_RW_ON)
    i.MAL_Config                             0x08000ce2   Section        0  hw_config.o(i.MAL_Config)
    i.MAL_GetStatus                          0x08000ce8   Section        0  mass_mal.o(i.MAL_GetStatus)
    i.MAL_Init                               0x08000cf0   Section        0  mass_mal.o(i.MAL_Init)
    i.MAL_Read                               0x08000f50   Section        0  mass_mal.o(i.MAL_Read)
    i.MAL_Write                              0x08000f78   Section        0  mass_mal.o(i.MAL_Write)
    i.MASS_Data_Setup                        0x08001030   Section        0  usb_prop.o(i.MASS_Data_Setup)
    i.MASS_GetConfigDescriptor               0x08001070   Section        0  usb_prop.o(i.MASS_GetConfigDescriptor)
    i.MASS_GetDeviceDescriptor               0x0800107c   Section        0  usb_prop.o(i.MASS_GetDeviceDescriptor)
    i.MASS_GetStringDescriptor               0x08001088   Section        0  usb_prop.o(i.MASS_GetStringDescriptor)
    i.MASS_Get_Interface_Setting             0x080010a8   Section        0  usb_prop.o(i.MASS_Get_Interface_Setting)
    i.MASS_NoData_Setup                      0x080010b4   Section        0  usb_prop.o(i.MASS_NoData_Setup)
    i.MASS_Reset                             0x08001104   Section        0  usb_prop.o(i.MASS_Reset)
    i.MASS_Status_In                         0x080011ec   Section        0  usb_prop.o(i.MASS_Status_In)
    i.MASS_Status_Out                        0x080011ee   Section        0  usb_prop.o(i.MASS_Status_Out)
    i.MASS_init                              0x080011f0   Section        0  usb_prop.o(i.MASS_init)
    i.Mass_Storage_ClearFeature              0x08001214   Section        0  usb_prop.o(i.Mass_Storage_ClearFeature)
    i.Mass_Storage_In                        0x08001230   Section        0  usb_bot.o(i.Mass_Storage_In)
    i.Mass_Storage_Out                       0x08001298   Section        0  usb_bot.o(i.Mass_Storage_Out)
    i.Mass_Storage_SetConfiguration          0x080012f8   Section        0  usb_prop.o(i.Mass_Storage_SetConfiguration)
    i.Mass_Storage_SetDeviceAddress          0x0800132c   Section        0  usb_prop.o(i.Mass_Storage_SetDeviceAddress)
    i.MemManage_Handler                      0x08001338   Section        0  stm32_it.o(i.MemManage_Handler)
    i.NMI_Handler                            0x0800133a   Section        0  stm32_it.o(i.NMI_Handler)
    i.NOP_Process                            0x0800133c   Section        0  usb_core.o(i.NOP_Process)
    i.NVIC_Init                              0x08001340   Section        0  stm32f37x_misc.o(i.NVIC_Init)
    i.NVIC_PriorityGroupConfig               0x080013a4   Section        0  stm32f37x_misc.o(i.NVIC_PriorityGroupConfig)
    i.NoData_Setup0                          0x080013b8   Section        0  usb_core.o(i.NoData_Setup0)
    NoData_Setup0                            0x080013b9   Thumb Code   190  usb_core.o(i.NoData_Setup0)
    i.Out0_Process                           0x0800148c   Section        0  usb_core.o(i.Out0_Process)
    i.PMAToUserBufferCopy                    0x080014d4   Section        0  usb_mem.o(i.PMAToUserBufferCopy)
    i.PendSV_Handler                         0x080014f4   Section        0  stm32_it.o(i.PendSV_Handler)
    i.Post0_Process                          0x080014f8   Section        0  usb_core.o(i.Post0_Process)
    i.PowerOn                                0x0800153c   Section        0  usb_pwr.o(i.PowerOn)
    i.RCC_AHBPeriphClockCmd                  0x08001568   Section        0  stm32f37x_rcc.o(i.RCC_AHBPeriphClockCmd)
    i.RCC_APB1PeriphClockCmd                 0x08001580   Section        0  stm32f37x_rcc.o(i.RCC_APB1PeriphClockCmd)
    i.RCC_APB2PeriphClockCmd                 0x08001598   Section        0  stm32f37x_rcc.o(i.RCC_APB2PeriphClockCmd)
    i.RCC_USBCLKConfig                       0x080015b0   Section        0  stm32f37x_rcc.o(i.RCC_USBCLKConfig)
    i.Read_Memory                            0x080015bc   Section        0  memory.o(i.Read_Memory)
    i.Resume                                 0x0800167c   Section        0  usb_pwr.o(i.Resume)
    i.Resume_Init                            0x08001710   Section        0  usb_pwr.o(i.Resume_Init)
    i.SCSI_Address_Management                0x08001730   Section        0  usb_scsi.o(i.SCSI_Address_Management)
    i.SCSI_Format_Cmd                        0x080017a4   Section        0  usb_scsi.o(i.SCSI_Format_Cmd)
    i.SCSI_Inquiry_Cmd                       0x080017d4   Section        0  usb_scsi.o(i.SCSI_Inquiry_Cmd)
    i.SCSI_Invalid_Cmd                       0x08001808   Section        0  usb_scsi.o(i.SCSI_Invalid_Cmd)
    i.SCSI_ModeSense10_Cmd                   0x0800183c   Section        0  usb_scsi.o(i.SCSI_ModeSense10_Cmd)
    i.SCSI_ModeSense6_Cmd                    0x08001848   Section        0  usb_scsi.o(i.SCSI_ModeSense6_Cmd)
    i.SCSI_Read10_Cmd                        0x08001854   Section        0  usb_scsi.o(i.SCSI_Read10_Cmd)
    i.SCSI_ReadCapacity10_Cmd                0x080018bc   Section        0  usb_scsi.o(i.SCSI_ReadCapacity10_Cmd)
    i.SCSI_ReadFormatCapacity_Cmd            0x0800192c   Section        0  usb_scsi.o(i.SCSI_ReadFormatCapacity_Cmd)
    i.SCSI_RequestSense_Cmd                  0x08001998   Section        0  usb_scsi.o(i.SCSI_RequestSense_Cmd)
    i.SCSI_Start_Stop_Unit_Cmd               0x080019b0   Section        0  usb_scsi.o(i.SCSI_Start_Stop_Unit_Cmd)
    i.SCSI_TestUnitReady_Cmd                 0x080019b8   Section        0  usb_scsi.o(i.SCSI_TestUnitReady_Cmd)
    i.SCSI_Verify10_Cmd                      0x080019f0   Section        0  usb_scsi.o(i.SCSI_Verify10_Cmd)
    i.SCSI_Write10_Cmd                       0x08001a24   Section        0  usb_scsi.o(i.SCSI_Write10_Cmd)
    i.STM_EVAL_LEDInit                       0x08001a88   Section        0  stm32373c_eval.o(i.STM_EVAL_LEDInit)
    i.STM_EVAL_LEDOff                        0x08001ad8   Section        0  stm32373c_eval.o(i.STM_EVAL_LEDOff)
    i.STM_EVAL_LEDOn                         0x08001af0   Section        0  stm32373c_eval.o(i.STM_EVAL_LEDOn)
    i.SVC_Handler                            0x08001b08   Section        0  stm32_it.o(i.SVC_Handler)
    i.SetBTABLE                              0x08001b0c   Section        0  usb_regs.o(i.SetBTABLE)
    i.SetDeviceAddress                       0x08001b1c   Section        0  usb_core.o(i.SetDeviceAddress)
    i.SetEPRxAddr                            0x08001b64   Section        0  usb_regs.o(i.SetEPRxAddr)
    i.SetEPRxCount                           0x08001b84   Section        0  usb_regs.o(i.SetEPRxCount)
    i.SetEPRxStatus                          0x08001bc4   Section        0  usb_regs.o(i.SetEPRxStatus)
    i.SetEPRxValid                           0x08001bf4   Section        0  usb_regs.o(i.SetEPRxValid)
    i.SetEPTxAddr                            0x08001c18   Section        0  usb_regs.o(i.SetEPTxAddr)
    i.SetEPTxCount                           0x08001c38   Section        0  usb_regs.o(i.SetEPTxCount)
    i.SetEPTxStatus                          0x08001c54   Section        0  usb_regs.o(i.SetEPTxStatus)
    i.SetEPType                              0x08001c84   Section        0  usb_regs.o(i.SetEPType)
    i.SetSysClock                            0x08001ca0   Section        0  system_stm32f37x.o(i.SetSysClock)
    SetSysClock                              0x08001ca1   Thumb Code   140  system_stm32f37x.o(i.SetSysClock)
    i.Set_CSW                                0x08001d34   Section        0  usb_bot.o(i.Set_CSW)
    i.Set_Scsi_Sense_Data                    0x08001d70   Section        0  usb_scsi.o(i.Set_Scsi_Sense_Data)
    i.Set_System                             0x08001d7c   Section        0  hw_config.o(i.Set_System)
    i.Set_USBClock                           0x08001e3c   Section        0  hw_config.o(i.Set_USBClock)
    i.Setup0_Process                         0x08001e50   Section        0  usb_core.o(i.Setup0_Process)
    i.Standard_ClearFeature                  0x08001eb8   Section        0  usb_core.o(i.Standard_ClearFeature)
    i.Standard_GetConfiguration              0x08001fb4   Section        0  usb_core.o(i.Standard_GetConfiguration)
    i.Standard_GetDescriptorData             0x08001fdc   Section        0  usb_core.o(i.Standard_GetDescriptorData)
    i.Standard_GetInterface                  0x08001ff8   Section        0  usb_core.o(i.Standard_GetInterface)
    i.Standard_GetStatus                     0x08002020   Section        0  usb_core.o(i.Standard_GetStatus)
    i.Standard_SetConfiguration              0x080020b4   Section        0  usb_core.o(i.Standard_SetConfiguration)
    i.Standard_SetDeviceFeature              0x080020ec   Section        0  usb_core.o(i.Standard_SetDeviceFeature)
    i.Standard_SetEndPointFeature            0x08002110   Section        0  usb_core.o(i.Standard_SetEndPointFeature)
    i.Standard_SetInterface                  0x08002198   Section        0  usb_core.o(i.Standard_SetInterface)
    i.Suspend                                0x080021e0   Section        0  usb_pwr.o(i.Suspend)
    i.SysTick_Handler                        0x08002288   Section        0  stm32_it.o(i.SysTick_Handler)
    i.SystemInit                             0x0800228c   Section        0  system_stm32f37x.o(i.SystemInit)
    i.Transfer_Data_Request                  0x080022f8   Section        0  usb_bot.o(i.Transfer_Data_Request)
    i.USBWakeUp_IRQHandler                   0x0800232c   Section        0  stm32_it.o(i.USBWakeUp_IRQHandler)
    i.USB_Cable_Config                       0x08002334   Section        0  hw_config.o(i.USB_Cable_Config)
    i.USB_Configured_LED                     0x08002364   Section        0  hw_config.o(i.USB_Configured_LED)
    i.USB_Init                               0x0800236c   Section        0  usb_init.o(i.USB_Init)
    i.USB_Interrupts_Config                  0x08002394   Section        0  hw_config.o(i.USB_Interrupts_Config)
    i.USB_Istr                               0x080023d4   Section        0  usb_istr.o(i.USB_Istr)
    i.USB_LP_IRQHandler                      0x08002490   Section        0  stm32_it.o(i.USB_LP_IRQHandler)
    i.USB_NotConfigured_LED                  0x08002494   Section        0  hw_config.o(i.USB_NotConfigured_LED)
    i.USB_SIL_Init                           0x0800249c   Section        0  usb_sil.o(i.USB_SIL_Init)
    i.USB_SIL_Read                           0x080024bc   Section        0  usb_sil.o(i.USB_SIL_Read)
    i.USB_SIL_Write                          0x080024e0   Section        0  usb_sil.o(i.USB_SIL_Write)
    i.UsageFault_Handler                     0x08002506   Section        0  stm32_it.o(i.UsageFault_Handler)
    i.UserToPMABufferCopy                    0x08002508   Section        0  usb_mem.o(i.UserToPMABufferCopy)
    i.Write_Memory                           0x08002534   Section        0  memory.o(i.Write_Memory)
    i.__scatterload_copy                     0x0800260c   Section       14  handlers.o(i.__scatterload_copy)
    i.__scatterload_null                     0x0800261a   Section        2  handlers.o(i.__scatterload_null)
    i.__scatterload_zeroinit                 0x0800261c   Section       14  handlers.o(i.__scatterload_zeroinit)
    i.main                                   0x0800262c   Section        0  main.o(i.main)
    .constdata                               0x08002674   Section      812  mass_mal.o(.constdata)
    FAT_Tab                                  0x08002674   Data           8  mass_mal.o(.constdata)
    FileTAB                                  0x0800267c   Data          96  mass_mal.o(.constdata)
    FileData                                 0x080026dc   Data         644  mass_mal.o(.constdata)
    FAT_DBR_TABLE                            0x08002960   Data          64  mass_mal.o(.constdata)
    .constdata                               0x080029a0   Section       18  usb_desc.o(.constdata)
    .constdata                               0x080029b2   Section       32  usb_desc.o(.constdata)
    .constdata                               0x080029d2   Section        4  usb_desc.o(.constdata)
    .constdata                               0x080029d6   Section       38  usb_desc.o(.constdata)
    .constdata                               0x080029fc   Section       38  usb_desc.o(.constdata)
    .constdata                               0x08002a22   Section       16  usb_desc.o(.constdata)
    .constdata                               0x08002a34   Section      118  stm32373c_eval.o(.constdata)
    .data                                    0x20000000   Section        8  hw_config.o(.data)
    .data                                    0x20000008   Section        4  main.o(.data)
    .data                                    0x2000000c   Section       12  mass_mal.o(.data)
    .data                                    0x20000018   Section       36  memory.o(.data)
    Offset                                   0x20000024   Data           4  memory.o(.data)
    Length                                   0x20000028   Data           4  memory.o(.data)
    W_Offset                                 0x2000002c   Data           4  memory.o(.data)
    W_Length                                 0x20000030   Data           4  memory.o(.data)
    .data                                    0x2000003c   Section        5  scsi_data.o(.data)
    .data                                    0x20000041   Section       36  scsi_data.o(.data)
    .data                                    0x20000065   Section       36  scsi_data.o(.data)
    .data                                    0x20000089   Section        4  scsi_data.o(.data)
    .data                                    0x2000008d   Section        8  scsi_data.o(.data)
    .data                                    0x20000095   Section       18  scsi_data.o(.data)
    .data                                    0x200000a7   Section        8  scsi_data.o(.data)
    .data                                    0x200000af   Section       12  scsi_data.o(.data)
    .data                                    0x200000bc   Section       12  usb_bot.o(.data)
    .data                                    0x200000c8   Section       26  usb_desc.o(.data)
    .data                                    0x200000e2   Section        4  usb_istr.o(.data)
    .data                                    0x200000e8   Section       28  usb_istr.o(.data)
    .data                                    0x20000104   Section       28  usb_istr.o(.data)
    .data                                    0x20000120   Section      108  usb_prop.o(.data)
    .data                                    0x2000018c   Section        2  usb_prop.o(.data)
    .data                                    0x20000190   Section       36  usb_prop.o(.data)
    .data                                    0x200001b4   Section       12  usb_pwr.o(.data)
    .data                                    0x200001c0   Section        1  usb_pwr.o(.data)
    .data                                    0x200001c2   Section        4  usb_core.o(.data)
    .data                                    0x200001c6   Section        1  usb_init.o(.data)
    .data                                    0x200001c8   Section       12  usb_init.o(.data)
    .data                                    0x200001d4   Section        2  usb_init.o(.data)
    .data                                    0x200001d6   Section        4  usb_int.o(.data)
    .data                                    0x200001dc   Section       48  stm32373c_eval.o(.data)
    .bss                                     0x2000020c   Section     2048  mass_mal.o(.bss)
    .bss                                     0x20000a0c   Section     2048  memory.o(.bss)
    .bss                                     0x2000120c   Section      112  usb_bot.o(.bss)
    .bss                                     0x2000127c   Section       32  usb_pwr.o(.bss)
    .bss                                     0x2000129c   Section       28  usb_init.o(.bss)
    STACK                                    0x200012b8   Section     1024  startup_stm32f37x.o(STACK)

    Global Symbols

    Symbol Name                              Value     Ov Type        Size  Object(Section)

    BuildAttributes$$THM_ISAv4$E$P$D$K$B$S$7EM$VFPi3$EXTD16$VFPS$VFMA$PE$A:L22UL41UL21$X:L11$S22US41US21$IEEE1$IW$USESV6$~STKCKD$USESV7$~SHL$OSPACE$EBA8$MICROLIB$REQ8$PRES8$EABIv2 0x00000000   Number         0  anon$$obj.o ABSOLUTE
    __ARM_use_no_argv                        0x00000000   Number         0  main.o ABSOLUTE
    __cpp_initialize__aeabi_                  - Undefined Weak Reference
    __cxa_finalize                            - Undefined Weak Reference
    _clock_init                               - Undefined Weak Reference
    _microlib_exit                            - Undefined Weak Reference
    __Vectors_Size                           0x00000188   Number         0  startup_stm32f37x.o ABSOLUTE
    __Vectors                                0x08000000   Data           4  startup_stm32f37x.o(RESET)
    __Vectors_End                            0x08000188   Data           0  startup_stm32f37x.o(RESET)
    __main                                   0x08000189   Thumb Code     0  entry.o(.ARM.Collect$$$$00000000)
    _main_stk                                0x08000189   Thumb Code     0  entry2.o(.ARM.Collect$$$$00000001)
    _main_scatterload                        0x0800018d   Thumb Code     0  entry5.o(.ARM.Collect$$$$00000004)
    __main_after_scatterload                 0x08000191   Thumb Code     0  entry5.o(.ARM.Collect$$$$00000004)
    _main_clock                              0x08000191   Thumb Code     0  entry7b.o(.ARM.Collect$$$$00000008)
    _main_cpp_init                           0x08000191   Thumb Code     0  entry8b.o(.ARM.Collect$$$$0000000A)
    _main_init                               0x08000191   Thumb Code     0  entry9a.o(.ARM.Collect$$$$0000000B)
    __rt_final_cpp                           0x08000199   Thumb Code     0  entry10a.o(.ARM.Collect$$$$0000000D)
    __rt_final_exit                          0x08000199   Thumb Code     0  entry11a.o(.ARM.Collect$$$$0000000F)
    Reset_Handler                            0x0800019d   Thumb Code     8  startup_stm32f37x.o(.text)
    ADC1_IRQHandler                          0x080001b7   Thumb Code     0  startup_stm32f37x.o(.text)
    CAN1_RX0_IRQHandler                      0x080001b7   Thumb Code     0  startup_stm32f37x.o(.text)
    CAN1_RX1_IRQHandler                      0x080001b7   Thumb Code     0  startup_stm32f37x.o(.text)
    CAN1_SCE_IRQHandler                      0x080001b7   Thumb Code     0  startup_stm32f37x.o(.text)
    CAN1_TX_IRQHandler                       0x080001b7   Thumb Code     0  startup_stm32f37x.o(.text)
    CEC_IRQHandler                           0x080001b7   Thumb Code     0  startup_stm32f37x.o(.text)
    COMP_IRQHandler                          0x080001b7   Thumb Code     0  startup_stm32f37x.o(.text)
    DMA1_Channel1_IRQHandler                 0x080001b7   Thumb Code     0  startup_stm32f37x.o(.text)
    DMA1_Channel2_IRQHandler                 0x080001b7   Thumb Code     0  startup_stm32f37x.o(.text)
    DMA1_Channel3_IRQHandler                 0x080001b7   Thumb Code     0  startup_stm32f37x.o(.text)
    DMA1_Channel4_IRQHandler                 0x080001b7   Thumb Code     0  startup_stm32f37x.o(.text)
    DMA1_Channel5_IRQHandler                 0x080001b7   Thumb Code     0  startup_stm32f37x.o(.text)
    DMA1_Channel6_IRQHandler                 0x080001b7   Thumb Code     0  startup_stm32f37x.o(.text)
    DMA1_Channel7_IRQHandler                 0x080001b7   Thumb Code     0  startup_stm32f37x.o(.text)
    DMA2_Channel1_IRQHandler                 0x080001b7   Thumb Code     0  startup_stm32f37x.o(.text)
    DMA2_Channel2_IRQHandler                 0x080001b7   Thumb Code     0  startup_stm32f37x.o(.text)
    DMA2_Channel3_IRQHandler                 0x080001b7   Thumb Code     0  startup_stm32f37x.o(.text)
    DMA2_Channel4_IRQHandler                 0x080001b7   Thumb Code     0  startup_stm32f37x.o(.text)
    DMA2_Channel5_IRQHandler                 0x080001b7   Thumb Code     0  startup_stm32f37x.o(.text)
    EXTI0_IRQHandler                         0x080001b7   Thumb Code     0  startup_stm32f37x.o(.text)
    EXTI15_10_IRQHandler                     0x080001b7   Thumb Code     0  startup_stm32f37x.o(.text)
    EXTI1_IRQHandler                         0x080001b7   Thumb Code     0  startup_stm32f37x.o(.text)
    EXTI2_TS_IRQHandler                      0x080001b7   Thumb Code     0  startup_stm32f37x.o(.text)
    EXTI3_IRQHandler                         0x080001b7   Thumb Code     0  startup_stm32f37x.o(.text)
    EXTI4_IRQHandler                         0x080001b7   Thumb Code     0  startup_stm32f37x.o(.text)
    EXTI9_5_IRQHandler                       0x080001b7   Thumb Code     0  startup_stm32f37x.o(.text)
    FLASH_IRQHandler                         0x080001b7   Thumb Code     0  startup_stm32f37x.o(.text)
    FPU_IRQHandler                           0x080001b7   Thumb Code     0  startup_stm32f37x.o(.text)
    I2C1_ER_IRQHandler                       0x080001b7   Thumb Code     0  startup_stm32f37x.o(.text)
    I2C1_EV_IRQHandler                       0x080001b7   Thumb Code     0  startup_stm32f37x.o(.text)
    I2C2_ER_IRQHandler                       0x080001b7   Thumb Code     0  startup_stm32f37x.o(.text)
    I2C2_EV_IRQHandler                       0x080001b7   Thumb Code     0  startup_stm32f37x.o(.text)
    PVD_IRQHandler                           0x080001b7   Thumb Code     0  startup_stm32f37x.o(.text)
    RCC_IRQHandler                           0x080001b7   Thumb Code     0  startup_stm32f37x.o(.text)
    RTC_Alarm_IRQHandler                     0x080001b7   Thumb Code     0  startup_stm32f37x.o(.text)
    RTC_WKUP_IRQHandler                      0x080001b7   Thumb Code     0  startup_stm32f37x.o(.text)
    SDADC1_IRQHandler                        0x080001b7   Thumb Code     0  startup_stm32f37x.o(.text)
    SDADC2_IRQHandler                        0x080001b7   Thumb Code     0  startup_stm32f37x.o(.text)
    SDADC3_IRQHandler                        0x080001b7   Thumb Code     0  startup_stm32f37x.o(.text)
    SPI1_IRQHandler                          0x080001b7   Thumb Code     0  startup_stm32f37x.o(.text)
    SPI2_IRQHandler                          0x080001b7   Thumb Code     0  startup_stm32f37x.o(.text)
    SPI3_IRQHandler                          0x080001b7   Thumb Code     0  startup_stm32f37x.o(.text)
    TAMPER_STAMP_IRQHandler                  0x080001b7   Thumb Code     0  startup_stm32f37x.o(.text)
    TIM12_IRQHandler                         0x080001b7   Thumb Code     0  startup_stm32f37x.o(.text)
    TIM13_IRQHandler                         0x080001b7   Thumb Code     0  startup_stm32f37x.o(.text)
    TIM14_IRQHandler                         0x080001b7   Thumb Code     0  startup_stm32f37x.o(.text)
    TIM15_IRQHandler                         0x080001b7   Thumb Code     0  startup_stm32f37x.o(.text)
    TIM16_IRQHandler                         0x080001b7   Thumb Code     0  startup_stm32f37x.o(.text)
    TIM17_IRQHandler                         0x080001b7   Thumb Code     0  startup_stm32f37x.o(.text)
    TIM18_DAC2_IRQHandler                    0x080001b7   Thumb Code     0  startup_stm32f37x.o(.text)
    TIM19_IRQHandler                         0x080001b7   Thumb Code     0  startup_stm32f37x.o(.text)
    TIM2_IRQHandler                          0x080001b7   Thumb Code     0  startup_stm32f37x.o(.text)
    TIM3_IRQHandler                          0x080001b7   Thumb Code     0  startup_stm32f37x.o(.text)
    TIM4_IRQHandler                          0x080001b7   Thumb Code     0  startup_stm32f37x.o(.text)
    TIM5_IRQHandler                          0x080001b7   Thumb Code     0  startup_stm32f37x.o(.text)
    TIM6_DAC1_IRQHandler                     0x080001b7   Thumb Code     0  startup_stm32f37x.o(.text)
    TIM7_IRQHandler                          0x080001b7   Thumb Code     0  startup_stm32f37x.o(.text)
    USART1_IRQHandler                        0x080001b7   Thumb Code     0  startup_stm32f37x.o(.text)
    USART2_IRQHandler                        0x080001b7   Thumb Code     0  startup_stm32f37x.o(.text)
    USART3_IRQHandler                        0x080001b7   Thumb Code     0  startup_stm32f37x.o(.text)
    USB_HP_IRQHandler                        0x080001b7   Thumb Code     0  startup_stm32f37x.o(.text)
    WWDG_IRQHandler                          0x080001b7   Thumb Code     0  startup_stm32f37x.o(.text)
    __scatterload                            0x080001c1   Thumb Code    28  init.o(.text)
    __scatterload_rt2                        0x080001c1   Thumb Code     0  init.o(.text)
    __decompress                             0x080001e5   Thumb Code     0  __dczerorl2.o(.text)
    __decompress1                            0x080001e5   Thumb Code    86  __dczerorl2.o(.text)
    Bot_Abort                                0x0800023b   Thumb Code    50  usb_bot.o(i.Bot_Abort)
    BusFault_Handler                         0x0800026d   Thumb Code     2  stm32_it.o(i.BusFault_Handler)
    ByteSwap                                 0x0800026f   Thumb Code    10  usb_regs.o(i.ByteSwap)
    CBW_Decode                               0x08000279   Thumb Code   392  usb_bot.o(i.CBW_Decode)
    CTR_LP                                   0x08000411   Thumb Code   318  usb_int.o(i.CTR_LP)
    ClearDTOG_RX                             0x0800056d   Thumb Code    36  usb_regs.o(i.ClearDTOG_RX)
    ClearDTOG_TX                             0x08000595   Thumb Code    36  usb_regs.o(i.ClearDTOG_TX)
    Clear_Status_Out                         0x080005bd   Thumb Code    28  usb_regs.o(i.Clear_Status_Out)
    DebugMon_Handler                         0x080008d1   Thumb Code     2  stm32_it.o(i.DebugMon_Handler)
    EP1_IN_Callback                          0x080008d3   Thumb Code     4  usb_endp.o(i.EP1_IN_Callback)
    EP2_OUT_Callback                         0x080008d7   Thumb Code     4  usb_endp.o(i.EP2_OUT_Callback)
    EXTI_ClearITPendingBit                   0x080008dd   Thumb Code     6  stm32f37x_exti.o(i.EXTI_ClearITPendingBit)
    EXTI_Init                                0x080008e9   Thumb Code   108  stm32f37x_exti.o(i.EXTI_Init)
    FLASH_ClearFlag                          0x08000959   Thumb Code     6  stm32f37x_flash.o(i.FLASH_ClearFlag)
    FLASH_ErasePage                          0x08000965   Thumb Code    54  stm32f37x_flash.o(i.FLASH_ErasePage)
    FLASH_GetFlagStatus                      0x080009a1   Thumb Code    16  stm32f37x_flash.o(i.FLASH_GetFlagStatus)
    FLASH_GetStatus                          0x080009b5   Thumb Code    34  stm32f37x_flash.o(i.FLASH_GetStatus)
    FLASH_Lock                               0x080009dd   Thumb Code    12  stm32f37x_flash.o(i.FLASH_Lock)
    FLASH_ProgramHalfWord                    0x080009ed   Thumb Code    48  stm32f37x_flash.o(i.FLASH_ProgramHalfWord)
    FLASH_ProgramWord                        0x08000a21   Thumb Code    70  stm32f37x_flash.o(i.FLASH_ProgramWord)
    FLASH_Unlock                             0x08000a6d   Thumb Code    18  stm32f37x_flash.o(i.FLASH_Unlock)
    FLASH_WaitForLastOperation               0x08000a8d   Thumb Code    36  stm32f37x_flash.o(i.FLASH_WaitForLastOperation)
    GPIO_Init                                0x08000ab1   Thumb Code   120  stm32f37x_gpio.o(i.GPIO_Init)
    GPIO_PinAFConfig                         0x08000b29   Thumb Code    32  stm32f37x_gpio.o(i.GPIO_PinAFConfig)
    GPIO_SetBits                             0x08000b49   Thumb Code     4  stm32f37x_gpio.o(i.GPIO_SetBits)
    GetEPRxAddr                              0x08000b4d   Thumb Code    22  usb_regs.o(i.GetEPRxAddr)
    GetEPRxCount                             0x08000b6d   Thumb Code    24  usb_regs.o(i.GetEPRxCount)
    GetEPRxStatus                            0x08000b8d   Thumb Code    18  usb_regs.o(i.GetEPRxStatus)
    GetEPTxAddr                              0x08000ba5   Thumb Code    20  usb_regs.o(i.GetEPTxAddr)
    Get_Max_Lun                              0x08000bc1   Thumb Code    18  usb_prop.o(i.Get_Max_Lun)
    Get_SerialNum                            0x08000bdd   Thumb Code    44  hw_config.o(i.Get_SerialNum)
    HardFault_Handler                        0x08000c11   Thumb Code     2  stm32_it.o(i.HardFault_Handler)
    In0_Process                              0x08000c15   Thumb Code    80  usb_core.o(i.In0_Process)
    Leave_LowPowerMode                       0x08000ca9   Thumb Code    18  hw_config.o(i.Leave_LowPowerMode)
    Led_Config                               0x08000cc5   Thumb Code    18  hw_config.o(i.Led_Config)
    Led_RW_OFF                               0x08000cd7   Thumb Code     6  hw_config.o(i.Led_RW_OFF)
    Led_RW_ON                                0x08000cdd   Thumb Code     6  hw_config.o(i.Led_RW_ON)
    MAL_Config                               0x08000ce3   Thumb Code     6  hw_config.o(i.MAL_Config)
    MAL_GetStatus                            0x08000ce9   Thumb Code     8  mass_mal.o(i.MAL_GetStatus)
    MAL_Init                                 0x08000cf1   Thumb Code   570  mass_mal.o(i.MAL_Init)
    MAL_Read                                 0x08000f51   Thumb Code    36  mass_mal.o(i.MAL_Read)
    MAL_Write                                0x08000f79   Thumb Code   174  mass_mal.o(i.MAL_Write)
    MASS_Data_Setup                          0x08001031   Thumb Code    54  usb_prop.o(i.MASS_Data_Setup)
    MASS_GetConfigDescriptor                 0x08001071   Thumb Code     6  usb_prop.o(i.MASS_GetConfigDescriptor)
    MASS_GetDeviceDescriptor                 0x0800107d   Thumb Code     6  usb_prop.o(i.MASS_GetDeviceDescriptor)
    MASS_GetStringDescriptor                 0x08001089   Thumb Code    24  usb_prop.o(i.MASS_GetStringDescriptor)
    MASS_Get_Interface_Setting               0x080010a9   Thumb Code    10  usb_prop.o(i.MASS_Get_Interface_Setting)
    MASS_NoData_Setup                        0x080010b5   Thumb Code    62  usb_prop.o(i.MASS_NoData_Setup)
    MASS_Reset                               0x08001105   Thumb Code   200  usb_prop.o(i.MASS_Reset)
    MASS_Status_In                           0x080011ed   Thumb Code     2  usb_prop.o(i.MASS_Status_In)
    MASS_Status_Out                          0x080011ef   Thumb Code     2  usb_prop.o(i.MASS_Status_Out)
    MASS_init                                0x080011f1   Thumb Code    28  usb_prop.o(i.MASS_init)
    Mass_Storage_ClearFeature                0x08001215   Thumb Code    18  usb_prop.o(i.Mass_Storage_ClearFeature)
    Mass_Storage_In                          0x08001231   Thumb Code    96  usb_bot.o(i.Mass_Storage_In)
    Mass_Storage_Out                         0x08001299   Thumb Code    86  usb_bot.o(i.Mass_Storage_Out)
    Mass_Storage_SetConfiguration            0x080012f9   Thumb Code    38  usb_prop.o(i.Mass_Storage_SetConfiguration)
    Mass_Storage_SetDeviceAddress            0x0800132d   Thumb Code     8  usb_prop.o(i.Mass_Storage_SetDeviceAddress)
    MemManage_Handler                        0x08001339   Thumb Code     2  stm32_it.o(i.MemManage_Handler)
    NMI_Handler                              0x0800133b   Thumb Code     2  stm32_it.o(i.NMI_Handler)
    NOP_Process                              0x0800133d   Thumb Code     2  usb_core.o(i.NOP_Process)
    NVIC_Init                                0x08001341   Thumb Code    94  stm32f37x_misc.o(i.NVIC_Init)
    NVIC_PriorityGroupConfig                 0x080013a5   Thumb Code    10  stm32f37x_misc.o(i.NVIC_PriorityGroupConfig)
    Out0_Process                             0x0800148d   Thumb Code    62  usb_core.o(i.Out0_Process)
    PMAToUserBufferCopy                      0x080014d5   Thumb Code    26  usb_mem.o(i.PMAToUserBufferCopy)
    PendSV_Handler                           0x080014f5   Thumb Code     2  stm32_it.o(i.PendSV_Handler)
    Post0_Process                            0x080014f9   Thumb Code    52  usb_core.o(i.Post0_Process)
    PowerOn                                  0x0800153d   Thumb Code    36  usb_pwr.o(i.PowerOn)
    RCC_AHBPeriphClockCmd                    0x08001569   Thumb Code    18  stm32f37x_rcc.o(i.RCC_AHBPeriphClockCmd)
    RCC_APB1PeriphClockCmd                   0x08001581   Thumb Code    18  stm32f37x_rcc.o(i.RCC_APB1PeriphClockCmd)
    RCC_APB2PeriphClockCmd                   0x08001599   Thumb Code    18  stm32f37x_rcc.o(i.RCC_APB2PeriphClockCmd)
    RCC_USBCLKConfig                         0x080015b1   Thumb Code     8  stm32f37x_rcc.o(i.RCC_USBCLKConfig)
    Read_Memory                              0x080015bd   Thumb Code   172  memory.o(i.Read_Memory)
    Resume                                   0x0800167d   Thumb Code   140  usb_pwr.o(i.Resume)
    Resume_Init                              0x08001711   Thumb Code    26  usb_pwr.o(i.Resume_Init)
    SCSI_Address_Management                  0x08001731   Thumb Code    98  usb_scsi.o(i.SCSI_Address_Management)
    SCSI_Format_Cmd                          0x080017a5   Thumb Code    42  usb_scsi.o(i.SCSI_Format_Cmd)
    SCSI_Inquiry_Cmd                         0x080017d5   Thumb Code    34  usb_scsi.o(i.SCSI_Inquiry_Cmd)
    SCSI_Invalid_Cmd                         0x08001809   Thumb Code    46  usb_scsi.o(i.SCSI_Invalid_Cmd)
    SCSI_ModeSense10_Cmd                     0x0800183d   Thumb Code     8  usb_scsi.o(i.SCSI_ModeSense10_Cmd)
    SCSI_ModeSense6_Cmd                      0x08001849   Thumb Code     8  usb_scsi.o(i.SCSI_ModeSense6_Cmd)
    SCSI_Read10_Cmd                          0x08001855   Thumb Code    96  usb_scsi.o(i.SCSI_Read10_Cmd)
    SCSI_ReadCapacity10_Cmd                  0x080018bd   Thumb Code    96  usb_scsi.o(i.SCSI_ReadCapacity10_Cmd)
    SCSI_ReadFormatCapacity_Cmd              0x0800192d   Thumb Code    90  usb_scsi.o(i.SCSI_ReadFormatCapacity_Cmd)
    SCSI_RequestSense_Cmd                    0x08001999   Thumb Code    16  usb_scsi.o(i.SCSI_RequestSense_Cmd)
    SCSI_Start_Stop_Unit_Cmd                 0x080019b1   Thumb Code     8  usb_scsi.o(i.SCSI_Start_Stop_Unit_Cmd)
    SCSI_TestUnitReady_Cmd                   0x080019b9   Thumb Code    50  usb_scsi.o(i.SCSI_TestUnitReady_Cmd)
    SCSI_Verify10_Cmd                        0x080019f1   Thumb Code    48  usb_scsi.o(i.SCSI_Verify10_Cmd)
    SCSI_Write10_Cmd                         0x08001a25   Thumb Code    92  usb_scsi.o(i.SCSI_Write10_Cmd)
    STM_EVAL_LEDInit                         0x08001a89   Thumb Code    72  stm32373c_eval.o(i.STM_EVAL_LEDInit)
    STM_EVAL_LEDOff                          0x08001ad9   Thumb Code    16  stm32373c_eval.o(i.STM_EVAL_LEDOff)
    STM_EVAL_LEDOn                           0x08001af1   Thumb Code    16  stm32373c_eval.o(i.STM_EVAL_LEDOn)
    SVC_Handler                              0x08001b09   Thumb Code     2  stm32_it.o(i.SVC_Handler)
    SetBTABLE                                0x08001b0d   Thumb Code    10  usb_regs.o(i.SetBTABLE)
    SetDeviceAddress                         0x08001b1d   Thumb Code    58  usb_core.o(i.SetDeviceAddress)
    SetEPRxAddr                              0x08001b65   Thumb Code    24  usb_regs.o(i.SetEPRxAddr)
    SetEPRxCount                             0x08001b85   Thumb Code    54  usb_regs.o(i.SetEPRxCount)
    SetEPRxStatus                            0x08001bc5   Thumb Code    44  usb_regs.o(i.SetEPRxStatus)
    SetEPRxValid                             0x08001bf5   Thumb Code    32  usb_regs.o(i.SetEPRxValid)
    SetEPTxAddr                              0x08001c19   Thumb Code    22  usb_regs.o(i.SetEPTxAddr)
    SetEPTxCount                             0x08001c39   Thumb Code    20  usb_regs.o(i.SetEPTxCount)
    SetEPTxStatus                            0x08001c55   Thumb Code    44  usb_regs.o(i.SetEPTxStatus)
    SetEPType                                0x08001c85   Thumb Code    24  usb_regs.o(i.SetEPType)
    Set_CSW                                  0x08001d35   Thumb Code    48  usb_bot.o(i.Set_CSW)
    Set_Scsi_Sense_Data                      0x08001d71   Thumb Code     8  usb_scsi.o(i.Set_Scsi_Sense_Data)
    Set_System                               0x08001d7d   Thumb Code   186  hw_config.o(i.Set_System)
    Set_USBClock                             0x08001e3d   Thumb Code    20  hw_config.o(i.Set_USBClock)
    Setup0_Process                           0x08001e51   Thumb Code    92  usb_core.o(i.Setup0_Process)
    Standard_ClearFeature                    0x08001eb9   Thumb Code   232  usb_core.o(i.Standard_ClearFeature)
    Standard_GetConfiguration                0x08001fb5   Thumb Code    30  usb_core.o(i.Standard_GetConfiguration)
    Standard_GetDescriptorData               0x08001fdd   Thumb Code    24  usb_core.o(i.Standard_GetDescriptorData)
    Standard_GetInterface                    0x08001ff9   Thumb Code    30  usb_core.o(i.Standard_GetInterface)
    Standard_GetStatus                       0x08002021   Thumb Code   130  usb_core.o(i.Standard_GetStatus)
    Standard_SetConfiguration                0x080020b5   Thumb Code    42  usb_core.o(i.Standard_SetConfiguration)
    Standard_SetDeviceFeature                0x080020ed   Thumb Code    26  usb_core.o(i.Standard_SetDeviceFeature)
    Standard_SetEndPointFeature              0x08002111   Thumb Code   118  usb_core.o(i.Standard_SetEndPointFeature)
    Standard_SetInterface                    0x08002199   Thumb Code    60  usb_core.o(i.Standard_SetInterface)
    Suspend                                  0x080021e1   Thumb Code   150  usb_pwr.o(i.Suspend)
    SysTick_Handler                          0x08002289   Thumb Code     2  stm32_it.o(i.SysTick_Handler)
    SystemInit                               0x0800228d   Thumb Code    90  system_stm32f37x.o(i.SystemInit)
    Transfer_Data_Request                    0x080022f9   Thumb Code    42  usb_bot.o(i.Transfer_Data_Request)
    USBWakeUp_IRQHandler                     0x0800232d   Thumb Code     8  stm32_it.o(i.USBWakeUp_IRQHandler)
    USB_Cable_Config                         0x08002335   Thumb Code    48  hw_config.o(i.USB_Cable_Config)
    USB_Configured_LED                       0x08002365   Thumb Code     6  hw_config.o(i.USB_Configured_LED)
    USB_Init                                 0x0800236d   Thumb Code    22  usb_init.o(i.USB_Init)
    USB_Interrupts_Config                    0x08002395   Thumb Code    62  hw_config.o(i.USB_Interrupts_Config)
    USB_Istr                                 0x080023d5   Thumb Code   166  usb_istr.o(i.USB_Istr)
    USB_LP_IRQHandler                        0x08002491   Thumb Code     4  stm32_it.o(i.USB_LP_IRQHandler)
    USB_NotConfigured_LED                    0x08002495   Thumb Code     6  hw_config.o(i.USB_NotConfigured_LED)
    USB_SIL_Init                             0x0800249d   Thumb Code    24  usb_sil.o(i.USB_SIL_Init)
    USB_SIL_Read                             0x080024bd   Thumb Code    36  usb_sil.o(i.USB_SIL_Read)
    USB_SIL_Write                            0x080024e1   Thumb Code    38  usb_sil.o(i.USB_SIL_Write)
    UsageFault_Handler                       0x08002507   Thumb Code     2  stm32_it.o(i.UsageFault_Handler)
    UserToPMABufferCopy                      0x08002509   Thumb Code    38  usb_mem.o(i.UserToPMABufferCopy)
    Write_Memory                             0x08002535   Thumb Code   188  memory.o(i.Write_Memory)
    __scatterload_copy                       0x0800260d   Thumb Code    14  handlers.o(i.__scatterload_copy)
    __scatterload_null                       0x0800261b   Thumb Code     2  handlers.o(i.__scatterload_null)
    __scatterload_zeroinit                   0x0800261d   Thumb Code    14  handlers.o(i.__scatterload_zeroinit)
    main                                     0x0800262d   Thumb Code    58  main.o(i.main)
    MASS_DeviceDescriptor                    0x080029a0   Data          18  usb_desc.o(.constdata)
    MASS_ConfigDescriptor                    0x080029b2   Data          32  usb_desc.o(.constdata)
    MASS_StringLangID                        0x080029d2   Data           4  usb_desc.o(.constdata)
    MASS_StringVendor                        0x080029d6   Data          38  usb_desc.o(.constdata)
    MASS_StringProduct                       0x080029fc   Data          38  usb_desc.o(.constdata)
    MASS_StringInterface                     0x08002a22   Data          16  usb_desc.o(.constdata)
    COM_TX_AF                                0x08002a34   Data           1  stm32373c_eval.o(.constdata)
    COM_RX_AF                                0x08002a35   Data           1  stm32373c_eval.o(.constdata)
    COM_TX_PIN                               0x08002a36   Data           2  stm32373c_eval.o(.constdata)
    COM_RX_PIN                               0x08002a38   Data           2  stm32373c_eval.o(.constdata)
    COM_TX_PIN_SOURCE                        0x08002a3a   Data           2  stm32373c_eval.o(.constdata)
    COM_RX_PIN_SOURCE                        0x08002a3c   Data           2  stm32373c_eval.o(.constdata)
    GPIO_PIN                                 0x08002a3e   Data           4  stm32373c_eval.o(.constdata)
    COM_USART_CLK                            0x08002a44   Data           4  stm32373c_eval.o(.constdata)
    COM_TX_PORT_CLK                          0x08002a48   Data           4  stm32373c_eval.o(.constdata)
    COM_RX_PORT_CLK                          0x08002a4c   Data           4  stm32373c_eval.o(.constdata)
    BUTTON_PORT_SOURCE                       0x08002a50   Data           7  stm32373c_eval.o(.constdata)
    BUTTON_PIN_SOURCE                        0x08002a57   Data           7  stm32373c_eval.o(.constdata)
    BUTTON_IRQn                              0x08002a5e   Data           7  stm32373c_eval.o(.constdata)
    GPIO_CLK                                 0x08002a68   Data           8  stm32373c_eval.o(.constdata)
    BUTTON_PIN                               0x08002a70   Data          14  stm32373c_eval.o(.constdata)
    BUTTON_CLK                               0x08002a80   Data          28  stm32373c_eval.o(.constdata)
    BUTTON_EXTI_LINE                         0x08002a9c   Data          14  stm32373c_eval.o(.constdata)
    Region$$Table$$Base                      0x08002aac   Number         0  anon$$obj.o(Region$$Table)
    Region$$Table$$Limit                     0x08002acc   Number         0  anon$$obj.o(Region$$Table)
    EXTI_InitStructure                       0x20000000   Data           8  hw_config.o(.data)
    TimeOut                                  0x20000008   Data           4  main.o(.data)
    Mass_Memory_Size                         0x2000000c   Data           4  mass_mal.o(.data)
    Mass_Block_Size                          0x20000010   Data           4  mass_mal.o(.data)
    Mass_Block_Count                         0x20000014   Data           4  mass_mal.o(.data)
    TransferState                            0x20000018   Data           1  memory.o(.data)
    Block_Read_count                         0x2000001c   Data           4  memory.o(.data)
    Counter                                  0x20000020   Data           4  memory.o(.data)
    Block_offset                             0x20000034   Data           4  memory.o(.data)
    Idx                                      0x20000038   Data           4  memory.o(.data)
    Page00_Inquiry_Data                      0x2000003c   Data           5  scsi_data.o(.data)
    Standard_Inquiry_Data                    0x20000041   Data          36  scsi_data.o(.data)
    Standard_Inquiry_Data2                   0x20000065   Data          36  scsi_data.o(.data)
    Mode_Sense6_data                         0x20000089   Data           4  scsi_data.o(.data)
    Mode_Sense10_data                        0x2000008d   Data           8  scsi_data.o(.data)
    Scsi_Sense_Data                          0x20000095   Data          18  scsi_data.o(.data)
    ReadCapacity10_Data                      0x200000a7   Data           8  scsi_data.o(.data)
    ReadFormatCapacity_Data                  0x200000af   Data          12  scsi_data.o(.data)
    Bot_State                                0x200000bc   Data           1  usb_bot.o(.data)
    Data_Len                                 0x200000be   Data           2  usb_bot.o(.data)
    SCSI_LBA                                 0x200000c0   Data           4  usb_bot.o(.data)
    SCSI_BlkLen                              0x200000c4   Data           4  usb_bot.o(.data)
    MASS_StringSerial                        0x200000c8   Data          26  usb_desc.o(.data)
    bIntPackSOF                              0x200000e2   Data           1  usb_istr.o(.data)
    wIstr                                    0x200000e4   Data           2  usb_istr.o(.data)
    pEpInt_IN                                0x200000e8   Data          28  usb_istr.o(.data)
    pEpInt_OUT                               0x20000104   Data          28  usb_istr.o(.data)
    Max_Lun                                  0x20000120   Data           4  usb_prop.o(.data)
    Device_Descriptor                        0x20000124   Data           8  usb_prop.o(.data)
    Config_Descriptor                        0x2000012c   Data           8  usb_prop.o(.data)
    Device_Property                          0x20000134   Data          48  usb_prop.o(.data)
    String_Descriptor                        0x20000164   Data          40  usb_prop.o(.data)
    Device_Table                             0x2000018c   Data           2  usb_prop.o(.data)
    User_Standard_Requests                   0x20000190   Data          36  usb_prop.o(.data)
    ResumeS                                  0x200001b4   Data           2  usb_pwr.o(.data)
    bDeviceState                             0x200001b8   Data           4  usb_pwr.o(.data)
    remotewakeupon                           0x200001bc   Data           4  usb_pwr.o(.data)
    fSuspendEnabled                          0x200001c0   Data           1  usb_pwr.o(.data)
    Data_Mul_MaxPacketSize                   0x200001c2   Data           1  usb_core.o(.data)
    StatusInfo                               0x200001c4   Data           2  usb_core.o(.data)
    EPindex                                  0x200001c6   Data           1  usb_init.o(.data)
    pInformation                             0x200001c8   Data           4  usb_init.o(.data)
    pProperty                                0x200001cc   Data           4  usb_init.o(.data)
    pUser_Standard_Requests                  0x200001d0   Data           4  usb_init.o(.data)
    wInterrupt_Mask                          0x200001d4   Data           2  usb_init.o(.data)
    SaveRState                               0x200001d6   Data           2  usb_int.o(.data)
    SaveTState                               0x200001d8   Data           2  usb_int.o(.data)
    COM_USART                                0x200001dc   Data           4  stm32373c_eval.o(.data)
    COM_TX_PORT                              0x200001e0   Data           4  stm32373c_eval.o(.data)
    COM_RX_PORT                              0x200001e4   Data           4  stm32373c_eval.o(.data)
    GPIO_PORT                                0x200001e8   Data           8  stm32373c_eval.o(.data)
    BUTTON_PORT                              0x200001f0   Data          28  stm32373c_eval.o(.data)
    Page                                     0x2000020c   Data        2048  mass_mal.o(.bss)
    Data_Buffer                              0x20000a0c   Data        2048  memory.o(.bss)
    Bulk_Data_Buff                           0x2000120c   Data          64  usb_bot.o(.bss)
    CBW                                      0x2000124c   Data          32  usb_bot.o(.bss)
    CSW                                      0x2000126c   Data          16  usb_bot.o(.bss)
    EP                                       0x2000127c   Data          32  usb_pwr.o(.bss)
    Device_Info                              0x2000129c   Data          28  usb_init.o(.bss)
    __initial_sp                             0x200016b8   Data           0  startup_stm32f37x.o(STACK)



==============================================================================

Memory Map of the image

  Image Entry point : 0x08000189

  Load Region LR_IROM1 (Base: 0x08000000, Size: 0x00002cd8, Max: 0x00040000, ABSOLUTE, COMPRESSED[0x00002b90])

    Execution Region ER_IROM1 (Base: 0x08000000, Size: 0x00002acc, Max: 0x00040000, ABSOLUTE)

    Base Addr    Size         Type   Attr      Idx    E Section Name        Object

    0x08000000   0x00000188   Data   RO          989    RESET               startup_stm32f37x.o
    0x08000188   0x00000000   Code   RO         3436  * .ARM.Collect$$$$00000000  mc_w.l(entry.o)
    0x08000188   0x00000004   Code   RO         3439    .ARM.Collect$$$$00000001  mc_w.l(entry2.o)
    0x0800018c   0x00000004   Code   RO         3442    .ARM.Collect$$$$00000004  mc_w.l(entry5.o)
    0x08000190   0x00000000   Code   RO         3444    .ARM.Collect$$$$00000008  mc_w.l(entry7b.o)
    0x08000190   0x00000000   Code   RO         3446    .ARM.Collect$$$$0000000A  mc_w.l(entry8b.o)
    0x08000190   0x00000008   Code   RO         3447    .ARM.Collect$$$$0000000B  mc_w.l(entry9a.o)
    0x08000198   0x00000000   Code   RO         3449    .ARM.Collect$$$$0000000D  mc_w.l(entry10a.o)
    0x08000198   0x00000000   Code   RO         3451    .ARM.Collect$$$$0000000F  mc_w.l(entry11a.o)
    0x08000198   0x00000004   Code   RO         3440    .ARM.Collect$$$$00002712  mc_w.l(entry2.o)
    0x0800019c   0x00000024   Code   RO          990    .text               startup_stm32f37x.o
    0x080001c0   0x00000024   Code   RO         3453    .text               mc_w.l(init.o)
    0x080001e4   0x00000056   Code   RO         3463    .text               mc_w.l(__dczerorl2.o)
    0x0800023a   0x00000032   Code   RO          422    i.Bot_Abort         usb_bot.o
    0x0800026c   0x00000002   Code   RO          865    i.BusFault_Handler  stm32_it.o
    0x0800026e   0x0000000a   Code   RO         1238    i.ByteSwap          usb_regs.o
    0x08000278   0x00000198   Code   RO          423    i.CBW_Decode        usb_bot.o
    0x08000410   0x0000015c   Code   RO         1167    i.CTR_LP            usb_int.o
    0x0800056c   0x00000028   Code   RO         1239    i.ClearDTOG_RX      usb_regs.o
    0x08000594   0x00000028   Code   RO         1240    i.ClearDTOG_TX      usb_regs.o
    0x080005bc   0x00000020   Code   RO         1245    i.Clear_Status_Out  usb_regs.o
    0x080005dc   0x000000b4   Code   RO          997    i.DataStageIn       usb_core.o
    0x08000690   0x000000a4   Code   RO          998    i.DataStageOut      usb_core.o
    0x08000734   0x0000019c   Code   RO          999    i.Data_Setup0       usb_core.o
    0x080008d0   0x00000002   Code   RO          866    i.DebugMon_Handler  stm32_it.o
    0x080008d2   0x00000004   Code   RO          511    i.EP1_IN_Callback   usb_endp.o
    0x080008d6   0x00000004   Code   RO          512    i.EP2_OUT_Callback  usb_endp.o
    0x080008da   0x00000002   PAD
    0x080008dc   0x0000000c   Code   RO         1779    i.EXTI_ClearITPendingBit  stm32f37x_exti.o
    0x080008e8   0x00000070   Code   RO         1784    i.EXTI_Init         stm32f37x_exti.o
    0x08000958   0x0000000c   Code   RO         1844    i.FLASH_ClearFlag   stm32f37x_flash.o
    0x08000964   0x0000003c   Code   RO         1846    i.FLASH_ErasePage   stm32f37x_flash.o
    0x080009a0   0x00000014   Code   RO         1847    i.FLASH_GetFlagStatus  stm32f37x_flash.o
    0x080009b4   0x00000028   Code   RO         1848    i.FLASH_GetStatus   stm32f37x_flash.o
    0x080009dc   0x00000010   Code   RO         1851    i.FLASH_Lock        stm32f37x_flash.o
    0x080009ec   0x00000034   Code   RO         1869    i.FLASH_ProgramHalfWord  stm32f37x_flash.o
    0x08000a20   0x0000004c   Code   RO         1870    i.FLASH_ProgramWord  stm32f37x_flash.o
    0x08000a6c   0x00000020   Code   RO         1872    i.FLASH_Unlock      stm32f37x_flash.o
    0x08000a8c   0x00000024   Code   RO         1873    i.FLASH_WaitForLastOperation  stm32f37x_flash.o
    0x08000ab0   0x00000078   Code   RO         2042    i.GPIO_Init         stm32f37x_gpio.o
    0x08000b28   0x00000020   Code   RO         2043    i.GPIO_PinAFConfig  stm32f37x_gpio.o
    0x08000b48   0x00000004   Code   RO         2050    i.GPIO_SetBits      stm32f37x_gpio.o
    0x08000b4c   0x00000020   Code   RO         1257    i.GetEPRxAddr       usb_regs.o
    0x08000b6c   0x00000020   Code   RO         1258    i.GetEPRxCount      usb_regs.o
    0x08000b8c   0x00000018   Code   RO         1259    i.GetEPRxStatus     usb_regs.o
    0x08000ba4   0x0000001c   Code   RO         1260    i.GetEPTxAddr       usb_regs.o
    0x08000bc0   0x0000001c   Code   RO          576    i.Get_Max_Lun       usb_prop.o
    0x08000bdc   0x00000034   Code   RO            5    i.Get_SerialNum     hw_config.o
    0x08000c10   0x00000002   Code   RO          867    i.HardFault_Handler  stm32_it.o
    0x08000c12   0x00000002   PAD
    0x08000c14   0x0000005c   Code   RO         1000    i.In0_Process       usb_core.o
    0x08000c70   0x00000038   Code   RO            6    i.IntToUnicode      hw_config.o
    0x08000ca8   0x0000001c   Code   RO            7    i.Leave_LowPowerMode  hw_config.o
    0x08000cc4   0x00000012   Code   RO            8    i.Led_Config        hw_config.o
    0x08000cd6   0x00000006   Code   RO            9    i.Led_RW_OFF        hw_config.o
    0x08000cdc   0x00000006   Code   RO           10    i.Led_RW_ON         hw_config.o
    0x08000ce2   0x00000006   Code   RO           11    i.MAL_Config        hw_config.o
    0x08000ce8   0x00000008   Code   RO          295    i.MAL_GetStatus     mass_mal.o
    0x08000cf0   0x00000260   Code   RO          296    i.MAL_Init          mass_mal.o
    0x08000f50   0x00000028   Code   RO          297    i.MAL_Read          mass_mal.o
    0x08000f78   0x000000b8   Code   RO          298    i.MAL_Write         mass_mal.o
    0x08001030   0x00000040   Code   RO          577    i.MASS_Data_Setup   usb_prop.o
    0x08001070   0x0000000c   Code   RO          578    i.MASS_GetConfigDescriptor  usb_prop.o
    0x0800107c   0x0000000c   Code   RO          579    i.MASS_GetDeviceDescriptor  usb_prop.o
    0x08001088   0x00000020   Code   RO          580    i.MASS_GetStringDescriptor  usb_prop.o
    0x080010a8   0x0000000a   Code   RO          581    i.MASS_Get_Interface_Setting  usb_prop.o
    0x080010b2   0x00000002   PAD
    0x080010b4   0x00000050   Code   RO          582    i.MASS_NoData_Setup  usb_prop.o
    0x08001104   0x000000e8   Code   RO          583    i.MASS_Reset        usb_prop.o
    0x080011ec   0x00000002   Code   RO          584    i.MASS_Status_In    usb_prop.o
    0x080011ee   0x00000002   Code   RO          585    i.MASS_Status_Out   usb_prop.o
    0x080011f0   0x00000024   Code   RO          586    i.MASS_init         usb_prop.o
    0x08001214   0x0000001c   Code   RO          587    i.Mass_Storage_ClearFeature  usb_prop.o
    0x08001230   0x00000068   Code   RO          424    i.Mass_Storage_In   usb_bot.o
    0x08001298   0x00000060   Code   RO          425    i.Mass_Storage_Out  usb_bot.o
    0x080012f8   0x00000034   Code   RO          588    i.Mass_Storage_SetConfiguration  usb_prop.o
    0x0800132c   0x0000000c   Code   RO          589    i.Mass_Storage_SetDeviceAddress  usb_prop.o
    0x08001338   0x00000002   Code   RO          868    i.MemManage_Handler  stm32_it.o
    0x0800133a   0x00000002   Code   RO          869    i.NMI_Handler       stm32_it.o
    0x0800133c   0x00000002   Code   RO         1001    i.NOP_Process       usb_core.o
    0x0800133e   0x00000002   PAD
    0x08001340   0x00000064   Code   RO         1646    i.NVIC_Init         stm32f37x_misc.o
    0x080013a4   0x00000014   Code   RO         1647    i.NVIC_PriorityGroupConfig  stm32f37x_misc.o
    0x080013b8   0x000000d4   Code   RO         1002    i.NoData_Setup0     usb_core.o
    0x0800148c   0x00000048   Code   RO         1003    i.Out0_Process      usb_core.o
    0x080014d4   0x00000020   Code   RO         1208    i.PMAToUserBufferCopy  usb_mem.o
    0x080014f4   0x00000002   Code   RO          870    i.PendSV_Handler    stm32_it.o
    0x080014f6   0x00000002   PAD
    0x080014f8   0x00000044   Code   RO         1004    i.Post0_Process     usb_core.o
    0x0800153c   0x0000002c   Code   RO          696    i.PowerOn           usb_pwr.o
    0x08001568   0x00000018   Code   RO         2222    i.RCC_AHBPeriphClockCmd  stm32f37x_rcc.o
    0x08001580   0x00000018   Code   RO         2224    i.RCC_APB1PeriphClockCmd  stm32f37x_rcc.o
    0x08001598   0x00000018   Code   RO         2226    i.RCC_APB2PeriphClockCmd  stm32f37x_rcc.o
    0x080015b0   0x0000000c   Code   RO         2258    i.RCC_USBCLKConfig  stm32f37x_rcc.o
    0x080015bc   0x000000c0   Code   RO          346    i.Read_Memory       memory.o
    0x0800167c   0x00000094   Code   RO          697    i.Resume            usb_pwr.o
    0x08001710   0x00000020   Code   RO          698    i.Resume_Init       usb_pwr.o
    0x08001730   0x00000074   Code   RO          751    i.SCSI_Address_Management  usb_scsi.o
    0x080017a4   0x00000030   Code   RO          752    i.SCSI_Format_Cmd   usb_scsi.o
    0x080017d4   0x00000034   Code   RO          753    i.SCSI_Inquiry_Cmd  usb_scsi.o
    0x08001808   0x00000034   Code   RO          754    i.SCSI_Invalid_Cmd  usb_scsi.o
    0x0800183c   0x0000000c   Code   RO          755    i.SCSI_ModeSense10_Cmd  usb_scsi.o
    0x08001848   0x0000000c   Code   RO          756    i.SCSI_ModeSense6_Cmd  usb_scsi.o
    0x08001854   0x00000068   Code   RO          757    i.SCSI_Read10_Cmd   usb_scsi.o
    0x080018bc   0x00000070   Code   RO          758    i.SCSI_ReadCapacity10_Cmd  usb_scsi.o
    0x0800192c   0x0000006c   Code   RO          759    i.SCSI_ReadFormatCapacity_Cmd  usb_scsi.o
    0x08001998   0x00000018   Code   RO          760    i.SCSI_RequestSense_Cmd  usb_scsi.o
    0x080019b0   0x00000008   Code   RO          761    i.SCSI_Start_Stop_Unit_Cmd  usb_scsi.o
    0x080019b8   0x00000038   Code   RO          762    i.SCSI_TestUnitReady_Cmd  usb_scsi.o
    0x080019f0   0x00000034   Code   RO          764    i.SCSI_Verify10_Cmd  usb_scsi.o
    0x08001a24   0x00000064   Code   RO          765    i.SCSI_Write10_Cmd  usb_scsi.o
    0x08001a88   0x00000050   Code   RO         3344    i.STM_EVAL_LEDInit  stm32373c_eval.o
    0x08001ad8   0x00000018   Code   RO         3345    i.STM_EVAL_LEDOff   stm32373c_eval.o
    0x08001af0   0x00000018   Code   RO         3346    i.STM_EVAL_LEDOn    stm32373c_eval.o
    0x08001b08   0x00000002   Code   RO          871    i.SVC_Handler       stm32_it.o
    0x08001b0a   0x00000002   PAD
    0x08001b0c   0x00000010   Code   RO         1268    i.SetBTABLE         usb_regs.o
    0x08001b1c   0x00000048   Code   RO         1005    i.SetDeviceAddress  usb_core.o
    0x08001b64   0x00000020   Code   RO         1282    i.SetEPRxAddr       usb_regs.o
    0x08001b84   0x00000040   Code   RO         1283    i.SetEPRxCount      usb_regs.o
    0x08001bc4   0x00000030   Code   RO         1284    i.SetEPRxStatus     usb_regs.o
    0x08001bf4   0x00000024   Code   RO         1285    i.SetEPRxValid      usb_regs.o
    0x08001c18   0x00000020   Code   RO         1286    i.SetEPTxAddr       usb_regs.o
    0x08001c38   0x0000001c   Code   RO         1287    i.SetEPTxCount      usb_regs.o
    0x08001c54   0x00000030   Code   RO         1288    i.SetEPTxStatus     usb_regs.o
    0x08001c84   0x0000001c   Code   RO         1290    i.SetEPType         usb_regs.o
    0x08001ca0   0x00000094   Code   RO          949    i.SetSysClock       system_stm32f37x.o
    0x08001d34   0x0000003c   Code   RO          426    i.Set_CSW           usb_bot.o
    0x08001d70   0x0000000c   Code   RO          766    i.Set_Scsi_Sense_Data  usb_scsi.o
    0x08001d7c   0x000000c0   Code   RO           12    i.Set_System        hw_config.o
    0x08001e3c   0x00000014   Code   RO           13    i.Set_USBClock      hw_config.o
    0x08001e50   0x00000068   Code   RO         1006    i.Setup0_Process    usb_core.o
    0x08001eb8   0x000000fc   Code   RO         1007    i.Standard_ClearFeature  usb_core.o
    0x08001fb4   0x00000028   Code   RO         1008    i.Standard_GetConfiguration  usb_core.o
    0x08001fdc   0x0000001c   Code   RO         1009    i.Standard_GetDescriptorData  usb_core.o
    0x08001ff8   0x00000028   Code   RO         1010    i.Standard_GetInterface  usb_core.o
    0x08002020   0x00000094   Code   RO         1011    i.Standard_GetStatus  usb_core.o
    0x080020b4   0x00000038   Code   RO         1012    i.Standard_SetConfiguration  usb_core.o
    0x080020ec   0x00000024   Code   RO         1013    i.Standard_SetDeviceFeature  usb_core.o
    0x08002110   0x00000088   Code   RO         1014    i.Standard_SetEndPointFeature  usb_core.o
    0x08002198   0x00000048   Code   RO         1015    i.Standard_SetInterface  usb_core.o
    0x080021e0   0x000000a8   Code   RO          699    i.Suspend           usb_pwr.o
    0x08002288   0x00000002   Code   RO          872    i.SysTick_Handler   stm32_it.o
    0x0800228a   0x00000002   PAD
    0x0800228c   0x0000006c   Code   RO          951    i.SystemInit        system_stm32f37x.o
    0x080022f8   0x00000034   Code   RO          427    i.Transfer_Data_Request  usb_bot.o
    0x0800232c   0x00000008   Code   RO          873    i.USBWakeUp_IRQHandler  stm32_it.o
    0x08002334   0x00000030   Code   RO           14    i.USB_Cable_Config  hw_config.o
    0x08002364   0x00000006   Code   RO           15    i.USB_Configured_LED  hw_config.o
    0x0800236a   0x00000002   PAD
    0x0800236c   0x00000028   Code   RO         1128    i.USB_Init          usb_init.o
    0x08002394   0x0000003e   Code   RO           16    i.USB_Interrupts_Config  hw_config.o
    0x080023d2   0x00000002   PAD
    0x080023d4   0x000000bc   Code   RO          544    i.USB_Istr          usb_istr.o
    0x08002490   0x00000004   Code   RO          874    i.USB_LP_IRQHandler  stm32_it.o
    0x08002494   0x00000006   Code   RO           17    i.USB_NotConfigured_LED  hw_config.o
    0x0800249a   0x00000002   PAD
    0x0800249c   0x00000020   Code   RO         1610    i.USB_SIL_Init      usb_sil.o
    0x080024bc   0x00000024   Code   RO         1611    i.USB_SIL_Read      usb_sil.o
    0x080024e0   0x00000026   Code   RO         1612    i.USB_SIL_Write     usb_sil.o
    0x08002506   0x00000002   Code   RO          875    i.UsageFault_Handler  stm32_it.o
    0x08002508   0x0000002c   Code   RO         1209    i.UserToPMABufferCopy  usb_mem.o
    0x08002534   0x000000d8   Code   RO          347    i.Write_Memory      memory.o
    0x0800260c   0x0000000e   Code   RO         3457    i.__scatterload_copy  mc_w.l(handlers.o)
    0x0800261a   0x00000002   Code   RO         3458    i.__scatterload_null  mc_w.l(handlers.o)
    0x0800261c   0x0000000e   Code   RO         3459    i.__scatterload_zeroinit  mc_w.l(handlers.o)
    0x0800262a   0x00000002   PAD
    0x0800262c   0x00000048   Code   RO          266    i.main              main.o
    0x08002674   0x0000032c   Data   RO          300    .constdata          mass_mal.o
    0x080029a0   0x00000012   Data   RO          481    .constdata          usb_desc.o
    0x080029b2   0x00000020   Data   RO          482    .constdata          usb_desc.o
    0x080029d2   0x00000004   Data   RO          483    .constdata          usb_desc.o
    0x080029d6   0x00000026   Data   RO          484    .constdata          usb_desc.o
    0x080029fc   0x00000026   Data   RO          485    .constdata          usb_desc.o
    0x08002a22   0x00000010   Data   RO          486    .constdata          usb_desc.o
    0x08002a32   0x00000002   PAD
    0x08002a34   0x00000076   Data   RO         3352    .constdata          stm32373c_eval.o
    0x08002aaa   0x00000002   PAD
    0x08002aac   0x00000020   Data   RO         3455    Region$$Table       anon$$obj.o


    Execution Region RW_IRAM1 (Base: 0x20000000, Size: 0x000016b8, Max: 0x00008000, ABSOLUTE, COMPRESSED[0x000000c4])

    Base Addr    Size         Type   Attr      Idx    E Section Name        Object

    0x20000000   0x00000008   Data   RW           19    .data               hw_config.o
    0x20000008   0x00000004   Data   RW          267    .data               main.o
    0x2000000c   0x0000000c   Data   RW          302    .data               mass_mal.o
    0x20000018   0x00000024   Data   RW          349    .data               memory.o
    0x2000003c   0x00000005   Data   RW          391    .data               scsi_data.o
    0x20000041   0x00000024   Data   RW          392    .data               scsi_data.o
    0x20000065   0x00000024   Data   RW          393    .data               scsi_data.o
    0x20000089   0x00000004   Data   RW          394    .data               scsi_data.o
    0x2000008d   0x00000008   Data   RW          395    .data               scsi_data.o
    0x20000095   0x00000012   Data   RW          396    .data               scsi_data.o
    0x200000a7   0x00000008   Data   RW          397    .data               scsi_data.o
    0x200000af   0x0000000c   Data   RW          398    .data               scsi_data.o
    0x200000bb   0x00000001   PAD
    0x200000bc   0x0000000c   Data   RW          429    .data               usb_bot.o
    0x200000c8   0x0000001a   Data   RW          487    .data               usb_desc.o
    0x200000e2   0x00000004   Data   RW          545    .data               usb_istr.o
    0x200000e6   0x00000002   PAD
    0x200000e8   0x0000001c   Data   RW          546    .data               usb_istr.o
    0x20000104   0x0000001c   Data   RW          547    .data               usb_istr.o
    0x20000120   0x0000006c   Data   RW          590    .data               usb_prop.o
    0x2000018c   0x00000002   Data   RW          591    .data               usb_prop.o
    0x2000018e   0x00000002   PAD
    0x20000190   0x00000024   Data   RW          592    .data               usb_prop.o
    0x200001b4   0x0000000c   Data   RW          701    .data               usb_pwr.o
    0x200001c0   0x00000001   Data   RW          702    .data               usb_pwr.o
    0x200001c1   0x00000001   PAD
    0x200001c2   0x00000004   Data   RW         1016    .data               usb_core.o
    0x200001c6   0x00000001   Data   RW         1130    .data               usb_init.o
    0x200001c7   0x00000001   PAD
    0x200001c8   0x0000000c   Data   RW         1131    .data               usb_init.o
    0x200001d4   0x00000002   Data   RW         1133    .data               usb_init.o
    0x200001d6   0x00000004   Data   RW         1168    .data               usb_int.o
    0x200001da   0x00000002   PAD
    0x200001dc   0x00000030   Data   RW         3353    .data               stm32373c_eval.o
    0x2000020c   0x00000800   Zero   RW          299    .bss                mass_mal.o
    0x20000a0c   0x00000800   Zero   RW          348    .bss                memory.o
    0x2000120c   0x00000070   Zero   RW          428    .bss                usb_bot.o
    0x2000127c   0x00000020   Zero   RW          700    .bss                usb_pwr.o
    0x2000129c   0x0000001c   Zero   RW         1129    .bss                usb_init.o
    0x200012b8   0x00000400   Zero   RW          987    STACK               startup_stm32f37x.o


==============================================================================

Image component sizes


      Code (inc. data)   RO Data    RW Data    ZI Data      Debug   Object Name

       506         24          0          8          0     204374   hw_config.o
        72         14          0          4          0       1253   main.o
       840         52        812         12       2048       4882   mass_mal.o
       408         48          0         36       2048       3820   memory.o
         0          0          0        127          0       1018   scsi_data.o
        36          8        392          0       1024        956   startup_stm32f37x.o
       128         24        118         48          0       3682   stm32373c_eval.o
        30          0          0          0          0       5125   stm32_it.o
       124         10          0          0          0       1781   stm32f37x_exti.o
       344         50          0          0          0       6841   stm32f37x_flash.o
       156          0          0          0          0       2638   stm32f37x_gpio.o
       120         16          0          0          0       1831   stm32f37x_misc.o
        84         22          0          0          0       2581   stm32f37x_rcc.o
       256         26          0          0          0       1577   system_stm32f37x.o
       770         66          0         12        112       5271   usb_bot.o
      2186        284          0          4          0      16531   usb_core.o
         0          0        146         26          0        920   usb_desc.o
         8          0          0          0          0        933   usb_endp.o
        40         18          0         15         28       4298   usb_init.o
       348         30          0          4          0       1856   usb_int.o
       188         22          0         60          0       1476   usb_istr.o
        76         12          0          0          0       1952   usb_mem.o
       602        126          0        146          0      11574   usb_prop.o
       392         46          0         13         32       3896   usb_pwr.o
       570        102          0          0          0      10926   usb_regs.o
       868        128          0          0          0       9905   usb_scsi.o
       106          8          0          0          0       2386   usb_sil.o

    ----------------------------------------------------------------------
      9278       1136       1504        524       5292     314283   Object Totals
         0          0         32          0          0          0   (incl. Generated)
        20          0          4          9          0          0   (incl. Padding)

    ----------------------------------------------------------------------

      Code (inc. data)   RO Data    RW Data    ZI Data      Debug   Library Member Name

        86          0          0          0          0          0   __dczerorl2.o
         0          0          0          0          0          0   entry.o
         0          0          0          0          0          0   entry10a.o
         0          0          0          0          0          0   entry11a.o
         8          4          0          0          0          0   entry2.o
         4          0          0          0          0          0   entry5.o
         0          0          0          0          0          0   entry7b.o
         0          0          0          0          0          0   entry8b.o
         8          4          0          0          0          0   entry9a.o
        30          0          0          0          0          0   handlers.o
        36          8          0          0          0         68   init.o

    ----------------------------------------------------------------------
       174         16          0          0          0         68   Library Totals
         2          0          0          0          0          0   (incl. Padding)

    ----------------------------------------------------------------------

      Code (inc. data)   RO Data    RW Data    ZI Data      Debug   Library Name

       172         16          0          0          0         68   mc_w.l

    ----------------------------------------------------------------------
       174         16          0          0          0         68   Library Totals

    ----------------------------------------------------------------------

==============================================================================


      Code (inc. data)   RO Data    RW Data    ZI Data      Debug   

      9452       1152       1504        524       5292     301335   Grand Totals
      9452       1152       1504        196       5292     301335   ELF Image Totals (compressed)
      9452       1152       1504        196          0          0   ROM Totals

==============================================================================

    Total RO  Size (Code + RO Data)                10956 (  10.70kB)
    Total RW  Size (RW Data + ZI Data)              5816 (   5.68kB)
    Total ROM Size (Code + RO Data + RW Data)      11152 (  10.89kB)

==============================================================================

