Component: ARM Compiler 5.05 update 2 (build 169) Tool: armlink [4d0f33]

==============================================================================

Section Cross References

    hw_config.o(i.Enter_LowPowerMode) refers to usb_pwr.o(.data) for bDeviceState
    hw_config.o(i.Get_SerialNum) refers to hw_config.o(i.IntToUnicode) for IntToUnicode
    hw_config.o(i.Get_SerialNum) refers to usb_desc.o(.data) for MASS_StringSerial
    hw_config.o(i.Leave_LowPowerMode) refers to usb_init.o(.bss) for Device_Info
    hw_config.o(i.Leave_LowPowerMode) refers to usb_pwr.o(.data) for bDeviceState
    hw_config.o(i.Led_Config) refers to stm32373c_eval.o(i.STM_EVAL_LEDInit) for STM_EVAL_LEDInit
    hw_config.o(i.Led_RW_OFF) refers to stm32373c_eval.o(i.STM_EVAL_LEDOff) for STM_EVAL_LEDOff
    hw_config.o(i.Led_RW_ON) refers to stm32373c_eval.o(i.STM_EVAL_LEDOn) for STM_EVAL_LEDOn
    hw_config.o(i.MAL_Config) refers to mass_mal.o(i.MAL_Init) for MAL_Init
    hw_config.o(i.Set_System) refers to stm32f37x_rcc.o(i.RCC_APB2PeriphClockCmd) for RCC_APB2PeriphClockCmd
    hw_config.o(i.Set_System) refers to stm32f37x_rcc.o(i.RCC_AHBPeriphClockCmd) for RCC_AHBPeriphClockCmd
    hw_config.o(i.Set_System) refers to stm32f37x_gpio.o(i.GPIO_Init) for GPIO_Init
    hw_config.o(i.Set_System) refers to stm32f37x_gpio.o(i.GPIO_PinAFConfig) for GPIO_PinAFConfig
    hw_config.o(i.Set_System) refers to stm32f37x_exti.o(i.EXTI_ClearITPendingBit) for EXTI_ClearITPendingBit
    hw_config.o(i.Set_System) refers to stm32f37x_exti.o(i.EXTI_Init) for EXTI_Init
    hw_config.o(i.Set_System) refers to hw_config.o(.data) for .data
    hw_config.o(i.Set_USBClock) refers to stm32f37x_rcc.o(i.RCC_USBCLKConfig) for RCC_USBCLKConfig
    hw_config.o(i.Set_USBClock) refers to stm32f37x_rcc.o(i.RCC_APB1PeriphClockCmd) for RCC_APB1PeriphClockCmd
    hw_config.o(i.USB_Cable_Config) refers to stm32f37x_gpio.o(i.GPIO_SetBits) for GPIO_SetBits
    hw_config.o(i.USB_Cable_Config) refers to stm32f37x_gpio.o(i.GPIO_Init) for GPIO_Init
    hw_config.o(i.USB_Configured_LED) refers to stm32373c_eval.o(i.STM_EVAL_LEDOn) for STM_EVAL_LEDOn
    hw_config.o(i.USB_Interrupts_Config) refers to stm32f37x_misc.o(i.NVIC_PriorityGroupConfig) for NVIC_PriorityGroupConfig
    hw_config.o(i.USB_Interrupts_Config) refers to stm32f37x_misc.o(i.NVIC_Init) for NVIC_Init
    hw_config.o(i.USB_NotConfigured_LED) refers to stm32373c_eval.o(i.STM_EVAL_LEDOff) for STM_EVAL_LEDOff
    main.o(i.main) refers to hw_config.o(i.MAL_Config) for MAL_Config
    main.o(i.main) refers to hw_config.o(i.Set_System) for Set_System
    main.o(i.main) refers to hw_config.o(i.Set_USBClock) for Set_USBClock
    main.o(i.main) refers to hw_config.o(i.Led_Config) for Led_Config
    main.o(i.main) refers to stm32373c_eval.o(i.STM_EVAL_LEDOn) for STM_EVAL_LEDOn
    main.o(i.main) refers to hw_config.o(i.USB_Interrupts_Config) for USB_Interrupts_Config
    main.o(i.main) refers to usb_init.o(i.USB_Init) for USB_Init
    main.o(i.main) refers to hw_config.o(i.USB_Configured_LED) for USB_Configured_LED
    main.o(i.main) refers to main.o(.data) for .data
    main.o(i.main) refers to usb_pwr.o(.data) for bDeviceState
    mass_mal.o(i.MAL_Init) refers to stm32f37x_flash.o(i.FLASH_Unlock) for FLASH_Unlock
    mass_mal.o(i.MAL_Init) refers to stm32f37x_flash.o(i.FLASH_ClearFlag) for FLASH_ClearFlag
    mass_mal.o(i.MAL_Init) refers to stm32f37x_flash.o(i.FLASH_ErasePage) for FLASH_ErasePage
    mass_mal.o(i.MAL_Init) refers to stm32f37x_flash.o(i.FLASH_GetFlagStatus) for FLASH_GetFlagStatus
    mass_mal.o(i.MAL_Init) refers to stm32f37x_flash.o(i.FLASH_ProgramWord) for FLASH_ProgramWord
    mass_mal.o(i.MAL_Init) refers to stm32f37x_flash.o(i.FLASH_Lock) for FLASH_Lock
    mass_mal.o(i.MAL_Init) refers to mass_mal.o(.data) for .data
    mass_mal.o(i.MAL_Read) refers to mass_mal.o(.data) for .data
    mass_mal.o(i.MAL_Write) refers to stm32f37x_flash.o(i.FLASH_Unlock) for FLASH_Unlock
    mass_mal.o(i.MAL_Write) refers to stm32f37x_flash.o(i.FLASH_GetFlagStatus) for FLASH_GetFlagStatus
    mass_mal.o(i.MAL_Write) refers to stm32f37x_flash.o(i.FLASH_ClearFlag) for FLASH_ClearFlag
    mass_mal.o(i.MAL_Write) refers to stm32f37x_flash.o(i.FLASH_ErasePage) for FLASH_ErasePage
    mass_mal.o(i.MAL_Write) refers to stm32f37x_flash.o(i.FLASH_ProgramWord) for FLASH_ProgramWord
    mass_mal.o(i.MAL_Write) refers to stm32f37x_flash.o(i.FLASH_Lock) for FLASH_Lock
    mass_mal.o(i.MAL_Write) refers to mass_mal.o(.data) for .data
    mass_mal.o(i.MAL_Write) refers to mass_mal.o(.bss) for .bss
    memory.o(i.Read_Memory) refers to usb_sil.o(i.USB_SIL_Write) for USB_SIL_Write
    memory.o(i.Read_Memory) refers to usb_regs.o(i.SetEPTxCount) for SetEPTxCount
    memory.o(i.Read_Memory) refers to usb_regs.o(i.SetEPTxStatus) for SetEPTxStatus
    memory.o(i.Read_Memory) refers to hw_config.o(i.Led_RW_ON) for Led_RW_ON
[...]
    Removing stm32f37x_i2c.o(i.I2C_ExtendedClockTimeoutCmd), (20 bytes).
    Removing stm32f37x_i2c.o(i.I2C_GeneralCallCmd), (20 bytes).
    Removing stm32f37x_i2c.o(i.I2C_GenerateSTART), (20 bytes).
    Removing stm32f37x_i2c.o(i.I2C_GenerateSTOP), (20 bytes).
    Removing stm32f37x_i2c.o(i.I2C_GetAddressMatched), (10 bytes).
    Removing stm32f37x_i2c.o(i.I2C_GetFlagStatus), (14 bytes).
    Removing stm32f37x_i2c.o(i.I2C_GetITStatus), (46 bytes).
    Removing stm32f37x_i2c.o(i.I2C_GetPEC), (6 bytes).
    Removing stm32f37x_i2c.o(i.I2C_GetTransferDirection), (18 bytes).
    Removing stm32f37x_i2c.o(i.I2C_ITConfig), (16 bytes).
    Removing stm32f37x_i2c.o(i.I2C_IdleClockTimeoutCmd), (20 bytes).
    Removing stm32f37x_i2c.o(i.I2C_Init), (96 bytes).
    Removing stm32f37x_i2c.o(i.I2C_MasterRequestConfig), (20 bytes).
    Removing stm32f37x_i2c.o(i.I2C_NumberOfBytesConfig), (14 bytes).
    Removing stm32f37x_i2c.o(i.I2C_OwnAddress2Config), (30 bytes).
    Removing stm32f37x_i2c.o(i.I2C_PECRequestCmd), (20 bytes).
    Removing stm32f37x_i2c.o(i.I2C_ReadRegister), (10 bytes).
    Removing stm32f37x_i2c.o(i.I2C_ReceiveData), (6 bytes).
    Removing stm32f37x_i2c.o(i.I2C_ReloadCmd), (20 bytes).
    Removing stm32f37x_i2c.o(i.I2C_SMBusAlertCmd), (20 bytes).
    Removing stm32f37x_i2c.o(i.I2C_SendData), (4 bytes).
    Removing stm32f37x_i2c.o(i.I2C_SlaveAddressConfig), (16 bytes).
    Removing stm32f37x_i2c.o(i.I2C_SlaveByteControlCmd), (20 bytes).
    Removing stm32f37x_i2c.o(i.I2C_SoftwareResetCmd), (20 bytes).
    Removing stm32f37x_i2c.o(i.I2C_StopModeCmd), (20 bytes).
    Removing stm32f37x_i2c.o(i.I2C_StretchClockCmd), (20 bytes).
    Removing stm32f37x_i2c.o(i.I2C_StructInit), (22 bytes).
    Removing stm32f37x_i2c.o(i.I2C_TimeoutAConfig), (16 bytes).
    Removing stm32f37x_i2c.o(i.I2C_TimeoutBConfig), (24 bytes).
    Removing stm32f37x_i2c.o(i.I2C_TransferHandling), (32 bytes).
    Removing stm32f37x_usart.o(.rev16_text), (4 bytes).
    Removing stm32f37x_usart.o(.revsh_text), (4 bytes).
    Removing stm32f37x_usart.o(.rrx_text), (6 bytes).
    Removing stm32f37x_usart.o(i.USART_AddressDetectionConfig), (16 bytes).
    Removing stm32f37x_usart.o(i.USART_AutoBaudRateCmd), (20 bytes).
    Removing stm32f37x_usart.o(i.USART_AutoBaudRateConfig), (16 bytes).
    Removing stm32f37x_usart.o(i.USART_ClearFlag), (4 bytes).
    Removing stm32f37x_usart.o(i.USART_ClearITPendingBit), (10 bytes).
    Removing stm32f37x_usart.o(i.USART_ClockInit), (28 bytes).
    Removing stm32f37x_usart.o(i.USART_ClockStructInit), (12 bytes).
    Removing stm32f37x_usart.o(i.USART_Cmd), (20 bytes).
    Removing stm32f37x_usart.o(i.USART_DECmd), (20 bytes).
    Removing stm32f37x_usart.o(i.USART_DEPolarityConfig), (16 bytes).
    Removing stm32f37x_usart.o(i.USART_DMACmd), (16 bytes).
    Removing stm32f37x_usart.o(i.USART_DMAReceptionErrorConfig), (16 bytes).
    Removing stm32f37x_usart.o(i.USART_DataInvCmd), (20 bytes).
    Removing stm32f37x_usart.o(i.USART_DeInit), (84 bytes).
    Removing stm32f37x_usart.o(i.USART_DirectionModeCmd), (16 bytes).
    Removing stm32f37x_usart.o(i.USART_GetFlagStatus), (14 bytes).
    Removing stm32f37x_usart.o(i.USART_GetITStatus), (58 bytes).
    Removing stm32f37x_usart.o(i.USART_HalfDuplexCmd), (20 bytes).
    Removing stm32f37x_usart.o(i.USART_ITConfig), (40 bytes).
    Removing stm32f37x_usart.o(i.USART_Init), (172 bytes).
    Removing stm32f37x_usart.o(i.USART_InvPinCmd), (16 bytes).
    Removing stm32f37x_usart.o(i.USART_IrDACmd), (20 bytes).
    Removing stm32f37x_usart.o(i.USART_IrDAConfig), (16 bytes).
    Removing stm32f37x_usart.o(i.USART_LINBreakDetectLengthConfig), (16 bytes).
    Removing stm32f37x_usart.o(i.USART_LINCmd), (20 bytes).
    Removing stm32f37x_usart.o(i.USART_MSBFirstCmd), (20 bytes).
    Removing stm32f37x_usart.o(i.USART_MuteModeCmd), (20 bytes).
    Removing stm32f37x_usart.o(i.USART_MuteModeWakeUpConfig), (16 bytes).
    Removing stm32f37x_usart.o(i.USART_OneBitMethodCmd), (20 bytes).
    Removing stm32f37x_usart.o(i.USART_OverSampling8Cmd), (20 bytes).
    Removing stm32f37x_usart.o(i.USART_OverrunDetectionConfig), (16 bytes).
    Removing stm32f37x_usart.o(i.USART_ReceiveData), (8 bytes).
    Removing stm32f37x_usart.o(i.USART_ReceiverTimeOutCmd), (20 bytes).
    Removing stm32f37x_usart.o(i.USART_RequestCmd), (16 bytes).
    Removing stm32f37x_usart.o(i.USART_STOPModeCmd), (20 bytes).
    Removing stm32f37x_usart.o(i.USART_SWAPPinCmd), (20 bytes).
    Removing stm32f37x_usart.o(i.USART_SendData), (8 bytes).
    Removing stm32f37x_usart.o(i.USART_SetAddress), (18 bytes).
    Removing stm32f37x_usart.o(i.USART_SetAutoRetryCount), (18 bytes).
    Removing stm32f37x_usart.o(i.USART_SetBlockLength), (18 bytes).
    Removing stm32f37x_usart.o(i.USART_SetDEAssertionTime), (18 bytes).
    Removing stm32f37x_usart.o(i.USART_SetDEDeassertionTime), (18 bytes).
    Removing stm32f37x_usart.o(i.USART_SetGuardTime), (16 bytes).
    Removing stm32f37x_usart.o(i.USART_SetPrescaler), (16 bytes).
    Removing stm32f37x_usart.o(i.USART_SetReceiverTimeOut), (16 bytes).
    Removing stm32f37x_usart.o(i.USART_SmartCardCmd), (20 bytes).
    Removing stm32f37x_usart.o(i.USART_SmartCardNACKCmd), (20 bytes).
    Removing stm32f37x_usart.o(i.USART_StopModeWakeUpSourceConfig), (16 bytes).
    Removing stm32f37x_usart.o(i.USART_StructInit), (22 bytes).
    Removing stm32373c_eval.o(.rev16_text), (4 bytes).
    Removing stm32373c_eval.o(.revsh_text), (4 bytes).
    Removing stm32373c_eval.o(.rrx_text), (6 bytes).
    Removing stm32373c_eval.o(i.LM75_LowLevel_DeInit), (88 bytes).
    Removing stm32373c_eval.o(i.LM75_LowLevel_Init), (128 bytes).
    Removing stm32373c_eval.o(i.SD_LowLevel_DeInit), (120 bytes).
    Removing stm32373c_eval.o(i.SD_LowLevel_Init), (268 bytes).
    Removing stm32373c_eval.o(i.STM_EVAL_COMInit), (188 bytes).
    Removing stm32373c_eval.o(i.STM_EVAL_LEDToggle), (28 bytes).
    Removing stm32373c_eval.o(i.STM_EVAL_PBGetState), (36 bytes).
    Removing stm32373c_eval.o(i.STM_EVAL_PBInit), (168 bytes).
    Removing stm32373c_eval.o(i.sEE_I2C_LowLevel_DeInit), (84 bytes).
    Removing stm32373c_eval.o(i.sEE_I2C_LowLevel_Init), (112 bytes).

390 unused section(s) (total 10481 bytes) removed from the image.

==============================================================================

Image Symbol Table

    Local Symbols

    Symbol Name                              Value     Ov Type        Size  Object(Section)

    ../clib/../cmprslib/lz77c.c              0x00000000   Number         0  __dclz77c.o ABSOLUTE
    ../clib/microlib/init/entry.s            0x00000000   Number         0  entry10a.o ABSOLUTE
    ../clib/microlib/init/entry.s            0x00000000   Number         0  entry9b.o ABSOLUTE
    ../clib/microlib/init/entry.s            0x00000000   Number         0  entry.o ABSOLUTE
    ../clib/microlib/init/entry.s            0x00000000   Number         0  entry7b.o ABSOLUTE
    ../clib/microlib/init/entry.s            0x00000000   Number         0  entry2.o ABSOLUTE
    ../clib/microlib/init/entry.s            0x00000000   Number         0  entry5.o ABSOLUTE
    ../clib/microlib/init/entry.s            0x00000000   Number         0  entry7a.o ABSOLUTE
    ../clib/microlib/init/entry.s            0x00000000   Number         0  entry8a.o ABSOLUTE
    ../clib/microlib/init/entry.s            0x00000000   Number         0  entry11b.o ABSOLUTE
    ../clib/microlib/init/entry.s            0x00000000   Number         0  entry11a.o ABSOLUTE
    ../clib/microlib/init/entry.s            0x00000000   Number         0  entry10b.o ABSOLUTE
    ../clib/microlib/init/entry.s            0x00000000   Number         0  entry8b.o ABSOLUTE
    ../clib/microlib/init/entry.s            0x00000000   Number         0  entry9a.o ABSOLUTE
    ..\..\..\Libraries\CMSIS\Device\ST\STM32F37x\Source\Templates\arm\startup_stm32f37x.s 0x00000000   Number         0  startup_stm32f37x.o ABSOLUTE
    ..\..\..\Libraries\STM32F37x_StdPeriph_Driver\src\stm32f37x_dma.c 0x00000000   Number         0  stm32f37x_dma.o ABSOLUTE
    ..\..\..\Libraries\STM32F37x_StdPeriph_Driver\src\stm32f37x_exti.c 0x00000000   Number         0  stm32f37x_exti.o ABSOLUTE
    ..\..\..\Libraries\STM32F37x_StdPeriph_Driver\src\stm32f37x_flash.c 0x00000000   Number         0  stm32f37x_flash.o ABSOLUTE
    ..\..\..\Libraries\STM32F37x_StdPeriph_Driver\src\stm32f37x_gpio.c 0x00000000   Number         0  stm32f37x_gpio.o ABSOLUTE
    ..\..\..\Libraries\STM32F37x_StdPeriph_Driver\src\stm32f37x_i2c.c 0x00000000   Number         0  stm32f37x_i2c.o ABSOLUTE
    ..\..\..\Libraries\STM32F37x_StdPeriph_Driver\src\stm32f37x_misc.c 0x00000000   Number         0  stm32f37x_misc.o ABSOLUTE
    ..\..\..\Libraries\STM32F37x_StdPeriph_Driver\src\stm32f37x_pwr.c 0x00000000   Number         0  stm32f37x_pwr.o ABSOLUTE
    ..\..\..\Libraries\STM32F37x_StdPeriph_Driver\src\stm32f37x_rcc.c 0x00000000   Number         0  stm32f37x_rcc.o ABSOLUTE
    ..\..\..\Libraries\STM32F37x_StdPeriph_Driver\src\stm32f37x_spi.c 0x00000000   Number         0  stm32f37x_spi.o ABSOLUTE
    ..\..\..\Libraries\STM32F37x_StdPeriph_Driver\src\stm32f37x_syscfg.c 0x00000000   Number         0  stm32f37x_syscfg.o ABSOLUTE
    ..\..\..\Libraries\STM32F37x_StdPeriph_Driver\src\stm32f37x_usart.c 0x00000000   Number         0  stm32f37x_usart.o ABSOLUTE
    ..\..\..\Libraries\STM32_USB-FS-Device_Driver\src\usb_core.c 0x00000000   Number         0  usb_core.o ABSOLUTE
    ..\..\..\Libraries\STM32_USB-FS-Device_Driver\src\usb_init.c 0x00000000   Number         0  usb_init.o ABSOLUTE
    ..\..\..\Libraries\STM32_USB-FS-Device_Driver\src\usb_int.c 0x00000000   Number         0  usb_int.o ABSOLUTE
    ..\..\..\Libraries\STM32_USB-FS-Device_Driver\src\usb_mem.c 0x00000000   Number         0  usb_mem.o ABSOLUTE
    ..\..\..\Libraries\STM32_USB-FS-Device_Driver\src\usb_regs.c 0x00000000   Number         0  usb_regs.o ABSOLUTE
    ..\..\..\Libraries\STM32_USB-FS-Device_Driver\src\usb_sil.c 0x00000000   Number         0  usb_sil.o ABSOLUTE
    ..\..\..\Utilities\STM32_EVAL\STM32373C_EVAL\stm32373c_eval.c 0x00000000   Number         0  stm32373c_eval.o ABSOLUTE
    ..\\..\\..\\Libraries\\STM32F37x_StdPeriph_Driver\\src\\stm32f37x_dma.c 0x00000000   Number         0  stm32f37x_dma.o ABSOLUTE
    ..\\..\\..\\Libraries\\STM32F37x_StdPeriph_Driver\\src\\stm32f37x_exti.c 0x00000000   Number         0  stm32f37x_exti.o ABSOLUTE
    ..\\..\\..\\Libraries\\STM32F37x_StdPeriph_Driver\\src\\stm32f37x_flash.c 0x00000000   Number         0  stm32f37x_flash.o ABSOLUTE
    ..\\..\\..\\Libraries\\STM32F37x_StdPeriph_Driver\\src\\stm32f37x_gpio.c 0x00000000   Number         0  stm32f37x_gpio.o ABSOLUTE
    ..\\..\\..\\Libraries\\STM32F37x_StdPeriph_Driver\\src\\stm32f37x_i2c.c 0x00000000   Number         0  stm32f37x_i2c.o ABSOLUTE
    ..\\..\\..\\Libraries\\STM32F37x_StdPeriph_Driver\\src\\stm32f37x_misc.c 0x00000000   Number         0  stm32f37x_misc.o ABSOLUTE
    ..\\..\\..\\Libraries\\STM32F37x_StdPeriph_Driver\\src\\stm32f37x_pwr.c 0x00000000   Number         0  stm32f37x_pwr.o ABSOLUTE
    ..\\..\\..\\Libraries\\STM32F37x_StdPeriph_Driver\\src\\stm32f37x_rcc.c 0x00000000   Number         0  stm32f37x_rcc.o ABSOLUTE
    ..\\..\\..\\Libraries\\STM32F37x_StdPeriph_Driver\\src\\stm32f37x_spi.c 0x00000000   Number         0  stm32f37x_spi.o ABSOLUTE
    ..\\..\\..\\Libraries\\STM32F37x_StdPeriph_Driver\\src\\stm32f37x_syscfg.c 0x00000000   Number         0  stm32f37x_syscfg.o ABSOLUTE
    ..\\..\\..\\Libraries\\STM32F37x_StdPeriph_Driver\\src\\stm32f37x_usart.c 0x00000000   Number         0  stm32f37x_usart.o ABSOLUTE
    ..\\..\\..\\Libraries\\STM32_USB-FS-Device_Driver\\src\\usb_core.c 0x00000000   Number         0  usb_core.o ABSOLUTE
    ..\\..\\..\\Libraries\\STM32_USB-FS-Device_Driver\\src\\usb_init.c 0x00000000   Number         0  usb_init.o ABSOLUTE
    ..\\..\\..\\Libraries\\STM32_USB-FS-Device_Driver\\src\\usb_int.c 0x00000000   Number         0  usb_int.o ABSOLUTE
    ..\\..\\..\\Libraries\\STM32_USB-FS-Device_Driver\\src\\usb_mem.c 0x00000000   Number         0  usb_mem.o ABSOLUTE
    ..\\..\\..\\Libraries\\STM32_USB-FS-Device_Driver\\src\\usb_regs.c 0x00000000   Number         0  usb_regs.o ABSOLUTE
    ..\\..\\..\\Libraries\\STM32_USB-FS-Device_Driver\\src\\usb_sil.c 0x00000000   Number         0  usb_sil.o ABSOLUTE
    ..\\..\\..\\Utilities\\STM32_EVAL\\STM32373C_EVAL\\stm32373c_eval.c 0x00000000   Number         0  stm32373c_eval.o ABSOLUTE
    ..\\src\\hw_config.c                     0x00000000   Number         0  hw_config.o ABSOLUTE
    ..\\src\\main.c                          0x00000000   Number         0  main.o ABSOLUTE
    ..\\src\\mass_mal.c                      0x00000000   Number         0  mass_mal.o ABSOLUTE
    ..\\src\\memory.c                        0x00000000   Number         0  memory.o ABSOLUTE
    ..\\src\\scsi_data.c                     0x00000000   Number         0  scsi_data.o ABSOLUTE
    ..\\src\\stm32_it.c                      0x00000000   Number         0  stm32_it.o ABSOLUTE
    ..\\src\\system_stm32f37x.c              0x00000000   Number         0  system_stm32f37x.o ABSOLUTE
    ..\\src\\usb_bot.c                       0x00000000   Number         0  usb_bot.o ABSOLUTE
    ..\\src\\usb_desc.c                      0x00000000   Number         0  usb_desc.o ABSOLUTE
    ..\\src\\usb_endp.c                      0x00000000   Number         0  usb_endp.o ABSOLUTE
    ..\\src\\usb_istr.c                      0x00000000   Number         0  usb_istr.o ABSOLUTE
    ..\\src\\usb_prop.c                      0x00000000   Number         0  usb_prop.o ABSOLUTE
    ..\\src\\usb_pwr.c                       0x00000000   Number         0  usb_pwr.o ABSOLUTE
    ..\\src\\usb_scsi.c                      0x00000000   Number         0  usb_scsi.o ABSOLUTE
    ..\src\hw_config.c                       0x00000000   Number         0  hw_config.o ABSOLUTE
    ..\src\main.c                            0x00000000   Number         0  main.o ABSOLUTE
    ..\src\mass_mal.c                        0x00000000   Number         0  mass_mal.o ABSOLUTE
    ..\src\memory.c                          0x00000000   Number         0  memory.o ABSOLUTE
    ..\src\scsi_data.c                       0x00000000   Number         0  scsi_data.o ABSOLUTE
    ..\src\stm32_it.c                        0x00000000   Number         0  stm32_it.o ABSOLUTE
    ..\src\system_stm32f37x.c                0x00000000   Number         0  system_stm32f37x.o ABSOLUTE
    ..\src\usb_bot.c                         0x00000000   Number         0  usb_bot.o ABSOLUTE
    ..\src\usb_desc.c                        0x00000000   Number         0  usb_desc.o ABSOLUTE
    ..\src\usb_endp.c                        0x00000000   Number         0  usb_endp.o ABSOLUTE
    ..\src\usb_istr.c                        0x00000000   Number         0  usb_istr.o ABSOLUTE
    ..\src\usb_prop.c                        0x00000000   Number         0  usb_prop.o ABSOLUTE
    ..\src\usb_pwr.c                         0x00000000   Number         0  usb_pwr.o ABSOLUTE
    ..\src\usb_scsi.c                        0x00000000   Number         0  usb_scsi.o ABSOLUTE
    dc.s                                     0x00000000   Number         0  dc.o ABSOLUTE
    handlers.s                               0x00000000   Number         0  handlers.o ABSOLUTE
    init.s                                   0x00000000   Number         0  init.o ABSOLUTE
    RESET                                    0x08000000   Section      392  startup_stm32f37x.o(RESET)
    .ARM.Collect$$$$00000000                 0x08000188   Section        0  entry.o(.ARM.Collect$$$$00000000)
    .ARM.Collect$$$$00000001                 0x08000188   Section        4  entry2.o(.ARM.Collect$$$$00000001)
    .ARM.Collect$$$$00000004                 0x0800018c   Section        4  entry5.o(.ARM.Collect$$$$00000004)
    .ARM.Collect$$$$00000008                 0x08000190   Section        0  entry7b.o(.ARM.Collect$$$$00000008)
    .ARM.Collect$$$$0000000A                 0x08000190   Section        0  entry8b.o(.ARM.Collect$$$$0000000A)
    .ARM.Collect$$$$0000000B                 0x08000190   Section        8  entry9a.o(.ARM.Collect$$$$0000000B)
    .ARM.Collect$$$$0000000D                 0x08000198   Section        0  entry10a.o(.ARM.Collect$$$$0000000D)
    .ARM.Collect$$$$0000000F                 0x08000198   Section        0  entry11a.o(.ARM.Collect$$$$0000000F)
    .ARM.Collect$$$$00002712                 0x08000198   Section        4  entry2.o(.ARM.Collect$$$$00002712)
    __lit__00000000                          0x08000198   Data           4  entry2.o(.ARM.Collect$$$$00002712)
    .text                                    0x0800019c   Section       36  startup_stm32f37x.o(.text)
    $v0                                      0x0800019c   Number         0  startup_stm32f37x.o(.text)
    .text                                    0x080001c0   Section       36  init.o(.text)
    .text                                    0x080001e4   Section        0  __dclz77c.o(.text)
    i.Bot_Abort                              0x08000242   Section        0  usb_bot.o(i.Bot_Abort)
    i.BusFault_Handler                       0x08000274   Section        0  stm32_it.o(i.BusFault_Handler)
    i.ByteSwap                               0x08000276   Section        0  usb_regs.o(i.ByteSwap)
    i.CBW_Decode                             0x08000280   Section        0  usb_bot.o(i.CBW_Decode)
    i.CTR_LP                                 0x08000418   Section        0  usb_int.o(i.CTR_LP)
    i.ClearDTOG_RX                           0x08000574   Section        0  usb_regs.o(i.ClearDTOG_RX)
    i.ClearDTOG_TX                           0x0800059c   Section        0  usb_regs.o(i.ClearDTOG_TX)
    i.Clear_Status_Out                       0x080005c4   Section        0  usb_regs.o(i.Clear_Status_Out)
    i.DataStageIn                            0x080005e4   Section        0  usb_core.o(i.DataStageIn)
    DataStageIn                              0x080005e5   Thumb Code   156  usb_core.o(i.DataStageIn)
    i.DataStageOut                           0x08000698   Section        0  usb_core.o(i.DataStageOut)
    DataStageOut                             0x08000699   Thumb Code   142  usb_core.o(i.DataStageOut)
    i.Data_Setup0                            0x0800073c   Section        0  usb_core.o(i.Data_Setup0)
    Data_Setup0                              0x0800073d   Thumb Code   376  usb_core.o(i.Data_Setup0)
    i.DebugMon_Handler                       0x080008d8   Section        0  stm32_it.o(i.DebugMon_Handler)
    i.EP1_IN_Callback                        0x080008da   Section        0  usb_endp.o(i.EP1_IN_Callback)
    i.EP2_OUT_Callback                       0x080008de   Section        0  usb_endp.o(i.EP2_OUT_Callback)
    i.EXTI_ClearITPendingBit                 0x080008e4   Section        0  stm32f37x_exti.o(i.EXTI_ClearITPendingBit)
    i.EXTI_Init                              0x080008f0   Section        0  stm32f37x_exti.o(i.EXTI_Init)
    i.FLASH_ClearFlag                        0x08000960   Section        0  stm32f37x_flash.o(i.FLASH_ClearFlag)
    i.FLASH_ErasePage                        0x0800096c   Section        0  stm32f37x_flash.o(i.FLASH_ErasePage)
    i.FLASH_GetFlagStatus                    0x080009a8   Section        0  stm32f37x_flash.o(i.FLASH_GetFlagStatus)
    i.FLASH_GetStatus                        0x080009bc   Section        0  stm32f37x_flash.o(i.FLASH_GetStatus)
    i.FLASH_Lock                             0x080009e4   Section        0  stm32f37x_flash.o(i.FLASH_Lock)
    i.FLASH_ProgramWord                      0x080009f4   Section        0  stm32f37x_flash.o(i.FLASH_ProgramWord)
    i.FLASH_Unlock                           0x08000a40   Section        0  stm32f37x_flash.o(i.FLASH_Unlock)
    i.FLASH_WaitForLastOperation             0x08000a60   Section        0  stm32f37x_flash.o(i.FLASH_WaitForLastOperation)
    i.GPIO_Init                              0x08000a84   Section        0  stm32f37x_gpio.o(i.GPIO_Init)
    i.GPIO_PinAFConfig                       0x08000afc   Section        0  stm32f37x_gpio.o(i.GPIO_PinAFConfig)
    i.GPIO_SetBits                           0x08000b1c   Section        0  stm32f37x_gpio.o(i.GPIO_SetBits)
    i.GetEPRxAddr                            0x08000b20   Section        0  usb_regs.o(i.GetEPRxAddr)
    i.GetEPRxCount                           0x08000b40   Section        0  usb_regs.o(i.GetEPRxCount)
    i.GetEPRxStatus                          0x08000b60   Section        0  usb_regs.o(i.GetEPRxStatus)
    i.GetEPTxAddr                            0x08000b78   Section        0  usb_regs.o(i.GetEPTxAddr)
    i.Get_Max_Lun                            0x08000b94   Section        0  usb_prop.o(i.Get_Max_Lun)
    i.Get_SerialNum                          0x08000bb0   Section        0  hw_config.o(i.Get_SerialNum)
    i.HardFault_Handler                      0x08000be4   Section        0  stm32_it.o(i.HardFault_Handler)
    i.In0_Process                            0x08000be8   Section        0  usb_core.o(i.In0_Process)
    i.IntToUnicode                           0x08000c44   Section        0  hw_config.o(i.IntToUnicode)
    IntToUnicode                             0x08000c45   Thumb Code    56  hw_config.o(i.IntToUnicode)
    i.Leave_LowPowerMode                     0x08000c7c   Section        0  hw_config.o(i.Leave_LowPowerMode)
    i.Led_Config                             0x08000c98   Section        0  hw_config.o(i.Led_Config)
    i.Led_RW_OFF                             0x08000caa   Section        0  hw_config.o(i.Led_RW_OFF)
    i.Led_RW_ON                              0x08000cb0   Section        0  hw_config.o(i.Led_RW_ON)
    i.MAL_Config                             0x08000cb6   Section        0  hw_config.o(i.MAL_Config)
    i.MAL_GetStatus                          0x08000cbc   Section        0  mass_mal.o(i.MAL_GetStatus)
    i.MAL_Init                               0x08000cc4   Section        0  mass_mal.o(i.MAL_Init)
    i.MAL_Read                               0x08000d7c   Section        0  mass_mal.o(i.MAL_Read)
    i.MAL_Write                              0x08000e34   Section        0  mass_mal.o(i.MAL_Write)
    i.MASS_Data_Setup                        0x08000f74   Section        0  usb_prop.o(i.MASS_Data_Setup)
    i.MASS_GetConfigDescriptor               0x08000fb4   Section        0  usb_prop.o(i.MASS_GetConfigDescriptor)
    i.MASS_GetDeviceDescriptor               0x08000fc0   Section        0  usb_prop.o(i.MASS_GetDeviceDescriptor)
    i.MASS_GetStringDescriptor               0x08000fcc   Section        0  usb_prop.o(i.MASS_GetStringDescriptor)
    i.MASS_Get_Interface_Setting             0x08000fec   Section        0  usb_prop.o(i.MASS_Get_Interface_Setting)
    i.MASS_NoData_Setup                      0x08000ff8   Section        0  usb_prop.o(i.MASS_NoData_Setup)
    i.MASS_Reset                             0x08001048   Section        0  usb_prop.o(i.MASS_Reset)
    i.MASS_Status_In                         0x08001130   Section        0  usb_prop.o(i.MASS_Status_In)
    i.MASS_Status_Out                        0x08001132   Section        0  usb_prop.o(i.MASS_Status_Out)
    i.MASS_init                              0x08001134   Section        0  usb_prop.o(i.MASS_init)
    i.Mass_Storage_ClearFeature              0x08001158   Section        0  usb_prop.o(i.Mass_Storage_ClearFeature)
    i.Mass_Storage_In                        0x08001174   Section        0  usb_bot.o(i.Mass_Storage_In)
    i.Mass_Storage_Out                       0x080011dc   Section        0  usb_bot.o(i.Mass_Storage_Out)
    i.Mass_Storage_SetConfiguration          0x0800123c   Section        0  usb_prop.o(i.Mass_Storage_SetConfiguration)
    i.Mass_Storage_SetDeviceAddress          0x08001270   Section        0  usb_prop.o(i.Mass_Storage_SetDeviceAddress)
    i.MemManage_Handler                      0x0800127c   Section        0  stm32_it.o(i.MemManage_Handler)
    i.NMI_Handler                            0x0800127e   Section        0  stm32_it.o(i.NMI_Handler)
    i.NOP_Process                            0x08001280   Section        0  usb_core.o(i.NOP_Process)
    i.NVIC_Init                              0x08001284   Section        0  stm32f37x_misc.o(i.NVIC_Init)
    i.NVIC_PriorityGroupConfig               0x080012e8   Section        0  stm32f37x_misc.o(i.NVIC_PriorityGroupConfig)
    i.NoData_Setup0                          0x080012fc   Section        0  usb_core.o(i.NoData_Setup0)
    NoData_Setup0                            0x080012fd   Thumb Code   190  usb_core.o(i.NoData_Setup0)
    i.Out0_Process                           0x080013d0   Section        0  usb_core.o(i.Out0_Process)
    i.PMAToUserBufferCopy                    0x08001418   Section        0  usb_mem.o(i.PMAToUserBufferCopy)
    i.PendSV_Handler                         0x08001438   Section        0  stm32_it.o(i.PendSV_Handler)
    i.Post0_Process                          0x0800143c   Section        0  usb_core.o(i.Post0_Process)
    i.PowerOn                                0x08001480   Section        0  usb_pwr.o(i.PowerOn)
    i.RCC_AHBPeriphClockCmd                  0x080014ac   Section        0  stm32f37x_rcc.o(i.RCC_AHBPeriphClockCmd)
    i.RCC_APB1PeriphClockCmd                 0x080014c4   Section        0  stm32f37x_rcc.o(i.RCC_APB1PeriphClockCmd)
    i.RCC_APB2PeriphClockCmd                 0x080014dc   Section        0  stm32f37x_rcc.o(i.RCC_APB2PeriphClockCmd)
    i.RCC_USBCLKConfig                       0x080014f4   Section        0  stm32f37x_rcc.o(i.RCC_USBCLKConfig)
    i.Read_Memory                            0x08001500   Section        0  memory.o(i.Read_Memory)
    i.Resume                                 0x080015c0   Section        0  usb_pwr.o(i.Resume)
    i.Resume_Init                            0x08001654   Section        0  usb_pwr.o(i.Resume_Init)
    i.SCSI_Address_Management                0x08001674   Section        0  usb_scsi.o(i.SCSI_Address_Management)
    i.SCSI_Format_Cmd                        0x080016e8   Section        0  usb_scsi.o(i.SCSI_Format_Cmd)
    i.SCSI_Inquiry_Cmd                       0x08001718   Section        0  usb_scsi.o(i.SCSI_Inquiry_Cmd)
    i.SCSI_Invalid_Cmd                       0x0800174c   Section        0  usb_scsi.o(i.SCSI_Invalid_Cmd)
    i.SCSI_ModeSense10_Cmd                   0x08001780   Section        0  usb_scsi.o(i.SCSI_ModeSense10_Cmd)
    i.SCSI_ModeSense6_Cmd                    0x0800178c   Section        0  usb_scsi.o(i.SCSI_ModeSense6_Cmd)
    i.SCSI_Read10_Cmd                        0x08001798   Section        0  usb_scsi.o(i.SCSI_Read10_Cmd)
    i.SCSI_ReadCapacity10_Cmd                0x08001800   Section        0  usb_scsi.o(i.SCSI_ReadCapacity10_Cmd)
    i.SCSI_ReadFormatCapacity_Cmd            0x08001870   Section        0  usb_scsi.o(i.SCSI_ReadFormatCapacity_Cmd)
    i.SCSI_RequestSense_Cmd                  0x080018dc   Section        0  usb_scsi.o(i.SCSI_RequestSense_Cmd)
    i.SCSI_Start_Stop_Unit_Cmd               0x080018f4   Section        0  usb_scsi.o(i.SCSI_Start_Stop_Unit_Cmd)
    i.SCSI_TestUnitReady_Cmd                 0x080018fc   Section        0  usb_scsi.o(i.SCSI_TestUnitReady_Cmd)
    i.SCSI_Verify10_Cmd                      0x08001934   Section        0  usb_scsi.o(i.SCSI_Verify10_Cmd)
    i.SCSI_Write10_Cmd                       0x08001968   Section        0  usb_scsi.o(i.SCSI_Write10_Cmd)
    i.STM_EVAL_LEDInit                       0x080019cc   Section        0  stm32373c_eval.o(i.STM_EVAL_LEDInit)
    i.STM_EVAL_LEDOff                        0x08001a1c   Section        0  stm32373c_eval.o(i.STM_EVAL_LEDOff)
    i.STM_EVAL_LEDOn                         0x08001a34   Section        0  stm32373c_eval.o(i.STM_EVAL_LEDOn)
    i.SVC_Handler                            0x08001a4c   Section        0  stm32_it.o(i.SVC_Handler)
    i.SetBTABLE                              0x08001a50   Section        0  usb_regs.o(i.SetBTABLE)
    i.SetDeviceAddress                       0x08001a60   Section        0  usb_core.o(i.SetDeviceAddress)
    i.SetEPRxAddr                            0x08001aa8   Section        0  usb_regs.o(i.SetEPRxAddr)
    i.SetEPRxCount                           0x08001ac8   Section        0  usb_regs.o(i.SetEPRxCount)
    i.SetEPRxStatus                          0x08001b08   Section        0  usb_regs.o(i.SetEPRxStatus)
    i.SetEPRxValid                           0x08001b38   Section        0  usb_regs.o(i.SetEPRxValid)
    i.SetEPTxAddr                            0x08001b5c   Section        0  usb_regs.o(i.SetEPTxAddr)
    i.SetEPTxCount                           0x08001b7c   Section        0  usb_regs.o(i.SetEPTxCount)
    i.SetEPTxStatus                          0x08001b98   Section        0  usb_regs.o(i.SetEPTxStatus)
    i.SetEPType                              0x08001bc8   Section        0  usb_regs.o(i.SetEPType)
    i.SetSysClock                            0x08001be4   Section        0  system_stm32f37x.o(i.SetSysClock)
    SetSysClock                              0x08001be5   Thumb Code   140  system_stm32f37x.o(i.SetSysClock)
    i.Set_CSW                                0x08001c78   Section        0  usb_bot.o(i.Set_CSW)
    i.Set_Scsi_Sense_Data                    0x08001cb4   Section        0  usb_scsi.o(i.Set_Scsi_Sense_Data)
    i.Set_System                             0x08001cc0   Section        0  hw_config.o(i.Set_System)
    i.Set_USBClock                           0x08001d80   Section        0  hw_config.o(i.Set_USBClock)
    i.Setup0_Process                         0x08001d94   Section        0  usb_core.o(i.Setup0_Process)
    i.Standard_ClearFeature                  0x08001dfc   Section        0  usb_core.o(i.Standard_ClearFeature)
    i.Standard_GetConfiguration              0x08001ef8   Section        0  usb_core.o(i.Standard_GetConfiguration)
    i.Standard_GetDescriptorData             0x08001f20   Section        0  usb_core.o(i.Standard_GetDescriptorData)
    i.Standard_GetInterface                  0x08001f3c   Section        0  usb_core.o(i.Standard_GetInterface)
    i.Standard_GetStatus                     0x08001f64   Section        0  usb_core.o(i.Standard_GetStatus)
    i.Standard_SetConfiguration              0x08001ff8   Section        0  usb_core.o(i.Standard_SetConfiguration)
    i.Standard_SetDeviceFeature              0x08002030   Section        0  usb_core.o(i.Standard_SetDeviceFeature)
    i.Standard_SetEndPointFeature            0x08002054   Section        0  usb_core.o(i.Standard_SetEndPointFeature)
    i.Standard_SetInterface                  0x080020dc   Section        0  usb_core.o(i.Standard_SetInterface)
    i.Suspend                                0x08002124   Section        0  usb_pwr.o(i.Suspend)
    i.SysTick_Handler                        0x080021cc   Section        0  stm32_it.o(i.SysTick_Handler)
    i.SystemInit                             0x080021d0   Section        0  system_stm32f37x.o(i.SystemInit)
    i.Transfer_Data_Request                  0x0800223c   Section        0  usb_bot.o(i.Transfer_Data_Request)
    i.USBWakeUp_IRQHandler                   0x08002270   Section        0  stm32_it.o(i.USBWakeUp_IRQHandler)
    i.USB_Cable_Config                       0x08002278   Section        0  hw_config.o(i.USB_Cable_Config)
    i.USB_Configured_LED                     0x080022a8   Section        0  hw_config.o(i.USB_Configured_LED)
    i.USB_Init                               0x080022b0   Section        0  usb_init.o(i.USB_Init)
    i.USB_Interrupts_Config                  0x080022d8   Section        0  hw_config.o(i.USB_Interrupts_Config)
    i.USB_Istr                               0x08002318   Section        0  usb_istr.o(i.USB_Istr)
    i.USB_LP_IRQHandler                      0x080023d4   Section        0  stm32_it.o(i.USB_LP_IRQHandler)
    i.USB_NotConfigured_LED                  0x080023d8   Section        0  hw_config.o(i.USB_NotConfigured_LED)
    i.USB_SIL_Init                           0x080023e0   Section        0  usb_sil.o(i.USB_SIL_Init)
    i.USB_SIL_Read                           0x08002400   Section        0  usb_sil.o(i.USB_SIL_Read)
    i.USB_SIL_Write                          0x08002424   Section        0  usb_sil.o(i.USB_SIL_Write)
    i.UsageFault_Handler                     0x0800244a   Section        0  stm32_it.o(i.UsageFault_Handler)
    i.UserToPMABufferCopy                    0x0800244c   Section        0  usb_mem.o(i.UserToPMABufferCopy)
    i.Write_Memory                           0x08002478   Section        0  memory.o(i.Write_Memory)
    i.__scatterload_copy                     0x08002550   Section       14  handlers.o(i.__scatterload_copy)
    i.__scatterload_null                     0x0800255e   Section        2  handlers.o(i.__scatterload_null)
    i.__scatterload_zeroinit                 0x08002560   Section       14  handlers.o(i.__scatterload_zeroinit)
    i.main                                   0x08002570   Section        0  main.o(i.main)
    .constdata                               0x080025b8   Section       18  usb_desc.o(.constdata)
    .constdata                               0x080025ca   Section       32  usb_desc.o(.constdata)
    .constdata                               0x080025ea   Section        4  usb_desc.o(.constdata)
    .constdata                               0x080025ee   Section       38  usb_desc.o(.constdata)
    .constdata                               0x08002614   Section       38  usb_desc.o(.constdata)
    .constdata                               0x0800263a   Section       16  usb_desc.o(.constdata)
    .constdata                               0x0800264c   Section      118  stm32373c_eval.o(.constdata)
    .data                                    0x20000000   Section        8  hw_config.o(.data)
    .data                                    0x20000008   Section        4  main.o(.data)
    .data                                    0x2000000c   Section     3934  mass_mal.o(.data)
    BOOT_TABLE                               0x20000018   Data          62  mass_mal.o(.data)
    FATn_TABLE                               0x20000056   Data        1536  mass_mal.o(.data)
    ROOT_TABLE                               0x20000656   Data        1024  mass_mal.o(.data)
    FileData                                 0x20000a56   Data        1300  mass_mal.o(.data)
    .data                                    0x20000f6c   Section       36  memory.o(.data)
    Offset                                   0x20000f78   Data           4  memory.o(.data)
    Length                                   0x20000f7c   Data           4  memory.o(.data)
    W_Offset                                 0x20000f80   Data           4  memory.o(.data)
    W_Length                                 0x20000f84   Data           4  memory.o(.data)
    .data                                    0x20000f90   Section        5  scsi_data.o(.data)
    .data                                    0x20000f95   Section       36  scsi_data.o(.data)
    .data                                    0x20000fb9   Section       36  scsi_data.o(.data)
    .data                                    0x20000fdd   Section        4  scsi_data.o(.data)
    .data                                    0x20000fe1   Section        8  scsi_data.o(.data)
    .data                                    0x20000fe9   Section       18  scsi_data.o(.data)
    .data                                    0x20000ffb   Section        8  scsi_data.o(.data)
    .data                                    0x20001003   Section       12  scsi_data.o(.data)
    .data                                    0x20001010   Section       12  usb_bot.o(.data)
    .data                                    0x2000101c   Section       26  usb_desc.o(.data)
    .data                                    0x20001036   Section        4  usb_istr.o(.data)
    .data                                    0x2000103c   Section       28  usb_istr.o(.data)
    .data                                    0x20001058   Section       28  usb_istr.o(.data)
    .data                                    0x20001074   Section      108  usb_prop.o(.data)
    .data                                    0x200010e0   Section        2  usb_prop.o(.data)
    .data                                    0x200010e4   Section       36  usb_prop.o(.data)
    .data                                    0x20001108   Section       12  usb_pwr.o(.data)
    .data                                    0x20001114   Section        1  usb_pwr.o(.data)
    .data                                    0x20001116   Section        4  usb_core.o(.data)
    .data                                    0x2000111a   Section        1  usb_init.o(.data)
    .data                                    0x2000111c   Section       12  usb_init.o(.data)
    .data                                    0x20001128   Section        2  usb_init.o(.data)
    .data                                    0x2000112a   Section        4  usb_int.o(.data)
    .data                                    0x20001130   Section       48  stm32373c_eval.o(.data)
    .bss                                     0x20001160   Section     2048  mass_mal.o(.bss)
    .bss                                     0x20001960   Section     2048  memory.o(.bss)
    .bss                                     0x20002160   Section      112  usb_bot.o(.bss)
    .bss                                     0x200021d0   Section       32  usb_pwr.o(.bss)
    .bss                                     0x200021f0   Section       28  usb_init.o(.bss)
    STACK                                    0x20002210   Section     1024  startup_stm32f37x.o(STACK)

    Global Symbols

    Symbol Name                              Value     Ov Type        Size  Object(Section)

    BuildAttributes$$THM_ISAv4$E$P$D$K$B$S$7EM$VFPi3$EXTD16$VFPS$VFMA$PE$A:L22UL41UL21$X:L11$S22US41US21$IEEE1$IW$USESV6$~STKCKD$USESV7$~SHL$OSPACE$EBA8$MICROLIB$REQ8$PRES8$EABIv2 0x00000000   Number         0  anon$$obj.o ABSOLUTE
    __ARM_use_no_argv                        0x00000000   Number         0  main.o ABSOLUTE
    __cpp_initialize__aeabi_                  - Undefined Weak Reference
    __cxa_finalize                            - Undefined Weak Reference
    _clock_init                               - Undefined Weak Reference
    _microlib_exit                            - Undefined Weak Reference
    __Vectors_Size                           0x00000188   Number         0  startup_stm32f37x.o ABSOLUTE
    __Vectors                                0x08000000   Data           4  startup_stm32f37x.o(RESET)
    __Vectors_End                            0x08000188   Data           0  startup_stm32f37x.o(RESET)
    __main                                   0x08000189   Thumb Code     0  entry.o(.ARM.Collect$$$$00000000)
    _main_stk                                0x08000189   Thumb Code     0  entry2.o(.ARM.Collect$$$$00000001)
    _main_scatterload                        0x0800018d   Thumb Code     0  entry5.o(.ARM.Collect$$$$00000004)
    __main_after_scatterload                 0x08000191   Thumb Code     0  entry5.o(.ARM.Collect$$$$00000004)
    _main_clock                              0x08000191   Thumb Code     0  entry7b.o(.ARM.Collect$$$$00000008)
    _main_cpp_init                           0x08000191   Thumb Code     0  entry8b.o(.ARM.Collect$$$$0000000A)
    _main_init                               0x08000191   Thumb Code     0  entry9a.o(.ARM.Collect$$$$0000000B)
    __rt_final_cpp                           0x08000199   Thumb Code     0  entry10a.o(.ARM.Collect$$$$0000000D)
    __rt_final_exit                          0x08000199   Thumb Code     0  entry11a.o(.ARM.Collect$$$$0000000F)
    Reset_Handler                            0x0800019d   Thumb Code     8  startup_stm32f37x.o(.text)
    ADC1_IRQHandler                          0x080001b7   Thumb Code     0  startup_stm32f37x.o(.text)
    CAN1_RX0_IRQHandler                      0x080001b7   Thumb Code     0  startup_stm32f37x.o(.text)
    CAN1_RX1_IRQHandler                      0x080001b7   Thumb Code     0  startup_stm32f37x.o(.text)
    CAN1_SCE_IRQHandler                      0x080001b7   Thumb Code     0  startup_stm32f37x.o(.text)
    CAN1_TX_IRQHandler                       0x080001b7   Thumb Code     0  startup_stm32f37x.o(.text)
    CEC_IRQHandler                           0x080001b7   Thumb Code     0  startup_stm32f37x.o(.text)
    COMP_IRQHandler                          0x080001b7   Thumb Code     0  startup_stm32f37x.o(.text)
    DMA1_Channel1_IRQHandler                 0x080001b7   Thumb Code     0  startup_stm32f37x.o(.text)
    DMA1_Channel2_IRQHandler                 0x080001b7   Thumb Code     0  startup_stm32f37x.o(.text)
    DMA1_Channel3_IRQHandler                 0x080001b7   Thumb Code     0  startup_stm32f37x.o(.text)
    DMA1_Channel4_IRQHandler                 0x080001b7   Thumb Code     0  startup_stm32f37x.o(.text)
    DMA1_Channel5_IRQHandler                 0x080001b7   Thumb Code     0  startup_stm32f37x.o(.text)
    DMA1_Channel6_IRQHandler                 0x080001b7   Thumb Code     0  startup_stm32f37x.o(.text)
    DMA1_Channel7_IRQHandler                 0x080001b7   Thumb Code     0  startup_stm32f37x.o(.text)
    DMA2_Channel1_IRQHandler                 0x080001b7   Thumb Code     0  startup_stm32f37x.o(.text)
    DMA2_Channel2_IRQHandler                 0x080001b7   Thumb Code     0  startup_stm32f37x.o(.text)
    DMA2_Channel3_IRQHandler                 0x080001b7   Thumb Code     0  startup_stm32f37x.o(.text)
    DMA2_Channel4_IRQHandler                 0x080001b7   Thumb Code     0  startup_stm32f37x.o(.text)
    DMA2_Channel5_IRQHandler                 0x080001b7   Thumb Code     0  startup_stm32f37x.o(.text)
    EXTI0_IRQHandler                         0x080001b7   Thumb Code     0  startup_stm32f37x.o(.text)
    EXTI15_10_IRQHandler                     0x080001b7   Thumb Code     0  startup_stm32f37x.o(.text)
    EXTI1_IRQHandler                         0x080001b7   Thumb Code     0  startup_stm32f37x.o(.text)
    EXTI2_TS_IRQHandler                      0x080001b7   Thumb Code     0  startup_stm32f37x.o(.text)
    EXTI3_IRQHandler                         0x080001b7   Thumb Code     0  startup_stm32f37x.o(.text)
    EXTI4_IRQHandler                         0x080001b7   Thumb Code     0  startup_stm32f37x.o(.text)
    EXTI9_5_IRQHandler                       0x080001b7   Thumb Code     0  startup_stm32f37x.o(.text)
    FLASH_IRQHandler                         0x080001b7   Thumb Code     0  startup_stm32f37x.o(.text)
    FPU_IRQHandler                           0x080001b7   Thumb Code     0  startup_stm32f37x.o(.text)
    I2C1_ER_IRQHandler                       0x080001b7   Thumb Code     0  startup_stm32f37x.o(.text)
    I2C1_EV_IRQHandler                       0x080001b7   Thumb Code     0  startup_stm32f37x.o(.text)
    I2C2_ER_IRQHandler                       0x080001b7   Thumb Code     0  startup_stm32f37x.o(.text)
    I2C2_EV_IRQHandler                       0x080001b7   Thumb Code     0  startup_stm32f37x.o(.text)
    PVD_IRQHandler                           0x080001b7   Thumb Code     0  startup_stm32f37x.o(.text)
    RCC_IRQHandler                           0x080001b7   Thumb Code     0  startup_stm32f37x.o(.text)
    RTC_Alarm_IRQHandler                     0x080001b7   Thumb Code     0  startup_stm32f37x.o(.text)
    RTC_WKUP_IRQHandler                      0x080001b7   Thumb Code     0  startup_stm32f37x.o(.text)
    SDADC1_IRQHandler                        0x080001b7   Thumb Code     0  startup_stm32f37x.o(.text)
    SDADC2_IRQHandler                        0x080001b7   Thumb Code     0  startup_stm32f37x.o(.text)
    SDADC3_IRQHandler                        0x080001b7   Thumb Code     0  startup_stm32f37x.o(.text)
    SPI1_IRQHandler                          0x080001b7   Thumb Code     0  startup_stm32f37x.o(.text)
    SPI2_IRQHandler                          0x080001b7   Thumb Code     0  startup_stm32f37x.o(.text)
    SPI3_IRQHandler                          0x080001b7   Thumb Code     0  startup_stm32f37x.o(.text)
    TAMPER_STAMP_IRQHandler                  0x080001b7   Thumb Code     0  startup_stm32f37x.o(.text)
    TIM12_IRQHandler                         0x080001b7   Thumb Code     0  startup_stm32f37x.o(.text)
    TIM13_IRQHandler                         0x080001b7   Thumb Code     0  startup_stm32f37x.o(.text)
    TIM14_IRQHandler                         0x080001b7   Thumb Code     0  startup_stm32f37x.o(.text)
    TIM15_IRQHandler                         0x080001b7   Thumb Code     0  startup_stm32f37x.o(.text)
    TIM16_IRQHandler                         0x080001b7   Thumb Code     0  startup_stm32f37x.o(.text)
    TIM17_IRQHandler                         0x080001b7   Thumb Code     0  startup_stm32f37x.o(.text)
    TIM18_DAC2_IRQHandler                    0x080001b7   Thumb Code     0  startup_stm32f37x.o(.text)
    TIM19_IRQHandler                         0x080001b7   Thumb Code     0  startup_stm32f37x.o(.text)
    TIM2_IRQHandler                          0x080001b7   Thumb Code     0  startup_stm32f37x.o(.text)
    TIM3_IRQHandler                          0x080001b7   Thumb Code     0  startup_stm32f37x.o(.text)
    TIM4_IRQHandler                          0x080001b7   Thumb Code     0  startup_stm32f37x.o(.text)
    TIM5_IRQHandler                          0x080001b7   Thumb Code     0  startup_stm32f37x.o(.text)
    TIM6_DAC1_IRQHandler                     0x080001b7   Thumb Code     0  startup_stm32f37x.o(.text)
    TIM7_IRQHandler                          0x080001b7   Thumb Code     0  startup_stm32f37x.o(.text)
    USART1_IRQHandler                        0x080001b7   Thumb Code     0  startup_stm32f37x.o(.text)
    USART2_IRQHandler                        0x080001b7   Thumb Code     0  startup_stm32f37x.o(.text)
    USART3_IRQHandler                        0x080001b7   Thumb Code     0  startup_stm32f37x.o(.text)
    USB_HP_IRQHandler                        0x080001b7   Thumb Code     0  startup_stm32f37x.o(.text)
    WWDG_IRQHandler                          0x080001b7   Thumb Code     0  startup_stm32f37x.o(.text)
    __scatterload                            0x080001c1   Thumb Code    28  init.o(.text)
    __scatterload_rt2                        0x080001c1   Thumb Code     0  init.o(.text)
    __decompress                             0x080001e5   Thumb Code     0  __dclz77c.o(.text)
    __decompress2                            0x080001e5   Thumb Code    94  __dclz77c.o(.text)
    Bot_Abort                                0x08000243   Thumb Code    50  usb_bot.o(i.Bot_Abort)
    BusFault_Handler                         0x08000275   Thumb Code     2  stm32_it.o(i.BusFault_Handler)
    ByteSwap                                 0x08000277   Thumb Code    10  usb_regs.o(i.ByteSwap)
    CBW_Decode                               0x08000281   Thumb Code   392  usb_bot.o(i.CBW_Decode)
    CTR_LP                                   0x08000419   Thumb Code   318  usb_int.o(i.CTR_LP)
    ClearDTOG_RX                             0x08000575   Thumb Code    36  usb_regs.o(i.ClearDTOG_RX)
    ClearDTOG_TX                             0x0800059d   Thumb Code    36  usb_regs.o(i.ClearDTOG_TX)
    Clear_Status_Out                         0x080005c5   Thumb Code    28  usb_regs.o(i.Clear_Status_Out)
    DebugMon_Handler                         0x080008d9   Thumb Code     2  stm32_it.o(i.DebugMon_Handler)
    EP1_IN_Callback                          0x080008db   Thumb Code     4  usb_endp.o(i.EP1_IN_Callback)
    EP2_OUT_Callback                         0x080008df   Thumb Code     4  usb_endp.o(i.EP2_OUT_Callback)
    EXTI_ClearITPendingBit                   0x080008e5   Thumb Code     6  stm32f37x_exti.o(i.EXTI_ClearITPendingBit)
    EXTI_Init                                0x080008f1   Thumb Code   108  stm32f37x_exti.o(i.EXTI_Init)
    FLASH_ClearFlag                          0x08000961   Thumb Code     6  stm32f37x_flash.o(i.FLASH_ClearFlag)
    FLASH_ErasePage                          0x0800096d   Thumb Code    54  stm32f37x_flash.o(i.FLASH_ErasePage)
    FLASH_GetFlagStatus                      0x080009a9   Thumb Code    16  stm32f37x_flash.o(i.FLASH_GetFlagStatus)
    FLASH_GetStatus                          0x080009bd   Thumb Code    34  stm32f37x_flash.o(i.FLASH_GetStatus)
    FLASH_Lock                               0x080009e5   Thumb Code    12  stm32f37x_flash.o(i.FLASH_Lock)
    FLASH_ProgramWord                        0x080009f5   Thumb Code    70  stm32f37x_flash.o(i.FLASH_ProgramWord)
    FLASH_Unlock                             0x08000a41   Thumb Code    18  stm32f37x_flash.o(i.FLASH_Unlock)
    FLASH_WaitForLastOperation               0x08000a61   Thumb Code    36  stm32f37x_flash.o(i.FLASH_WaitForLastOperation)
    GPIO_Init                                0x08000a85   Thumb Code   120  stm32f37x_gpio.o(i.GPIO_Init)
    GPIO_PinAFConfig                         0x08000afd   Thumb Code    32  stm32f37x_gpio.o(i.GPIO_PinAFConfig)
    GPIO_SetBits                             0x08000b1d   Thumb Code     4  stm32f37x_gpio.o(i.GPIO_SetBits)
    GetEPRxAddr                              0x08000b21   Thumb Code    22  usb_regs.o(i.GetEPRxAddr)
    GetEPRxCount                             0x08000b41   Thumb Code    24  usb_regs.o(i.GetEPRxCount)
    GetEPRxStatus                            0x08000b61   Thumb Code    18  usb_regs.o(i.GetEPRxStatus)
    GetEPTxAddr                              0x08000b79   Thumb Code    20  usb_regs.o(i.GetEPTxAddr)
    Get_Max_Lun                              0x08000b95   Thumb Code    18  usb_prop.o(i.Get_Max_Lun)
    Get_SerialNum                            0x08000bb1   Thumb Code    44  hw_config.o(i.Get_SerialNum)
    HardFault_Handler                        0x08000be5   Thumb Code     2  stm32_it.o(i.HardFault_Handler)
    In0_Process                              0x08000be9   Thumb Code    80  usb_core.o(i.In0_Process)
    Leave_LowPowerMode                       0x08000c7d   Thumb Code    18  hw_config.o(i.Leave_LowPowerMode)
    Led_Config                               0x08000c99   Thumb Code    18  hw_config.o(i.Led_Config)
    Led_RW_OFF                               0x08000cab   Thumb Code     6  hw_config.o(i.Led_RW_OFF)
    Led_RW_ON                                0x08000cb1   Thumb Code     6  hw_config.o(i.Led_RW_ON)
    MAL_Config                               0x08000cb7   Thumb Code     6  hw_config.o(i.MAL_Config)
    MAL_GetStatus                            0x08000cbd   Thumb Code     8  mass_mal.o(i.MAL_GetStatus)
    MAL_Init                                 0x08000cc5   Thumb Code   164  mass_mal.o(i.MAL_Init)
    MAL_Read                                 0x08000d7d   Thumb Code   170  mass_mal.o(i.MAL_Read)
    MAL_Write                                0x08000e35   Thumb Code   308  mass_mal.o(i.MAL_Write)
    MASS_Data_Setup                          0x08000f75   Thumb Code    54  usb_prop.o(i.MASS_Data_Setup)
    MASS_GetConfigDescriptor                 0x08000fb5   Thumb Code     6  usb_prop.o(i.MASS_GetConfigDescriptor)
    MASS_GetDeviceDescriptor                 0x08000fc1   Thumb Code     6  usb_prop.o(i.MASS_GetDeviceDescriptor)
    MASS_GetStringDescriptor                 0x08000fcd   Thumb Code    24  usb_prop.o(i.MASS_GetStringDescriptor)
    MASS_Get_Interface_Setting               0x08000fed   Thumb Code    10  usb_prop.o(i.MASS_Get_Interface_Setting)
    MASS_NoData_Setup                        0x08000ff9   Thumb Code    62  usb_prop.o(i.MASS_NoData_Setup)
    MASS_Reset                               0x08001049   Thumb Code   200  usb_prop.o(i.MASS_Reset)
    MASS_Status_In                           0x08001131   Thumb Code     2  usb_prop.o(i.MASS_Status_In)
    MASS_Status_Out                          0x08001133   Thumb Code     2  usb_prop.o(i.MASS_Status_Out)
    MASS_init                                0x08001135   Thumb Code    28  usb_prop.o(i.MASS_init)
    Mass_Storage_ClearFeature                0x08001159   Thumb Code    18  usb_prop.o(i.Mass_Storage_ClearFeature)
    Mass_Storage_In                          0x08001175   Thumb Code    96  usb_bot.o(i.Mass_Storage_In)
    Mass_Storage_Out                         0x080011dd   Thumb Code    86  usb_bot.o(i.Mass_Storage_Out)
    Mass_Storage_SetConfiguration            0x0800123d   Thumb Code    38  usb_prop.o(i.Mass_Storage_SetConfiguration)
    Mass_Storage_SetDeviceAddress            0x08001271   Thumb Code     8  usb_prop.o(i.Mass_Storage_SetDeviceAddress)
    MemManage_Handler                        0x0800127d   Thumb Code     2  stm32_it.o(i.MemManage_Handler)
    NMI_Handler                              0x0800127f   Thumb Code     2  stm32_it.o(i.NMI_Handler)
    NOP_Process                              0x08001281   Thumb Code     2  usb_core.o(i.NOP_Process)
    NVIC_Init                                0x08001285   Thumb Code    94  stm32f37x_misc.o(i.NVIC_Init)
    NVIC_PriorityGroupConfig                 0x080012e9   Thumb Code    10  stm32f37x_misc.o(i.NVIC_PriorityGroupConfig)
    Out0_Process                             0x080013d1   Thumb Code    62  usb_core.o(i.Out0_Process)
    PMAToUserBufferCopy                      0x08001419   Thumb Code    26  usb_mem.o(i.PMAToUserBufferCopy)
    PendSV_Handler                           0x08001439   Thumb Code     2  stm32_it.o(i.PendSV_Handler)
    Post0_Process                            0x0800143d   Thumb Code    52  usb_core.o(i.Post0_Process)
    PowerOn                                  0x08001481   Thumb Code    36  usb_pwr.o(i.PowerOn)
    RCC_AHBPeriphClockCmd                    0x080014ad   Thumb Code    18  stm32f37x_rcc.o(i.RCC_AHBPeriphClockCmd)
    RCC_APB1PeriphClockCmd                   0x080014c5   Thumb Code    18  stm32f37x_rcc.o(i.RCC_APB1PeriphClockCmd)
    RCC_APB2PeriphClockCmd                   0x080014dd   Thumb Code    18  stm32f37x_rcc.o(i.RCC_APB2PeriphClockCmd)
    RCC_USBCLKConfig                         0x080014f5   Thumb Code     8  stm32f37x_rcc.o(i.RCC_USBCLKConfig)
    Read_Memory                              0x08001501   Thumb Code   172  memory.o(i.Read_Memory)
    Resume                                   0x080015c1   Thumb Code   140  usb_pwr.o(i.Resume)
    Resume_Init                              0x08001655   Thumb Code    26  usb_pwr.o(i.Resume_Init)
    SCSI_Address_Management                  0x08001675   Thumb Code    98  usb_scsi.o(i.SCSI_Address_Management)
    SCSI_Format_Cmd                          0x080016e9   Thumb Code    42  usb_scsi.o(i.SCSI_Format_Cmd)
    SCSI_Inquiry_Cmd                         0x08001719   Thumb Code    34  usb_scsi.o(i.SCSI_Inquiry_Cmd)
    SCSI_Invalid_Cmd                         0x0800174d   Thumb Code    46  usb_scsi.o(i.SCSI_Invalid_Cmd)
    SCSI_ModeSense10_Cmd                     0x08001781   Thumb Code     8  usb_scsi.o(i.SCSI_ModeSense10_Cmd)
    SCSI_ModeSense6_Cmd                      0x0800178d   Thumb Code     8  usb_scsi.o(i.SCSI_ModeSense6_Cmd)
    SCSI_Read10_Cmd                          0x08001799   Thumb Code    96  usb_scsi.o(i.SCSI_Read10_Cmd)
    SCSI_ReadCapacity10_Cmd                  0x08001801   Thumb Code    96  usb_scsi.o(i.SCSI_ReadCapacity10_Cmd)
    SCSI_ReadFormatCapacity_Cmd              0x08001871   Thumb Code    90  usb_scsi.o(i.SCSI_ReadFormatCapacity_Cmd)
    SCSI_RequestSense_Cmd                    0x080018dd   Thumb Code    16  usb_scsi.o(i.SCSI_RequestSense_Cmd)
    SCSI_Start_Stop_Unit_Cmd                 0x080018f5   Thumb Code     8  usb_scsi.o(i.SCSI_Start_Stop_Unit_Cmd)
    SCSI_TestUnitReady_Cmd                   0x080018fd   Thumb Code    50  usb_scsi.o(i.SCSI_TestUnitReady_Cmd)
    SCSI_Verify10_Cmd                        0x08001935   Thumb Code    48  usb_scsi.o(i.SCSI_Verify10_Cmd)
    SCSI_Write10_Cmd                         0x08001969   Thumb Code    92  usb_scsi.o(i.SCSI_Write10_Cmd)
    STM_EVAL_LEDInit                         0x080019cd   Thumb Code    72  stm32373c_eval.o(i.STM_EVAL_LEDInit)
    STM_EVAL_LEDOff                          0x08001a1d   Thumb Code    16  stm32373c_eval.o(i.STM_EVAL_LEDOff)
    STM_EVAL_LEDOn                           0x08001a35   Thumb Code    16  stm32373c_eval.o(i.STM_EVAL_LEDOn)
    SVC_Handler                              0x08001a4d   Thumb Code     2  stm32_it.o(i.SVC_Handler)
    SetBTABLE                                0x08001a51   Thumb Code    10  usb_regs.o(i.SetBTABLE)
    SetDeviceAddress                         0x08001a61   Thumb Code    58  usb_core.o(i.SetDeviceAddress)
    SetEPRxAddr                              0x08001aa9   Thumb Code    24  usb_regs.o(i.SetEPRxAddr)
    SetEPRxCount                             0x08001ac9   Thumb Code    54  usb_regs.o(i.SetEPRxCount)
    SetEPRxStatus                            0x08001b09   Thumb Code    44  usb_regs.o(i.SetEPRxStatus)
    SetEPRxValid                             0x08001b39   Thumb Code    32  usb_regs.o(i.SetEPRxValid)
    SetEPTxAddr                              0x08001b5d   Thumb Code    22  usb_regs.o(i.SetEPTxAddr)
    SetEPTxCount                             0x08001b7d   Thumb Code    20  usb_regs.o(i.SetEPTxCount)
    SetEPTxStatus                            0x08001b99   Thumb Code    44  usb_regs.o(i.SetEPTxStatus)
    SetEPType                                0x08001bc9   Thumb Code    24  usb_regs.o(i.SetEPType)
    Set_CSW                                  0x08001c79   Thumb Code    48  usb_bot.o(i.Set_CSW)
    Set_Scsi_Sense_Data                      0x08001cb5   Thumb Code     8  usb_scsi.o(i.Set_Scsi_Sense_Data)
    Set_System                               0x08001cc1   Thumb Code   186  hw_config.o(i.Set_System)
    Set_USBClock                             0x08001d81   Thumb Code    20  hw_config.o(i.Set_USBClock)
    Setup0_Process                           0x08001d95   Thumb Code    92  usb_core.o(i.Setup0_Process)
    Standard_ClearFeature                    0x08001dfd   Thumb Code   232  usb_core.o(i.Standard_ClearFeature)
    Standard_GetConfiguration                0x08001ef9   Thumb Code    30  usb_core.o(i.Standard_GetConfiguration)
    Standard_GetDescriptorData               0x08001f21   Thumb Code    24  usb_core.o(i.Standard_GetDescriptorData)
    Standard_GetInterface                    0x08001f3d   Thumb Code    30  usb_core.o(i.Standard_GetInterface)
    Standard_GetStatus                       0x08001f65   Thumb Code   130  usb_core.o(i.Standard_GetStatus)
    Standard_SetConfiguration                0x08001ff9   Thumb Code    42  usb_core.o(i.Standard_SetConfiguration)
    Standard_SetDeviceFeature                0x08002031   Thumb Code    26  usb_core.o(i.Standard_SetDeviceFeature)
    Standard_SetEndPointFeature              0x08002055   Thumb Code   118  usb_core.o(i.Standard_SetEndPointFeature)
    Standard_SetInterface                    0x080020dd   Thumb Code    60  usb_core.o(i.Standard_SetInterface)
    Suspend                                  0x08002125   Thumb Code   150  usb_pwr.o(i.Suspend)
    SysTick_Handler                          0x080021cd   Thumb Code     2  stm32_it.o(i.SysTick_Handler)
    SystemInit                               0x080021d1   Thumb Code    90  system_stm32f37x.o(i.SystemInit)
    Transfer_Data_Request                    0x0800223d   Thumb Code    42  usb_bot.o(i.Transfer_Data_Request)
    USBWakeUp_IRQHandler                     0x08002271   Thumb Code     8  stm32_it.o(i.USBWakeUp_IRQHandler)
    USB_Cable_Config                         0x08002279   Thumb Code    48  hw_config.o(i.USB_Cable_Config)
    USB_Configured_LED                       0x080022a9   Thumb Code     6  hw_config.o(i.USB_Configured_LED)
    USB_Init                                 0x080022b1   Thumb Code    22  usb_init.o(i.USB_Init)
    USB_Interrupts_Config                    0x080022d9   Thumb Code    62  hw_config.o(i.USB_Interrupts_Config)
    USB_Istr                                 0x08002319   Thumb Code   166  usb_istr.o(i.USB_Istr)
    USB_LP_IRQHandler                        0x080023d5   Thumb Code     4  stm32_it.o(i.USB_LP_IRQHandler)
    USB_NotConfigured_LED                    0x080023d9   Thumb Code     6  hw_config.o(i.USB_NotConfigured_LED)
    USB_SIL_Init                             0x080023e1   Thumb Code    24  usb_sil.o(i.USB_SIL_Init)
    USB_SIL_Read                             0x08002401   Thumb Code    36  usb_sil.o(i.USB_SIL_Read)
    USB_SIL_Write                            0x08002425   Thumb Code    38  usb_sil.o(i.USB_SIL_Write)
    UsageFault_Handler                       0x0800244b   Thumb Code     2  stm32_it.o(i.UsageFault_Handler)
    UserToPMABufferCopy                      0x0800244d   Thumb Code    38  usb_mem.o(i.UserToPMABufferCopy)
    Write_Memory                             0x08002479   Thumb Code   188  memory.o(i.Write_Memory)
    __scatterload_copy                       0x08002551   Thumb Code    14  handlers.o(i.__scatterload_copy)
    __scatterload_null                       0x0800255f   Thumb Code     2  handlers.o(i.__scatterload_null)
    __scatterload_zeroinit                   0x08002561   Thumb Code    14  handlers.o(i.__scatterload_zeroinit)
    main                                     0x08002571   Thumb Code    58  main.o(i.main)
    MASS_DeviceDescriptor                    0x080025b8   Data          18  usb_desc.o(.constdata)
    MASS_ConfigDescriptor                    0x080025ca   Data          32  usb_desc.o(.constdata)
    MASS_StringLangID                        0x080025ea   Data           4  usb_desc.o(.constdata)
    MASS_StringVendor                        0x080025ee   Data          38  usb_desc.o(.constdata)
    MASS_StringProduct                       0x08002614   Data          38  usb_desc.o(.constdata)
    MASS_StringInterface                     0x0800263a   Data          16  usb_desc.o(.constdata)
    COM_TX_AF                                0x0800264c   Data           1  stm32373c_eval.o(.constdata)
    COM_RX_AF                                0x0800264d   Data           1  stm32373c_eval.o(.constdata)
    COM_TX_PIN                               0x0800264e   Data           2  stm32373c_eval.o(.constdata)
    COM_RX_PIN                               0x08002650   Data           2  stm32373c_eval.o(.constdata)
    COM_TX_PIN_SOURCE                        0x08002652   Data           2  stm32373c_eval.o(.constdata)
    COM_RX_PIN_SOURCE                        0x08002654   Data           2  stm32373c_eval.o(.constdata)
    GPIO_PIN                                 0x08002656   Data           4  stm32373c_eval.o(.constdata)
    COM_USART_CLK                            0x0800265c   Data           4  stm32373c_eval.o(.constdata)
    COM_TX_PORT_CLK                          0x08002660   Data           4  stm32373c_eval.o(.constdata)
    COM_RX_PORT_CLK                          0x08002664   Data           4  stm32373c_eval.o(.constdata)
    BUTTON_PORT_SOURCE                       0x08002668   Data           7  stm32373c_eval.o(.constdata)
    BUTTON_PIN_SOURCE                        0x0800266f   Data           7  stm32373c_eval.o(.constdata)
    BUTTON_IRQn                              0x08002676   Data           7  stm32373c_eval.o(.constdata)
    GPIO_CLK                                 0x08002680   Data           8  stm32373c_eval.o(.constdata)
    BUTTON_PIN                               0x08002688   Data          14  stm32373c_eval.o(.constdata)
    BUTTON_CLK                               0x08002698   Data          28  stm32373c_eval.o(.constdata)
    BUTTON_EXTI_LINE                         0x080026b4   Data          14  stm32373c_eval.o(.constdata)
    Region$$Table$$Base                      0x080026c4   Number         0  anon$$obj.o(Region$$Table)
    Region$$Table$$Limit                     0x080026e4   Number         0  anon$$obj.o(Region$$Table)
    EXTI_InitStructure                       0x20000000   Data           8  hw_config.o(.data)
    TimeOut                                  0x20000008   Data           4  main.o(.data)
    Mass_Memory_Size                         0x2000000c   Data           4  mass_mal.o(.data)
    Mass_Block_Size                          0x20000010   Data           4  mass_mal.o(.data)
    Mass_Block_Count                         0x20000014   Data           4  mass_mal.o(.data)
    TransferState                            0x20000f6c   Data           1  memory.o(.data)
    Block_Read_count                         0x20000f70   Data           4  memory.o(.data)
    Counter                                  0x20000f74   Data           4  memory.o(.data)
    Block_offset                             0x20000f88   Data           4  memory.o(.data)
    Idx                                      0x20000f8c   Data           4  memory.o(.data)
    Page00_Inquiry_Data                      0x20000f90   Data           5  scsi_data.o(.data)
    Standard_Inquiry_Data                    0x20000f95   Data          36  scsi_data.o(.data)
    Standard_Inquiry_Data2                   0x20000fb9   Data          36  scsi_data.o(.data)
    Mode_Sense6_data                         0x20000fdd   Data           4  scsi_data.o(.data)
    Mode_Sense10_data                        0x20000fe1   Data           8  scsi_data.o(.data)
    Scsi_Sense_Data                          0x20000fe9   Data          18  scsi_data.o(.data)
    ReadCapacity10_Data                      0x20000ffb   Data           8  scsi_data.o(.data)
    ReadFormatCapacity_Data                  0x20001003   Data          12  scsi_data.o(.data)
    Bot_State                                0x20001010   Data           1  usb_bot.o(.data)
    Data_Len                                 0x20001012   Data           2  usb_bot.o(.data)
    SCSI_LBA                                 0x20001014   Data           4  usb_bot.o(.data)
    SCSI_BlkLen                              0x20001018   Data           4  usb_bot.o(.data)
    MASS_StringSerial                        0x2000101c   Data          26  usb_desc.o(.data)
    bIntPackSOF                              0x20001036   Data           1  usb_istr.o(.data)
    wIstr                                    0x20001038   Data           2  usb_istr.o(.data)
    pEpInt_IN                                0x2000103c   Data          28  usb_istr.o(.data)
    pEpInt_OUT                               0x20001058   Data          28  usb_istr.o(.data)
    Max_Lun                                  0x20001074   Data           4  usb_prop.o(.data)
    Device_Descriptor                        0x20001078   Data           8  usb_prop.o(.data)
    Config_Descriptor                        0x20001080   Data           8  usb_prop.o(.data)
    Device_Property                          0x20001088   Data          48  usb_prop.o(.data)
    String_Descriptor                        0x200010b8   Data          40  usb_prop.o(.data)
    Device_Table                             0x200010e0   Data           2  usb_prop.o(.data)
    User_Standard_Requests                   0x200010e4   Data          36  usb_prop.o(.data)
    ResumeS                                  0x20001108   Data           2  usb_pwr.o(.data)
    bDeviceState                             0x2000110c   Data           4  usb_pwr.o(.data)
    remotewakeupon                           0x20001110   Data           4  usb_pwr.o(.data)
    fSuspendEnabled                          0x20001114   Data           1  usb_pwr.o(.data)
    Data_Mul_MaxPacketSize                   0x20001116   Data           1  usb_core.o(.data)
    StatusInfo                               0x20001118   Data           2  usb_core.o(.data)
    EPindex                                  0x2000111a   Data           1  usb_init.o(.data)
    pInformation                             0x2000111c   Data           4  usb_init.o(.data)
    pProperty                                0x20001120   Data           4  usb_init.o(.data)
    pUser_Standard_Requests                  0x20001124   Data           4  usb_init.o(.data)
    wInterrupt_Mask                          0x20001128   Data           2  usb_init.o(.data)
    SaveRState                               0x2000112a   Data           2  usb_int.o(.data)
    SaveTState                               0x2000112c   Data           2  usb_int.o(.data)
    COM_USART                                0x20001130   Data           4  stm32373c_eval.o(.data)
    COM_TX_PORT                              0x20001134   Data           4  stm32373c_eval.o(.data)
    COM_RX_PORT                              0x20001138   Data           4  stm32373c_eval.o(.data)
    GPIO_PORT                                0x2000113c   Data           8  stm32373c_eval.o(.data)
    BUTTON_PORT                              0x20001144   Data          28  stm32373c_eval.o(.data)
    Page                                     0x20001160   Data        2048  mass_mal.o(.bss)
    Data_Buffer                              0x20001960   Data        2048  memory.o(.bss)
    Bulk_Data_Buff                           0x20002160   Data          64  usb_bot.o(.bss)
    CBW                                      0x200021a0   Data          32  usb_bot.o(.bss)
    CSW                                      0x200021c0   Data          16  usb_bot.o(.bss)
    EP                                       0x200021d0   Data          32  usb_pwr.o(.bss)
    Device_Info                              0x200021f0   Data          28  usb_init.o(.bss)
    __initial_sp                             0x20002610   Data           0  startup_stm32f37x.o(STACK)



==============================================================================

Memory Map of the image

  Image Entry point : 0x08000189

  Load Region LR_IROM1 (Base: 0x08000000, Size: 0x00003844, Max: 0x00040000, ABSOLUTE, COMPRESSED[0x00002c6c])

    Execution Region ER_IROM1 (Base: 0x08000000, Size: 0x000026e4, Max: 0x00040000, ABSOLUTE)

    Base Addr    Size         Type   Attr      Idx    E Section Name        Object

    0x08000000   0x00000188   Data   RO          987    RESET               startup_stm32f37x.o
    0x08000188   0x00000000   Code   RO         3434  * .ARM.Collect$$$$00000000  mc_w.l(entry.o)
    0x08000188   0x00000004   Code   RO         3437    .ARM.Collect$$$$00000001  mc_w.l(entry2.o)
    0x0800018c   0x00000004   Code   RO         3440    .ARM.Collect$$$$00000004  mc_w.l(entry5.o)
    0x08000190   0x00000000   Code   RO         3442    .ARM.Collect$$$$00000008  mc_w.l(entry7b.o)
    0x08000190   0x00000000   Code   RO         3444    .ARM.Collect$$$$0000000A  mc_w.l(entry8b.o)
    0x08000190   0x00000008   Code   RO         3445    .ARM.Collect$$$$0000000B  mc_w.l(entry9a.o)
    0x08000198   0x00000000   Code   RO         3447    .ARM.Collect$$$$0000000D  mc_w.l(entry10a.o)
    0x08000198   0x00000000   Code   RO         3449    .ARM.Collect$$$$0000000F  mc_w.l(entry11a.o)
    0x08000198   0x00000004   Code   RO         3438    .ARM.Collect$$$$00002712  mc_w.l(entry2.o)
    0x0800019c   0x00000024   Code   RO          988    .text               startup_stm32f37x.o
    0x080001c0   0x00000024   Code   RO         3451    .text               mc_w.l(init.o)
    0x080001e4   0x0000005e   Code   RO         3461    .text               mc_w.l(__dclz77c.o)
    0x08000242   0x00000032   Code   RO          420    i.Bot_Abort         usb_bot.o
    0x08000274   0x00000002   Code   RO          863    i.BusFault_Handler  stm32_it.o
    0x08000276   0x0000000a   Code   RO         1236    i.ByteSwap          usb_regs.o
    0x08000280   0x00000198   Code   RO          421    i.CBW_Decode        usb_bot.o
    0x08000418   0x0000015c   Code   RO         1165    i.CTR_LP            usb_int.o
    0x08000574   0x00000028   Code   RO         1237    i.ClearDTOG_RX      usb_regs.o
    0x0800059c   0x00000028   Code   RO         1238    i.ClearDTOG_TX      usb_regs.o
    0x080005c4   0x00000020   Code   RO         1243    i.Clear_Status_Out  usb_regs.o
    0x080005e4   0x000000b4   Code   RO          995    i.DataStageIn       usb_core.o
    0x08000698   0x000000a4   Code   RO          996    i.DataStageOut      usb_core.o
    0x0800073c   0x0000019c   Code   RO          997    i.Data_Setup0       usb_core.o
    0x080008d8   0x00000002   Code   RO          864    i.DebugMon_Handler  stm32_it.o
    0x080008da   0x00000004   Code   RO          509    i.EP1_IN_Callback   usb_endp.o
    0x080008de   0x00000004   Code   RO          510    i.EP2_OUT_Callback  usb_endp.o
    0x080008e2   0x00000002   PAD
    0x080008e4   0x0000000c   Code   RO         1777    i.EXTI_ClearITPendingBit  stm32f37x_exti.o
    0x080008f0   0x00000070   Code   RO         1782    i.EXTI_Init         stm32f37x_exti.o
    0x08000960   0x0000000c   Code   RO         1842    i.FLASH_ClearFlag   stm32f37x_flash.o
    0x0800096c   0x0000003c   Code   RO         1844    i.FLASH_ErasePage   stm32f37x_flash.o
    0x080009a8   0x00000014   Code   RO         1845    i.FLASH_GetFlagStatus  stm32f37x_flash.o
    0x080009bc   0x00000028   Code   RO         1846    i.FLASH_GetStatus   stm32f37x_flash.o
    0x080009e4   0x00000010   Code   RO         1849    i.FLASH_Lock        stm32f37x_flash.o
    0x080009f4   0x0000004c   Code   RO         1868    i.FLASH_ProgramWord  stm32f37x_flash.o
    0x08000a40   0x00000020   Code   RO         1870    i.FLASH_Unlock      stm32f37x_flash.o
    0x08000a60   0x00000024   Code   RO         1871    i.FLASH_WaitForLastOperation  stm32f37x_flash.o
    0x08000a84   0x00000078   Code   RO         2040    i.GPIO_Init         stm32f37x_gpio.o
    0x08000afc   0x00000020   Code   RO         2041    i.GPIO_PinAFConfig  stm32f37x_gpio.o
    0x08000b1c   0x00000004   Code   RO         2048    i.GPIO_SetBits      stm32f37x_gpio.o
    0x08000b20   0x00000020   Code   RO         1255    i.GetEPRxAddr       usb_regs.o
    0x08000b40   0x00000020   Code   RO         1256    i.GetEPRxCount      usb_regs.o
    0x08000b60   0x00000018   Code   RO         1257    i.GetEPRxStatus     usb_regs.o
    0x08000b78   0x0000001c   Code   RO         1258    i.GetEPTxAddr       usb_regs.o
    0x08000b94   0x0000001c   Code   RO          574    i.Get_Max_Lun       usb_prop.o
    0x08000bb0   0x00000034   Code   RO            5    i.Get_SerialNum     hw_config.o
    0x08000be4   0x00000002   Code   RO          865    i.HardFault_Handler  stm32_it.o
    0x08000be6   0x00000002   PAD
    0x08000be8   0x0000005c   Code   RO          998    i.In0_Process       usb_core.o
    0x08000c44   0x00000038   Code   RO            6    i.IntToUnicode      hw_config.o
    0x08000c7c   0x0000001c   Code   RO            7    i.Leave_LowPowerMode  hw_config.o
    0x08000c98   0x00000012   Code   RO            8    i.Led_Config        hw_config.o
    0x08000caa   0x00000006   Code   RO            9    i.Led_RW_OFF        hw_config.o
    0x08000cb0   0x00000006   Code   RO           10    i.Led_RW_ON         hw_config.o
    0x08000cb6   0x00000006   Code   RO           11    i.MAL_Config        hw_config.o
    0x08000cbc   0x00000008   Code   RO          295    i.MAL_GetStatus     mass_mal.o
    0x08000cc4   0x000000b8   Code   RO          296    i.MAL_Init          mass_mal.o
    0x08000d7c   0x000000b8   Code   RO          297    i.MAL_Read          mass_mal.o
    0x08000e34   0x00000140   Code   RO          298    i.MAL_Write         mass_mal.o
    0x08000f74   0x00000040   Code   RO          575    i.MASS_Data_Setup   usb_prop.o
    0x08000fb4   0x0000000c   Code   RO          576    i.MASS_GetConfigDescriptor  usb_prop.o
    0x08000fc0   0x0000000c   Code   RO          577    i.MASS_GetDeviceDescriptor  usb_prop.o
    0x08000fcc   0x00000020   Code   RO          578    i.MASS_GetStringDescriptor  usb_prop.o
    0x08000fec   0x0000000a   Code   RO          579    i.MASS_Get_Interface_Setting  usb_prop.o
    0x08000ff6   0x00000002   PAD
    0x08000ff8   0x00000050   Code   RO          580    i.MASS_NoData_Setup  usb_prop.o
    0x08001048   0x000000e8   Code   RO          581    i.MASS_Reset        usb_prop.o
    0x08001130   0x00000002   Code   RO          582    i.MASS_Status_In    usb_prop.o
    0x08001132   0x00000002   Code   RO          583    i.MASS_Status_Out   usb_prop.o
    0x08001134   0x00000024   Code   RO          584    i.MASS_init         usb_prop.o
    0x08001158   0x0000001c   Code   RO          585    i.Mass_Storage_ClearFeature  usb_prop.o
    0x08001174   0x00000068   Code   RO          422    i.Mass_Storage_In   usb_bot.o
    0x080011dc   0x00000060   Code   RO          423    i.Mass_Storage_Out  usb_bot.o
    0x0800123c   0x00000034   Code   RO          586    i.Mass_Storage_SetConfiguration  usb_prop.o
    0x08001270   0x0000000c   Code   RO          587    i.Mass_Storage_SetDeviceAddress  usb_prop.o
    0x0800127c   0x00000002   Code   RO          866    i.MemManage_Handler  stm32_it.o
    0x0800127e   0x00000002   Code   RO          867    i.NMI_Handler       stm32_it.o
    0x08001280   0x00000002   Code   RO          999    i.NOP_Process       usb_core.o
    0x08001282   0x00000002   PAD
    0x08001284   0x00000064   Code   RO         1644    i.NVIC_Init         stm32f37x_misc.o
    0x080012e8   0x00000014   Code   RO         1645    i.NVIC_PriorityGroupConfig  stm32f37x_misc.o
    0x080012fc   0x000000d4   Code   RO         1000    i.NoData_Setup0     usb_core.o
    0x080013d0   0x00000048   Code   RO         1001    i.Out0_Process      usb_core.o
    0x08001418   0x00000020   Code   RO         1206    i.PMAToUserBufferCopy  usb_mem.o
    0x08001438   0x00000002   Code   RO          868    i.PendSV_Handler    stm32_it.o
    0x0800143a   0x00000002   PAD
    0x0800143c   0x00000044   Code   RO         1002    i.Post0_Process     usb_core.o
    0x08001480   0x0000002c   Code   RO          694    i.PowerOn           usb_pwr.o
    0x080014ac   0x00000018   Code   RO         2220    i.RCC_AHBPeriphClockCmd  stm32f37x_rcc.o
    0x080014c4   0x00000018   Code   RO         2222    i.RCC_APB1PeriphClockCmd  stm32f37x_rcc.o
    0x080014dc   0x00000018   Code   RO         2224    i.RCC_APB2PeriphClockCmd  stm32f37x_rcc.o
    0x080014f4   0x0000000c   Code   RO         2256    i.RCC_USBCLKConfig  stm32f37x_rcc.o
    0x08001500   0x000000c0   Code   RO          344    i.Read_Memory       memory.o
    0x080015c0   0x00000094   Code   RO          695    i.Resume            usb_pwr.o
    0x08001654   0x00000020   Code   RO          696    i.Resume_Init       usb_pwr.o
    0x08001674   0x00000074   Code   RO          749    i.SCSI_Address_Management  usb_scsi.o
    0x080016e8   0x00000030   Code   RO          750    i.SCSI_Format_Cmd   usb_scsi.o
    0x08001718   0x00000034   Code   RO          751    i.SCSI_Inquiry_Cmd  usb_scsi.o
    0x0800174c   0x00000034   Code   RO          752    i.SCSI_Invalid_Cmd  usb_scsi.o
    0x08001780   0x0000000c   Code   RO          753    i.SCSI_ModeSense10_Cmd  usb_scsi.o
    0x0800178c   0x0000000c   Code   RO          754    i.SCSI_ModeSense6_Cmd  usb_scsi.o
    0x08001798   0x00000068   Code   RO          755    i.SCSI_Read10_Cmd   usb_scsi.o
    0x08001800   0x00000070   Code   RO          756    i.SCSI_ReadCapacity10_Cmd  usb_scsi.o
    0x08001870   0x0000006c   Code   RO          757    i.SCSI_ReadFormatCapacity_Cmd  usb_scsi.o
    0x080018dc   0x00000018   Code   RO          758    i.SCSI_RequestSense_Cmd  usb_scsi.o
    0x080018f4   0x00000008   Code   RO          759    i.SCSI_Start_Stop_Unit_Cmd  usb_scsi.o
    0x080018fc   0x00000038   Code   RO          760    i.SCSI_TestUnitReady_Cmd  usb_scsi.o
    0x08001934   0x00000034   Code   RO          762    i.SCSI_Verify10_Cmd  usb_scsi.o
    0x08001968   0x00000064   Code   RO          763    i.SCSI_Write10_Cmd  usb_scsi.o
    0x080019cc   0x00000050   Code   RO         3342    i.STM_EVAL_LEDInit  stm32373c_eval.o
    0x08001a1c   0x00000018   Code   RO         3343    i.STM_EVAL_LEDOff   stm32373c_eval.o
    0x08001a34   0x00000018   Code   RO         3344    i.STM_EVAL_LEDOn    stm32373c_eval.o
    0x08001a4c   0x00000002   Code   RO          869    i.SVC_Handler       stm32_it.o
    0x08001a4e   0x00000002   PAD
    0x08001a50   0x00000010   Code   RO         1266    i.SetBTABLE         usb_regs.o
    0x08001a60   0x00000048   Code   RO         1003    i.SetDeviceAddress  usb_core.o
    0x08001aa8   0x00000020   Code   RO         1280    i.SetEPRxAddr       usb_regs.o
    0x08001ac8   0x00000040   Code   RO         1281    i.SetEPRxCount      usb_regs.o
    0x08001b08   0x00000030   Code   RO         1282    i.SetEPRxStatus     usb_regs.o
    0x08001b38   0x00000024   Code   RO         1283    i.SetEPRxValid      usb_regs.o
    0x08001b5c   0x00000020   Code   RO         1284    i.SetEPTxAddr       usb_regs.o
    0x08001b7c   0x0000001c   Code   RO         1285    i.SetEPTxCount      usb_regs.o
    0x08001b98   0x00000030   Code   RO         1286    i.SetEPTxStatus     usb_regs.o
    0x08001bc8   0x0000001c   Code   RO         1288    i.SetEPType         usb_regs.o
    0x08001be4   0x00000094   Code   RO          947    i.SetSysClock       system_stm32f37x.o
    0x08001c78   0x0000003c   Code   RO          424    i.Set_CSW           usb_bot.o
    0x08001cb4   0x0000000c   Code   RO          764    i.Set_Scsi_Sense_Data  usb_scsi.o
    0x08001cc0   0x000000c0   Code   RO           12    i.Set_System        hw_config.o
    0x08001d80   0x00000014   Code   RO           13    i.Set_USBClock      hw_config.o
    0x08001d94   0x00000068   Code   RO         1004    i.Setup0_Process    usb_core.o
    0x08001dfc   0x000000fc   Code   RO         1005    i.Standard_ClearFeature  usb_core.o
    0x08001ef8   0x00000028   Code   RO         1006    i.Standard_GetConfiguration  usb_core.o
    0x08001f20   0x0000001c   Code   RO         1007    i.Standard_GetDescriptorData  usb_core.o
    0x08001f3c   0x00000028   Code   RO         1008    i.Standard_GetInterface  usb_core.o
    0x08001f64   0x00000094   Code   RO         1009    i.Standard_GetStatus  usb_core.o
    0x08001ff8   0x00000038   Code   RO         1010    i.Standard_SetConfiguration  usb_core.o
    0x08002030   0x00000024   Code   RO         1011    i.Standard_SetDeviceFeature  usb_core.o
    0x08002054   0x00000088   Code   RO         1012    i.Standard_SetEndPointFeature  usb_core.o
    0x080020dc   0x00000048   Code   RO         1013    i.Standard_SetInterface  usb_core.o
    0x08002124   0x000000a8   Code   RO          697    i.Suspend           usb_pwr.o
    0x080021cc   0x00000002   Code   RO          870    i.SysTick_Handler   stm32_it.o
    0x080021ce   0x00000002   PAD
    0x080021d0   0x0000006c   Code   RO          949    i.SystemInit        system_stm32f37x.o
    0x0800223c   0x00000034   Code   RO          425    i.Transfer_Data_Request  usb_bot.o
    0x08002270   0x00000008   Code   RO          871    i.USBWakeUp_IRQHandler  stm32_it.o
    0x08002278   0x00000030   Code   RO           14    i.USB_Cable_Config  hw_config.o
    0x080022a8   0x00000006   Code   RO           15    i.USB_Configured_LED  hw_config.o
    0x080022ae   0x00000002   PAD
    0x080022b0   0x00000028   Code   RO         1126    i.USB_Init          usb_init.o
    0x080022d8   0x0000003e   Code   RO           16    i.USB_Interrupts_Config  hw_config.o
    0x08002316   0x00000002   PAD
    0x08002318   0x000000bc   Code   RO          542    i.USB_Istr          usb_istr.o
    0x080023d4   0x00000004   Code   RO          872    i.USB_LP_IRQHandler  stm32_it.o
    0x080023d8   0x00000006   Code   RO           17    i.USB_NotConfigured_LED  hw_config.o
    0x080023de   0x00000002   PAD
    0x080023e0   0x00000020   Code   RO         1608    i.USB_SIL_Init      usb_sil.o
    0x08002400   0x00000024   Code   RO         1609    i.USB_SIL_Read      usb_sil.o
    0x08002424   0x00000026   Code   RO         1610    i.USB_SIL_Write     usb_sil.o
    0x0800244a   0x00000002   Code   RO          873    i.UsageFault_Handler  stm32_it.o
    0x0800244c   0x0000002c   Code   RO         1207    i.UserToPMABufferCopy  usb_mem.o
    0x08002478   0x000000d8   Code   RO          345    i.Write_Memory      memory.o
    0x08002550   0x0000000e   Code   RO         3455    i.__scatterload_copy  mc_w.l(handlers.o)
    0x0800255e   0x00000002   Code   RO         3456    i.__scatterload_null  mc_w.l(handlers.o)
    0x08002560   0x0000000e   Code   RO         3457    i.__scatterload_zeroinit  mc_w.l(handlers.o)
    0x0800256e   0x00000002   PAD
    0x08002570   0x00000048   Code   RO          266    i.main              main.o
    0x080025b8   0x00000012   Data   RO          479    .constdata          usb_desc.o
    0x080025ca   0x00000020   Data   RO          480    .constdata          usb_desc.o
    0x080025ea   0x00000004   Data   RO          481    .constdata          usb_desc.o
    0x080025ee   0x00000026   Data   RO          482    .constdata          usb_desc.o
    0x08002614   0x00000026   Data   RO          483    .constdata          usb_desc.o
    0x0800263a   0x00000010   Data   RO          484    .constdata          usb_desc.o
    0x0800264a   0x00000002   PAD
    0x0800264c   0x00000076   Data   RO         3350    .constdata          stm32373c_eval.o
    0x080026c2   0x00000002   PAD
    0x080026c4   0x00000020   Data   RO         3453    Region$$Table       anon$$obj.o


    Execution Region RW_IRAM1 (Base: 0x20000000, Size: 0x00002610, Max: 0x00008000, ABSOLUTE, COMPRESSED[0x00000588])

    Base Addr    Size         Type   Attr      Idx    E Section Name        Object

    0x20000000   0x00000008   Data   RW           19    .data               hw_config.o
    0x20000008   0x00000004   Data   RW          267    .data               main.o
    0x2000000c   0x00000f5e   Data   RW          300    .data               mass_mal.o
    0x20000f6a   0x00000002   PAD
    0x20000f6c   0x00000024   Data   RW          347    .data               memory.o
    0x20000f90   0x00000005   Data   RW          389    .data               scsi_data.o
    0x20000f95   0x00000024   Data   RW          390    .data               scsi_data.o
    0x20000fb9   0x00000024   Data   RW          391    .data               scsi_data.o
    0x20000fdd   0x00000004   Data   RW          392    .data               scsi_data.o
    0x20000fe1   0x00000008   Data   RW          393    .data               scsi_data.o
    0x20000fe9   0x00000012   Data   RW          394    .data               scsi_data.o
    0x20000ffb   0x00000008   Data   RW          395    .data               scsi_data.o
    0x20001003   0x0000000c   Data   RW          396    .data               scsi_data.o
    0x2000100f   0x00000001   PAD
    0x20001010   0x0000000c   Data   RW          427    .data               usb_bot.o
    0x2000101c   0x0000001a   Data   RW          485    .data               usb_desc.o
    0x20001036   0x00000004   Data   RW          543    .data               usb_istr.o
    0x2000103a   0x00000002   PAD
    0x2000103c   0x0000001c   Data   RW          544    .data               usb_istr.o
    0x20001058   0x0000001c   Data   RW          545    .data               usb_istr.o
    0x20001074   0x0000006c   Data   RW          588    .data               usb_prop.o
    0x200010e0   0x00000002   Data   RW          589    .data               usb_prop.o
    0x200010e2   0x00000002   PAD
    0x200010e4   0x00000024   Data   RW          590    .data               usb_prop.o
    0x20001108   0x0000000c   Data   RW          699    .data               usb_pwr.o
    0x20001114   0x00000001   Data   RW          700    .data               usb_pwr.o
    0x20001115   0x00000001   PAD
    0x20001116   0x00000004   Data   RW         1014    .data               usb_core.o
    0x2000111a   0x00000001   Data   RW         1128    .data               usb_init.o
    0x2000111b   0x00000001   PAD
    0x2000111c   0x0000000c   Data   RW         1129    .data               usb_init.o
    0x20001128   0x00000002   Data   RW         1131    .data               usb_init.o
    0x2000112a   0x00000004   Data   RW         1166    .data               usb_int.o
    0x2000112e   0x00000002   PAD
    0x20001130   0x00000030   Data   RW         3351    .data               stm32373c_eval.o
    0x20001160   0x00000800   Zero   RW          299    .bss                mass_mal.o
    0x20001960   0x00000800   Zero   RW          346    .bss                memory.o
    0x20002160   0x00000070   Zero   RW          426    .bss                usb_bot.o
    0x200021d0   0x00000020   Zero   RW          698    .bss                usb_pwr.o
    0x200021f0   0x0000001c   Zero   RW         1127    .bss                usb_init.o
    0x2000220c   0x00000004   PAD
    0x20002210   0x00000400   Zero   RW          985    STACK               startup_stm32f37x.o


==============================================================================

Image component sizes


      Code (inc. data)   RO Data    RW Data    ZI Data      Debug   Object Name

       506         24          0          8          0     204314   hw_config.o
        72         14          0          4          0       1249   main.o
       696         46          0       3934       2048       5007   mass_mal.o
       408         48          0         36       2048       3804   memory.o
         0          0          0        127          0       1010   scsi_data.o
        36          8        392          0       1024        952   startup_stm32f37x.o
       128         24        118         48          0       3674   stm32373c_eval.o
        30          0          0          0          0       5105   stm32_it.o
       124         10          0          0          0       1777   stm32f37x_exti.o
       292         46          0          0          0       6025   stm32f37x_flash.o
       156          0          0          0          0       2634   stm32f37x_gpio.o
       120         16          0          0          0       1823   stm32f37x_misc.o
        84         22          0          0          0       2573   stm32f37x_rcc.o
       256         26          0          0          0       1569   system_stm32f37x.o
       770         66          0         12        112       5255   usb_bot.o
      2186        284          0          4          0      16487   usb_core.o
         0          0        146         26          0        916   usb_desc.o
         8          0          0          0          0        925   usb_endp.o
        40         18          0         15         28       4290   usb_init.o
       348         30          0          4          0       1856   usb_int.o
       188         22          0         60          0       1472   usb_istr.o
        76         12          0          0          0       1940   usb_mem.o
       602        126          0        146          0      11546   usb_prop.o
       392         46          0         13         32       3884   usb_pwr.o
       570        102          0          0          0      10894   usb_regs.o
       868        128          0          0          0       9869   usb_scsi.o
       106          8          0          0          0       2382   usb_sil.o

    ----------------------------------------------------------------------
      9082       1126        692       4448       5296     313232   Object Totals
         0          0         32          0          0          0   (incl. Generated)
        20          0          4         11          4          0   (incl. Padding)

    ----------------------------------------------------------------------

      Code (inc. data)   RO Data    RW Data    ZI Data      Debug   Library Member Name

        94          0          0          0          0          0   __dclz77c.o
         0          0          0          0          0          0   entry.o
         0          0          0          0          0          0   entry10a.o
         0          0          0          0          0          0   entry11a.o
         8          4          0          0          0          0   entry2.o
         4          0          0          0          0          0   entry5.o
         0          0          0          0          0          0   entry7b.o
         0          0          0          0          0          0   entry8b.o
         8          4          0          0          0          0   entry9a.o
        30          0          0          0          0          0   handlers.o
        36          8          0          0          0         68   init.o

    ----------------------------------------------------------------------
       182         16          0          0          0         68   Library Totals
         2          0          0          0          0          0   (incl. Padding)

    ----------------------------------------------------------------------

      Code (inc. data)   RO Data    RW Data    ZI Data      Debug   Library Name

       180         16          0          0          0         68   mc_w.l

    ----------------------------------------------------------------------
       182         16          0          0          0         68   Library Totals

    ----------------------------------------------------------------------

==============================================================================


      Code (inc. data)   RO Data    RW Data    ZI Data      Debug   

      9264       1142        692       4448       5296     300384   Grand Totals
      9264       1142        692       1416       5296     300384   ELF Image Totals (compressed)
      9264       1142        692       1416          0          0   ROM Totals

==============================================================================

    Total RO  Size (Code + RO Data)                 9956 (   9.72kB)
    Total RW  Size (RW Data + ZI Data)              9744 (   9.52kB)
    Total ROM Size (Code + RO Data + RW Data)      11372 (  11.11kB)

==============================================================================

